Archive member included to satisfy reference by file (symbol)

D:/msys2/ucrt64/bin/../lib/gcc/arm-none-eabi/13.3.0/../../../../arm-none-eabi/lib/thumb/v7e-m+fp/hard\libc_nano.a(libc_a-atexit.o)
                              D:/msys2/ucrt64/bin/../lib/gcc/arm-none-eabi/13.3.0/../../../../arm-none-eabi/lib/thumb/v7e-m+fp/hard/crt0.o (atexit)
D:/msys2/ucrt64/bin/../lib/gcc/arm-none-eabi/13.3.0/../../../../arm-none-eabi/lib/thumb/v7e-m+fp/hard\libc_nano.a(libc_a-exit.o)
                              D:/msys2/ucrt64/bin/../lib/gcc/arm-none-eabi/13.3.0/../../../../arm-none-eabi/lib/thumb/v7e-m+fp/hard/crt0.o (exit)
D:/msys2/ucrt64/bin/../lib/gcc/arm-none-eabi/13.3.0/../../../../arm-none-eabi/lib/thumb/v7e-m+fp/hard\libc_nano.a(libc_a-findfp.o)
                              D:/msys2/ucrt64/bin/../lib/gcc/arm-none-eabi/13.3.0/../../../../arm-none-eabi/lib/thumb/v7e-m+fp/hard\libc_nano.a(libc_a-exit.o) (__stdio_exit_handler)
D:/msys2/ucrt64/bin/../lib/gcc/arm-none-eabi/13.3.0/../../../../arm-none-eabi/lib/thumb/v7e-m+fp/hard\libc_nano.a(libc_a-fwalk.o)
                              D:/msys2/ucrt64/bin/../lib/gcc/arm-none-eabi/13.3.0/../../../../arm-none-eabi/lib/thumb/v7e-m+fp/hard\libc_nano.a(libc_a-findfp.o) (_fwalk_sglue)
D:/msys2/ucrt64/bin/../lib/gcc/arm-none-eabi/13.3.0/../../../../arm-none-eabi/lib/thumb/v7e-m+fp/hard\libc_nano.a(libc_a-stdio.o)
                              D:/msys2/ucrt64/bin/../lib/gcc/arm-none-eabi/13.3.0/../../../../arm-none-eabi/lib/thumb/v7e-m+fp/hard\libc_nano.a(libc_a-findfp.o) (__sread)
D:/msys2/ucrt64/bin/../lib/gcc/arm-none-eabi/13.3.0/../../../../arm-none-eabi/lib/thumb/v7e-m+fp/hard\libc_nano.a(libc_a-memset.o)
                              D:/msys2/ucrt64/bin/../lib/gcc/arm-none-eabi/13.3.0/../../../../arm-none-eabi/lib/thumb/v7e-m+fp/hard/crt0.o (memset)
D:/msys2/ucrt64/bin/../lib/gcc/arm-none-eabi/13.3.0/../../../../arm-none-eabi/lib/thumb/v7e-m+fp/hard\libc_nano.a(libc_a-closer.o)
                              D:/msys2/ucrt64/bin/../lib/gcc/arm-none-eabi/13.3.0/../../../../arm-none-eabi/lib/thumb/v7e-m+fp/hard\libc_nano.a(libc_a-stdio.o) (_close_r)
D:/msys2/ucrt64/bin/../lib/gcc/arm-none-eabi/13.3.0/../../../../arm-none-eabi/lib/thumb/v7e-m+fp/hard\libc_nano.a(libc_a-reent.o)
                              D:/msys2/ucrt64/bin/../lib/gcc/arm-none-eabi/13.3.0/../../../../arm-none-eabi/lib/thumb/v7e-m+fp/hard\libc_nano.a(libc_a-closer.o) (errno)
D:/msys2/ucrt64/bin/../lib/gcc/arm-none-eabi/13.3.0/../../../../arm-none-eabi/lib/thumb/v7e-m+fp/hard\libc_nano.a(libc_a-impure.o)
                              D:/msys2/ucrt64/bin/../lib/gcc/arm-none-eabi/13.3.0/../../../../arm-none-eabi/lib/thumb/v7e-m+fp/hard\libc_nano.a(libc_a-reent.o) (_impure_ptr)
D:/msys2/ucrt64/bin/../lib/gcc/arm-none-eabi/13.3.0/../../../../arm-none-eabi/lib/thumb/v7e-m+fp/hard\libc_nano.a(libc_a-lseekr.o)
                              D:/msys2/ucrt64/bin/../lib/gcc/arm-none-eabi/13.3.0/../../../../arm-none-eabi/lib/thumb/v7e-m+fp/hard\libc_nano.a(libc_a-stdio.o) (_lseek_r)
D:/msys2/ucrt64/bin/../lib/gcc/arm-none-eabi/13.3.0/../../../../arm-none-eabi/lib/thumb/v7e-m+fp/hard\libc_nano.a(libc_a-readr.o)
                              D:/msys2/ucrt64/bin/../lib/gcc/arm-none-eabi/13.3.0/../../../../arm-none-eabi/lib/thumb/v7e-m+fp/hard\libc_nano.a(libc_a-stdio.o) (_read_r)
D:/msys2/ucrt64/bin/../lib/gcc/arm-none-eabi/13.3.0/../../../../arm-none-eabi/lib/thumb/v7e-m+fp/hard\libc_nano.a(libc_a-writer.o)
                              D:/msys2/ucrt64/bin/../lib/gcc/arm-none-eabi/13.3.0/../../../../arm-none-eabi/lib/thumb/v7e-m+fp/hard\libc_nano.a(libc_a-stdio.o) (_write_r)
D:/msys2/ucrt64/bin/../lib/gcc/arm-none-eabi/13.3.0/../../../../arm-none-eabi/lib/thumb/v7e-m+fp/hard\libc_nano.a(libc_a-init.o)
                              D:/msys2/ucrt64/bin/../lib/gcc/arm-none-eabi/13.3.0/../../../../arm-none-eabi/lib/thumb/v7e-m+fp/hard/crt0.o (__libc_init_array)
D:/msys2/ucrt64/bin/../lib/gcc/arm-none-eabi/13.3.0/../../../../arm-none-eabi/lib/thumb/v7e-m+fp/hard\libc_nano.a(libc_a-fini.o)
                              D:/msys2/ucrt64/bin/../lib/gcc/arm-none-eabi/13.3.0/../../../../arm-none-eabi/lib/thumb/v7e-m+fp/hard/crt0.o (__libc_fini_array)
D:/msys2/ucrt64/bin/../lib/gcc/arm-none-eabi/13.3.0/../../../../arm-none-eabi/lib/thumb/v7e-m+fp/hard\libc_nano.a(libc_a-lock.o)
                              D:/msys2/ucrt64/bin/../lib/gcc/arm-none-eabi/13.3.0/../../../../arm-none-eabi/lib/thumb/v7e-m+fp/hard\libc_nano.a(libc_a-findfp.o) (__retarget_lock_init_recursive)
D:/msys2/ucrt64/bin/../lib/gcc/arm-none-eabi/13.3.0/../../../../arm-none-eabi/lib/thumb/v7e-m+fp/hard\libc_nano.a(libc_a-__atexit.o)
                              D:/msys2/ucrt64/bin/../lib/gcc/arm-none-eabi/13.3.0/../../../../arm-none-eabi/lib/thumb/v7e-m+fp/hard\libc_nano.a(libc_a-atexit.o) (__register_exitproc)
D:/msys2/ucrt64/bin/../lib/gcc/arm-none-eabi/13.3.0/../../../../arm-none-eabi/lib/thumb/v7e-m+fp/hard\libc_nano.a(libc_a-__call_atexit.o)
[...]
Memory Configuration

Name             Origin             Length             Attributes
RAM              0x20000000         0x00020000         xrw
FLASH            0x08000000         0x00020000         xr
*default*        0x00000000         0xffffffff

Linker script and memory map

LOAD D:/msys2/ucrt64/bin/../lib/gcc/arm-none-eabi/13.3.0/thumb/v7e-m+fp/hard/crti.o
LOAD D:/msys2/ucrt64/bin/../lib/gcc/arm-none-eabi/13.3.0/thumb/v7e-m+fp/hard/crtbegin.o
LOAD D:/msys2/ucrt64/bin/../lib/gcc/arm-none-eabi/13.3.0/../../../../arm-none-eabi/lib/thumb/v7e-m+fp/hard/crt0.o
START GROUP
LOAD D:/msys2/ucrt64/bin/../lib/gcc/arm-none-eabi/13.3.0/../../../../arm-none-eabi/lib/thumb/v7e-m+fp/hard\libc_nano.a
LOAD D:/msys2/ucrt64/bin/../lib/gcc/arm-none-eabi/13.3.0/../../../../arm-none-eabi/lib/thumb/v7e-m+fp/hard\libm.a
END GROUP
LOAD CMakeFiles/Inverter_1.0.dir/User/collection/collection.c.obj
LOAD CMakeFiles/Inverter_1.0.dir/User/task/task.c.obj
LOAD CMakeFiles/Inverter_1.0.dir/User/pid/pid.c.obj
LOAD CMakeFiles/Inverter_1.0.dir/User/bsp_soft_iic/bsp_soft_iic.c.obj
LOAD CMakeFiles/Inverter_1.0.dir/User/oled/oled.c.obj
LOAD CMakeFiles/Inverter_1.0.dir/User/ask/ask.c.obj
LOAD CMakeFiles/Inverter_1.0.dir/User/delaytrigger/delaytrigger.c.obj
LOAD CMakeFiles/Inverter_1.0.dir/User/user_math/user_math.c.obj
LOAD CMakeFiles/Inverter_1.0.dir/User/jlink_rtt/SEGGER_RTT.c.obj
LOAD CMakeFiles/Inverter_1.0.dir/User/halfbridge_controller/halfbridge_ctrl.c.obj
LOAD CMakeFiles/Inverter_1.0.dir/Core/Src/main.c.obj
LOAD CMakeFiles/Inverter_1.0.dir/Core/Src/gpio.c.obj
LOAD CMakeFiles/Inverter_1.0.dir/Core/Src/adc.c.obj
LOAD CMakeFiles/Inverter_1.0.dir/Core/Src/dac.c.obj
LOAD CMakeFiles/Inverter_1.0.dir/Core/Src/dma.c.obj
LOAD CMakeFiles/Inverter_1.0.dir/Core/Src/hrtim.c.obj
LOAD CMakeFiles/Inverter_1.0.dir/Core/Src/lptim.c.obj
LOAD CMakeFiles/Inverter_1.0.dir/Core/Src/tim.c.obj
LOAD CMakeFiles/Inverter_1.0.dir/Core/Src/usart.c.obj
LOAD CMakeFiles/Inverter_1.0.dir/Core/Src/stm32g4xx_it.c.obj
LOAD CMakeFiles/Inverter_1.0.dir/Core/Src/stm32g4xx_hal_msp.c.obj
LOAD CMakeFiles/Inverter_1.0.dir/Drivers/STM32G4xx_HAL_Driver/Src/stm32g4xx_hal_adc.c.obj
LOAD CMakeFiles/Inverter_1.0.dir/Drivers/STM32G4xx_HAL_Driver/Src/stm32g4xx_hal_adc_ex.c.obj
LOAD CMakeFiles/Inverter_1.0.dir/Drivers/STM32G4xx_HAL_Driver/Src/stm32g4xx_ll_adc.c.obj
LOAD CMakeFiles/Inverter_1.0.dir/Drivers/STM32G4xx_HAL_Driver/Src/stm32g4xx_hal.c.obj
LOAD CMakeFiles/Inverter_1.0.dir/Drivers/STM32G4xx_HAL_Driver/Src/stm32g4xx_hal_rcc.c.obj
LOAD CMakeFiles/Inverter_1.0.dir/Drivers/STM32G4xx_HAL_Driver/Src/stm32g4xx_hal_rcc_ex.c.obj
LOAD CMakeFiles/Inverter_1.0.dir/Drivers/STM32G4xx_HAL_Driver/Src/stm32g4xx_hal_flash.c.obj
LOAD CMakeFiles/Inverter_1.0.dir/Drivers/STM32G4xx_HAL_Driver/Src/stm32g4xx_hal_flash_ex.c.obj
LOAD CMakeFiles/Inverter_1.0.dir/Drivers/STM32G4xx_HAL_Driver/Src/stm32g4xx_hal_flash_ramfunc.c.obj
LOAD CMakeFiles/Inverter_1.0.dir/Drivers/STM32G4xx_HAL_Driver/Src/stm32g4xx_hal_gpio.c.obj
LOAD CMakeFiles/Inverter_1.0.dir/Drivers/STM32G4xx_HAL_Driver/Src/stm32g4xx_hal_exti.c.obj
LOAD CMakeFiles/Inverter_1.0.dir/Drivers/STM32G4xx_HAL_Driver/Src/stm32g4xx_hal_dma.c.obj
LOAD CMakeFiles/Inverter_1.0.dir/Drivers/STM32G4xx_HAL_Driver/Src/stm32g4xx_hal_dma_ex.c.obj
LOAD CMakeFiles/Inverter_1.0.dir/Drivers/STM32G4xx_HAL_Driver/Src/stm32g4xx_hal_pwr.c.obj
LOAD CMakeFiles/Inverter_1.0.dir/Drivers/STM32G4xx_HAL_Driver/Src/stm32g4xx_hal_pwr_ex.c.obj
LOAD CMakeFiles/Inverter_1.0.dir/Drivers/STM32G4xx_HAL_Driver/Src/stm32g4xx_hal_cortex.c.obj
LOAD CMakeFiles/Inverter_1.0.dir/Drivers/STM32G4xx_HAL_Driver/Src/stm32g4xx_hal_dac.c.obj
LOAD CMakeFiles/Inverter_1.0.dir/Drivers/STM32G4xx_HAL_Driver/Src/stm32g4xx_hal_dac_ex.c.obj
LOAD CMakeFiles/Inverter_1.0.dir/Drivers/STM32G4xx_HAL_Driver/Src/stm32g4xx_hal_hrtim.c.obj
LOAD CMakeFiles/Inverter_1.0.dir/Drivers/STM32G4xx_HAL_Driver/Src/stm32g4xx_hal_lptim.c.obj
LOAD CMakeFiles/Inverter_1.0.dir/Drivers/STM32G4xx_HAL_Driver/Src/stm32g4xx_hal_tim.c.obj
LOAD CMakeFiles/Inverter_1.0.dir/Drivers/STM32G4xx_HAL_Driver/Src/stm32g4xx_hal_tim_ex.c.obj
LOAD CMakeFiles/Inverter_1.0.dir/Drivers/STM32G4xx_HAL_Driver/Src/stm32g4xx_hal_uart.c.obj
LOAD CMakeFiles/Inverter_1.0.dir/Drivers/STM32G4xx_HAL_Driver/Src/stm32g4xx_hal_uart_ex.c.obj
LOAD CMakeFiles/Inverter_1.0.dir/Core/Src/system_stm32g4xx.c.obj
LOAD CMakeFiles/Inverter_1.0.dir/Core/Src/sysmem.c.obj
LOAD CMakeFiles/Inverter_1.0.dir/Core/Src/syscalls.c.obj
LOAD CMakeFiles/Inverter_1.0.dir/startup_stm32g474xx.s.obj
LOAD D:/ace/stm_cpp/WirelessCharge/cmake/stm32cubemx/../../Middlewares/ST/ARM/DSP/Lib/libarm_cortexM4lf_math.a
START GROUP
LOAD D:/msys2/ucrt64/bin/../lib/gcc/arm-none-eabi/13.3.0/thumb/v7e-m+fp/hard\libgcc.a
LOAD D:/msys2/ucrt64/bin/../lib/gcc/arm-none-eabi/13.3.0/../../../../arm-none-eabi/lib/thumb/v7e-m+fp/hard\libg_nano.a
LOAD D:/msys2/ucrt64/bin/../lib/gcc/arm-none-eabi/13.3.0/../../../../arm-none-eabi/lib/thumb/v7e-m+fp/hard\libc_nano.a
END GROUP
START GROUP
LOAD D:/msys2/ucrt64/bin/../lib/gcc/arm-none-eabi/13.3.0/thumb/v7e-m+fp/hard\libgcc.a
LOAD D:/msys2/ucrt64/bin/../lib/gcc/arm-none-eabi/13.3.0/../../../../arm-none-eabi/lib/thumb/v7e-m+fp/hard\libc_nano.a
END GROUP
LOAD D:/msys2/ucrt64/bin/../lib/gcc/arm-none-eabi/13.3.0/thumb/v7e-m+fp/hard/crtend.o
LOAD D:/msys2/ucrt64/bin/../lib/gcc/arm-none-eabi/13.3.0/thumb/v7e-m+fp/hard/crtn.o
                0x20020000                        _estack = (ORIGIN (RAM) + LENGTH (RAM))
                0x00002000                        _Min_Heap_Size = 0x2000
                0x00004000                        _Min_Stack_Size = 0x4000

.isr_vector     0x08000000      0x1d8
                0x08000000                        . = ALIGN (0x4)
 *(.isr_vector)
 .isr_vector    0x08000000      0x1d8 CMakeFiles/Inverter_1.0.dir/startup_stm32g474xx.s.obj
                0x08000000                g_pfnVectors
                0x080001d8                        . = ALIGN (0x4)

.text           0x080001d8     0xb698
                0x080001d8                        . = ALIGN (0x4)
 *(.text)
 .text          0x080001d8       0xa4 D:/msys2/ucrt64/bin/../lib/gcc/arm-none-eabi/13.3.0/../../../../arm-none-eabi/lib/thumb/v7e-m+fp/hard\libc_nano.a(libc_a-memset.o)
                0x080001d8                memset
 .text          0x0800027c       0x50 D:/msys2/ucrt64/bin/../lib/gcc/arm-none-eabi/13.3.0/../../../../arm-none-eabi/lib/thumb/v7e-m+fp/hard\libc_nano.a(libc_a-init.o)
                0x0800027c                __libc_init_array
 .text          0x080002cc      0x378 D:/msys2/ucrt64/bin/../lib/gcc/arm-none-eabi/13.3.0/thumb/v7e-m+fp/hard\libgcc.a(_arm_addsubdf3.o)
                0x080002cc                __aeabi_drsub
                0x080002d4                __aeabi_dsub
                0x080002d4                __subdf3
                0x080002d8                __aeabi_dadd
                0x080002d8                __adddf3
                0x08000550                __floatunsidf
                0x08000550                __aeabi_ui2d
                0x08000570                __floatsidf
                0x08000570                __aeabi_i2d
                0x08000594                __aeabi_f2d
                0x08000594                __extendsfdf2
                0x080005d8                __floatundidf
                0x080005d8                __aeabi_ul2d
                0x080005e8                __floatdidf
                0x080005e8                __aeabi_l2d
 .text          0x08000644      0x424 D:/msys2/ucrt64/bin/../lib/gcc/arm-none-eabi/13.3.0/thumb/v7e-m+fp/hard\libgcc.a(_arm_muldivdf3.o)
                0x08000644                __aeabi_dmul
                0x08000644                __muldf3
                0x08000898                __divdf3
                0x08000898                __aeabi_ddiv
 .text          0x08000a68       0x40 D:/msys2/ucrt64/bin/../lib/gcc/arm-none-eabi/13.3.0/thumb/v7e-m+fp/hard\libgcc.a(_arm_fixunsdfsi.o)
                0x08000a68                __aeabi_d2uiz
                0x08000a68                __fixunsdfsi
 .text          0x08000aa8       0x30 D:/msys2/ucrt64/bin/../lib/gcc/arm-none-eabi/13.3.0/thumb/v7e-m+fp/hard\libgcc.a(_aeabi_uldivmod.o)
                0x08000aa8                __aeabi_uldivmod
 .text          0x08000ad8        0x4 D:/msys2/ucrt64/bin/../lib/gcc/arm-none-eabi/13.3.0/thumb/v7e-m+fp/hard\libgcc.a(_dvmd_tls.o)
                0x08000ad8                __aeabi_idiv0
                0x08000ad8                __aeabi_ldiv0
 *(.text*)
 .text.__do_global_dtors_aux
                0x08000adc       0x24 D:/msys2/ucrt64/bin/../lib/gcc/arm-none-eabi/13.3.0/thumb/v7e-m+fp/hard/crtbegin.o
 .text.frame_dummy
                0x08000b00       0x1c D:/msys2/ucrt64/bin/../lib/gcc/arm-none-eabi/13.3.0/thumb/v7e-m+fp/hard/crtbegin.o
 .text.collection_init
                0x08000b1c      0x22c CMakeFiles/Inverter_1.0.dir/User/collection/collection.c.obj
                0x08000b1c                collection_init
 .text.collection_start
                0x08000d48       0x90 CMakeFiles/Inverter_1.0.dir/User/collection/collection.c.obj
                0x08000d48                collection_start
 .text.HAL_ADC_ConvCpltCallback
                0x08000dd8       0x36 CMakeFiles/Inverter_1.0.dir/User/collection/collection.c.obj
                0x08000dd8                HAL_ADC_ConvCpltCallback
 .text.collection_apply_filter
                0x08000e0e       0x6a CMakeFiles/Inverter_1.0.dir/User/collection/collection.c.obj
 .text.collection_process_group
                0x08000e78      0x1c4 CMakeFiles/Inverter_1.0.dir/User/collection/collection.c.obj
 .text.collection_find_group
                0x0800103c       0x54 CMakeFiles/Inverter_1.0.dir/User/collection/collection.c.obj
 .text.collection_validate_group
                0x08001090       0xb0 CMakeFiles/Inverter_1.0.dir/User/collection/collection.c.obj
 .text.collection_sum_samples
                0x08001140       0xa4 CMakeFiles/Inverter_1.0.dir/User/collection/collection.c.obj
 .text.collection_feed_ask_buffer
                0x080011e4       0x68 CMakeFiles/Inverter_1.0.dir/User/collection/collection.c.obj
 .text.collection_capture_adc2_ask_raw
                0x0800124c      0x11c CMakeFiles/Inverter_1.0.dir/User/collection/collection.c.obj
 .text.collection_post_process_adc2
                0x08001368       0x26 CMakeFiles/Inverter_1.0.dir/User/collection/collection.c.obj
 *fill*         0x0800138e        0x2 
 .text.task_init
                0x08001390       0x3c CMakeFiles/Inverter_1.0.dir/User/task/task.c.obj
                0x08001390                task_init
 .text.duty_update
                0x080013cc      0x12c CMakeFiles/Inverter_1.0.dir/User/task/task.c.obj
                0x080013cc                duty_update
 .text.HAL_TIM_PeriodElapsedCallback
                0x080014f8       0x30 CMakeFiles/Inverter_1.0.dir/User/task/task.c.obj
                0x080014f8                HAL_TIM_PeriodElapsedCallback
 .text.HAL_LPTIM_CompareMatchCallback
                0x08001528       0x38 CMakeFiles/Inverter_1.0.dir/User/task/task.c.obj
                0x08001528                HAL_LPTIM_CompareMatchCallback
 .text.HAL_GPIO_EXTI_Callback
                0x08001560       0xd0 CMakeFiles/Inverter_1.0.dir/User/task/task.c.obj
                0x08001560                HAL_GPIO_EXTI_Callback
 .text.ensure_tim6_started
                0x08001630       0x24 CMakeFiles/Inverter_1.0.dir/User/task/task.c.obj
 .text.power_stage_enable_charging
                0x08001654       0x44 CMakeFiles/Inverter_1.0.dir/User/task/task.c.obj
 .text.resume_active_mode
                0x08001698       0x24 CMakeFiles/Inverter_1.0.dir/User/task/task.c.obj
 .text.set_normal_waveform
                0x080016bc       0x44 CMakeFiles/Inverter_1.0.dir/User/task/task.c.obj
 .text.HAL_UARTEx_RxEventCallback
                0x08001700       0x18 CMakeFiles/Inverter_1.0.dir/User/task/task.c.obj
                0x08001700                HAL_UARTEx_RxEventCallback
 .text.pid_init
                0x08001718       0xb4 CMakeFiles/Inverter_1.0.dir/User/pid/pid.c.obj
                0x08001718                pid_init
 .text.ask_debug_set_pb3
                0x080017cc       0x30 CMakeFiles/Inverter_1.0.dir/User/ask/ask.c.obj
 .text.ASK_Decode
                0x080017fc      0x260 CMakeFiles/Inverter_1.0.dir/User/ask/ask.c.obj
                0x080017fc                ASK_Decode
 .text.ask_init
                0x08001a5c       0xac CMakeFiles/Inverter_1.0.dir/User/ask/ask.c.obj
                0x08001a5c                ask_init
 .text.commuResultFlipCallback
                0x08001b08       0x64 CMakeFiles/Inverter_1.0.dir/User/ask/ask.c.obj
                0x08001b08                commuResultFlipCallback
 .text.newBitCome
                0x08001b6c       0x90 CMakeFiles/Inverter_1.0.dir/User/ask/ask.c.obj
                0x08001b6c                newBitCome
 .text.decode20BitsBuffer
                0x08001bfc      0x154 CMakeFiles/Inverter_1.0.dir/User/ask/ask.c.obj
                0x08001bfc                decode20BitsBuffer
 .text.DelayedTrigger_Init
                0x08001d50       0x38 CMakeFiles/Inverter_1.0.dir/User/delaytrigger/delaytrigger.c.obj
                0x08001d50                DelayedTrigger_Init
 .text.DelayedTrigger_InitWithTimeout
                0x08001d88       0x1e CMakeFiles/Inverter_1.0.dir/User/delaytrigger/delaytrigger.c.obj
                0x08001d88                DelayedTrigger_InitWithTimeout
 .text.DelayedTrigger_Update
                0x08001da6       0x64 CMakeFiles/Inverter_1.0.dir/User/delaytrigger/delaytrigger.c.obj
                0x08001da6                DelayedTrigger_Update
 .text.DelayedTrigger_Reset
                0x08001e0a       0x20 CMakeFiles/Inverter_1.0.dir/User/delaytrigger/delaytrigger.c.obj
                0x08001e0a                DelayedTrigger_Reset
 *fill*         0x08001e2a        0x2 
 .text.user_math_clamp_alpha
                0x08001e2c       0x50 CMakeFiles/Inverter_1.0.dir/User/user_math/user_math.c.obj
 .text.LPF_Init
                0x08001e7c       0x3e CMakeFiles/Inverter_1.0.dir/User/user_math/user_math.c.obj
                0x08001e7c                LPF_Init
 .text.LPF_Update
                0x08001eba       0x66 CMakeFiles/Inverter_1.0.dir/User/user_math/user_math.c.obj
                0x08001eba                LPF_Update
 .text.Recursive_ave_filter_init
                0x08001f20       0x96 CMakeFiles/Inverter_1.0.dir/User/user_math/user_math.c.obj
                0x08001f20                Recursive_ave_filter_init
 .text.Recursive_ave_filter
                0x08001fb6       0xcc CMakeFiles/Inverter_1.0.dir/User/user_math/user_math.c.obj
                0x08001fb6                Recursive_ave_filter
 *fill*         0x08002082        0x2 
 .text._DoInit  0x08002084       0xb0 CMakeFiles/Inverter_1.0.dir/User/jlink_rtt/SEGGER_RTT.c.obj
 .text.SEGGER_RTT_Init
                0x08002134        0xc CMakeFiles/Inverter_1.0.dir/User/jlink_rtt/SEGGER_RTT.c.obj
                0x08002134                SEGGER_RTT_Init
 .text.HalfBridge_init
                0x08002140      0x104 CMakeFiles/Inverter_1.0.dir/User/halfbridge_controller/halfbridge_ctrl.c.obj
                0x08002140                HalfBridge_init
 *fill*         0x08002244        0x4 
 .text.main     0x08002248      0x11c CMakeFiles/Inverter_1.0.dir/Core/Src/main.c.obj
                0x08002248                main
 .text.SystemClock_Config
                0x08002364       0x96 CMakeFiles/Inverter_1.0.dir/Core/Src/main.c.obj
                0x08002364                SystemClock_Config
 .text.Error_Handler
                0x080023fa        0xc CMakeFiles/Inverter_1.0.dir/Core/Src/main.c.obj
                0x080023fa                Error_Handler
 *fill*         0x08002406        0x2 
 .text.MX_GPIO_Init
                0x08002408      0x13c CMakeFiles/Inverter_1.0.dir/Core/Src/gpio.c.obj
                0x08002408                MX_GPIO_Init
 .text.MX_ADC2_Init
                0x08002544       0xd0 CMakeFiles/Inverter_1.0.dir/Core/Src/adc.c.obj
                0x08002544                MX_ADC2_Init
 .text.MX_ADC3_Init
                0x08002614      0x118 CMakeFiles/Inverter_1.0.dir/Core/Src/adc.c.obj
                0x08002614                MX_ADC3_Init
 .text.MX_ADC4_Init
                0x0800272c      0x110 CMakeFiles/Inverter_1.0.dir/Core/Src/adc.c.obj
                0x0800272c                MX_ADC4_Init
 .text.HAL_ADC_MspInit
                0x0800283c      0x2fc CMakeFiles/Inverter_1.0.dir/Core/Src/adc.c.obj
                0x0800283c                HAL_ADC_MspInit
 .text.MX_DAC1_Init
                0x08002b38       0x74 CMakeFiles/Inverter_1.0.dir/Core/Src/dac.c.obj
                0x08002b38                MX_DAC1_Init
 .text.HAL_DAC_MspInit
                0x08002bac       0xec CMakeFiles/Inverter_1.0.dir/Core/Src/dac.c.obj
                0x08002bac                HAL_DAC_MspInit
 .text.MX_DMA_Init
                0x08002c98       0x9c CMakeFiles/Inverter_1.0.dir/Core/Src/dma.c.obj
                0x08002c98                MX_DMA_Init
 .text.MX_HRTIM1_Init
                0x08002d34      0x588 CMakeFiles/Inverter_1.0.dir/Core/Src/hrtim.c.obj
                0x08002d34                MX_HRTIM1_Init
 .text.HAL_HRTIM_MspInit
                0x080032bc       0x40 CMakeFiles/Inverter_1.0.dir/Core/Src/hrtim.c.obj
                0x080032bc                HAL_HRTIM_MspInit
 .text.HAL_HRTIM_MspPostInit
                0x080032fc       0xcc CMakeFiles/Inverter_1.0.dir/Core/Src/hrtim.c.obj
                0x080032fc                HAL_HRTIM_MspPostInit
 .text.MX_LPTIM1_Init
                0x080033c8       0x5c CMakeFiles/Inverter_1.0.dir/Core/Src/lptim.c.obj
                0x080033c8                MX_LPTIM1_Init
 .text.HAL_LPTIM_MspInit
                0x08003424       0x78 CMakeFiles/Inverter_1.0.dir/Core/Src/lptim.c.obj
                0x08003424                HAL_LPTIM_MspInit
 .text.MX_TIM5_Init
                0x0800349c       0x9c CMakeFiles/Inverter_1.0.dir/Core/Src/tim.c.obj
                0x0800349c                MX_TIM5_Init
 .text.MX_TIM6_Init
                0x08003538       0x6c CMakeFiles/Inverter_1.0.dir/Core/Src/tim.c.obj
                0x08003538                MX_TIM6_Init
 .text.MX_TIM7_Init
                0x080035a4       0x6c CMakeFiles/Inverter_1.0.dir/Core/Src/tim.c.obj
                0x080035a4                MX_TIM7_Init
 .text.MX_TIM8_Init
                0x08003610       0xa8 CMakeFiles/Inverter_1.0.dir/Core/Src/tim.c.obj
                0x08003610                MX_TIM8_Init
 .text.HAL_TIM_Base_MspInit
                0x080036b8       0xd4 CMakeFiles/Inverter_1.0.dir/Core/Src/tim.c.obj
                0x080036b8                HAL_TIM_Base_MspInit
 .text.MX_USART2_UART_Init
                0x0800378c       0x98 CMakeFiles/Inverter_1.0.dir/Core/Src/usart.c.obj
                0x0800378c                MX_USART2_UART_Init
 .text.HAL_UART_MspInit
                0x08003824      0x11c CMakeFiles/Inverter_1.0.dir/Core/Src/usart.c.obj
                0x08003824                HAL_UART_MspInit
 .text.NMI_Handler
                0x08003940        0x8 CMakeFiles/Inverter_1.0.dir/Core/Src/stm32g4xx_it.c.obj
                0x08003940                NMI_Handler
 .text.HardFault_Handler
                0x08003948        0x8 CMakeFiles/Inverter_1.0.dir/Core/Src/stm32g4xx_it.c.obj
                0x08003948                HardFault_Handler
 .text.MemManage_Handler
                0x08003950        0x8 CMakeFiles/Inverter_1.0.dir/Core/Src/stm32g4xx_it.c.obj
                0x08003950                MemManage_Handler
 .text.BusFault_Handler
                0x08003958        0x8 CMakeFiles/Inverter_1.0.dir/Core/Src/stm32g4xx_it.c.obj
                0x08003958                BusFault_Handler
 .text.UsageFault_Handler
                0x08003960        0x8 CMakeFiles/Inverter_1.0.dir/Core/Src/stm32g4xx_it.c.obj
                0x08003960                UsageFault_Handler
 .text.SVC_Handler
                0x08003968        0xe CMakeFiles/Inverter_1.0.dir/Core/Src/stm32g4xx_it.c.obj
                0x08003968                SVC_Handler
 .text.DebugMon_Handler
                0x08003976        0xe CMakeFiles/Inverter_1.0.dir/Core/Src/stm32g4xx_it.c.obj
                0x08003976                DebugMon_Handler
 .text.PendSV_Handler
                0x08003984        0xe CMakeFiles/Inverter_1.0.dir/Core/Src/stm32g4xx_it.c.obj
                0x08003984                PendSV_Handler
 .text.SysTick_Handler
                0x08003992        0xc CMakeFiles/Inverter_1.0.dir/Core/Src/stm32g4xx_it.c.obj
                0x08003992                SysTick_Handler
 *fill*         0x0800399e        0x2 
 .text.DMA1_Channel1_IRQHandler
                0x080039a0       0x14 CMakeFiles/Inverter_1.0.dir/Core/Src/stm32g4xx_it.c.obj
                0x080039a0                DMA1_Channel1_IRQHandler
 .text.DMA1_Channel3_IRQHandler
                0x080039b4       0x14 CMakeFiles/Inverter_1.0.dir/Core/Src/stm32g4xx_it.c.obj
                0x080039b4                DMA1_Channel3_IRQHandler
 .text.DMA1_Channel4_IRQHandler
                0x080039c8       0x14 CMakeFiles/Inverter_1.0.dir/Core/Src/stm32g4xx_it.c.obj
                0x080039c8                DMA1_Channel4_IRQHandler
 .text.USART2_IRQHandler
                0x080039dc       0x14 CMakeFiles/Inverter_1.0.dir/Core/Src/stm32g4xx_it.c.obj
                0x080039dc                USART2_IRQHandler
 .text.EXTI15_10_IRQHandler
                0x080039f0       0x28 CMakeFiles/Inverter_1.0.dir/Core/Src/stm32g4xx_it.c.obj
                0x080039f0                EXTI15_10_IRQHandler
 .text.LPTIM1_IRQHandler
                0x08003a18       0x14 CMakeFiles/Inverter_1.0.dir/Core/Src/stm32g4xx_it.c.obj
                0x08003a18                LPTIM1_IRQHandler
 .text.TIM5_IRQHandler
                0x08003a2c       0x14 CMakeFiles/Inverter_1.0.dir/Core/Src/stm32g4xx_it.c.obj
                0x08003a2c                TIM5_IRQHandler
 .text.TIM6_DAC_IRQHandler
                0x08003a40       0x1c CMakeFiles/Inverter_1.0.dir/Core/Src/stm32g4xx_it.c.obj
                0x08003a40                TIM6_DAC_IRQHandler
 .text.DMA2_Channel2_IRQHandler
                0x08003a5c       0x14 CMakeFiles/Inverter_1.0.dir/Core/Src/stm32g4xx_it.c.obj
                0x08003a5c                DMA2_Channel2_IRQHandler
 .text.HAL_MspInit
                0x08003a70       0x48 CMakeFiles/Inverter_1.0.dir/Core/Src/stm32g4xx_hal_msp.c.obj
                0x08003a70                HAL_MspInit
 .text.LL_ADC_SetCommonClock
                0x08003ab8       0x26 CMakeFiles/Inverter_1.0.dir/Drivers/STM32G4xx_HAL_Driver/Src/stm32g4xx_hal_adc.c.obj
 .text.LL_ADC_SetCommonPathInternalCh
                0x08003ade       0x26 CMakeFiles/Inverter_1.0.dir/Drivers/STM32G4xx_HAL_Driver/Src/stm32g4xx_hal_adc.c.obj
 .text.LL_ADC_GetCommonPathInternalCh
                0x08003b04       0x1c CMakeFiles/Inverter_1.0.dir/Drivers/STM32G4xx_HAL_Driver/Src/stm32g4xx_hal_adc.c.obj
 .text.LL_ADC_SetOffset
                0x08003b20       0x48 CMakeFiles/Inverter_1.0.dir/Drivers/STM32G4xx_HAL_Driver/Src/stm32g4xx_hal_adc.c.obj
 .text.LL_ADC_GetOffsetChannel
                0x08003b68       0x2c CMakeFiles/Inverter_1.0.dir/Drivers/STM32G4xx_HAL_Driver/Src/stm32g4xx_hal_adc.c.obj
 .text.LL_ADC_SetOffsetState
                0x08003b94       0x36 CMakeFiles/Inverter_1.0.dir/Drivers/STM32G4xx_HAL_Driver/Src/stm32g4xx_hal_adc.c.obj
 .text.LL_ADC_SetOffsetSign
                0x08003bca       0x36 CMakeFiles/Inverter_1.0.dir/Drivers/STM32G4xx_HAL_Driver/Src/stm32g4xx_hal_adc.c.obj
 .text.LL_ADC_SetOffsetSaturation
                0x08003c00       0x36 CMakeFiles/Inverter_1.0.dir/Drivers/STM32G4xx_HAL_Driver/Src/stm32g4xx_hal_adc.c.obj
 .text.LL_ADC_SetSamplingTimeCommonConfig
                0x08003c36       0x26 CMakeFiles/Inverter_1.0.dir/Drivers/STM32G4xx_HAL_Driver/Src/stm32g4xx_hal_adc.c.obj
 .text.LL_ADC_REG_IsTriggerSourceSWStart
                0x08003c5c       0x26 CMakeFiles/Inverter_1.0.dir/Drivers/STM32G4xx_HAL_Driver/Src/stm32g4xx_hal_adc.c.obj
 .text.LL_ADC_REG_SetSequencerRanks
                0x08003c82       0x58 CMakeFiles/Inverter_1.0.dir/Drivers/STM32G4xx_HAL_Driver/Src/stm32g4xx_hal_adc.c.obj
 .text.LL_ADC_SetChannelSamplingTime
                0x08003cda       0x56 CMakeFiles/Inverter_1.0.dir/Drivers/STM32G4xx_HAL_Driver/Src/stm32g4xx_hal_adc.c.obj
 .text.LL_ADC_SetChannelSingleDiff
                0x08003d30       0x48 CMakeFiles/Inverter_1.0.dir/Drivers/STM32G4xx_HAL_Driver/Src/stm32g4xx_hal_adc.c.obj
 .text.LL_ADC_GetMultimode
                0x08003d78       0x1c CMakeFiles/Inverter_1.0.dir/Drivers/STM32G4xx_HAL_Driver/Src/stm32g4xx_hal_adc.c.obj
 .text.LL_ADC_DisableDeepPowerDown
                0x08003d94       0x24 CMakeFiles/Inverter_1.0.dir/Drivers/STM32G4xx_HAL_Driver/Src/stm32g4xx_hal_adc.c.obj
 .text.LL_ADC_IsDeepPowerDownEnabled
                0x08003db8       0x28 CMakeFiles/Inverter_1.0.dir/Drivers/STM32G4xx_HAL_Driver/Src/stm32g4xx_hal_adc.c.obj
 .text.LL_ADC_EnableInternalRegulator
                0x08003de0       0x28 CMakeFiles/Inverter_1.0.dir/Drivers/STM32G4xx_HAL_Driver/Src/stm32g4xx_hal_adc.c.obj
 .text.LL_ADC_IsInternalRegulatorEnabled
                0x08003e08       0x28 CMakeFiles/Inverter_1.0.dir/Drivers/STM32G4xx_HAL_Driver/Src/stm32g4xx_hal_adc.c.obj
 .text.LL_ADC_Enable
                0x08003e30       0x28 CMakeFiles/Inverter_1.0.dir/Drivers/STM32G4xx_HAL_Driver/Src/stm32g4xx_hal_adc.c.obj
 .text.LL_ADC_Disable
                0x08003e58       0x28 CMakeFiles/Inverter_1.0.dir/Drivers/STM32G4xx_HAL_Driver/Src/stm32g4xx_hal_adc.c.obj
 .text.LL_ADC_IsEnabled
                0x08003e80       0x26 CMakeFiles/Inverter_1.0.dir/Drivers/STM32G4xx_HAL_Driver/Src/stm32g4xx_hal_adc.c.obj
 .text.LL_ADC_IsDisableOngoing
                0x08003ea6       0x26 CMakeFiles/Inverter_1.0.dir/Drivers/STM32G4xx_HAL_Driver/Src/stm32g4xx_hal_adc.c.obj
 .text.LL_ADC_REG_StartConversion
                0x08003ecc       0x28 CMakeFiles/Inverter_1.0.dir/Drivers/STM32G4xx_HAL_Driver/Src/stm32g4xx_hal_adc.c.obj
 .text.LL_ADC_REG_IsConversionOngoing
                0x08003ef4       0x26 CMakeFiles/Inverter_1.0.dir/Drivers/STM32G4xx_HAL_Driver/Src/stm32g4xx_hal_adc.c.obj
 .text.LL_ADC_INJ_IsConversionOngoing
                0x08003f1a       0x26 CMakeFiles/Inverter_1.0.dir/Drivers/STM32G4xx_HAL_Driver/Src/stm32g4xx_hal_adc.c.obj
 .text.HAL_ADC_Init
                0x08003f40      0x378 CMakeFiles/Inverter_1.0.dir/Drivers/STM32G4xx_HAL_Driver/Src/stm32g4xx_hal_adc.c.obj
                0x08003f40                HAL_ADC_Init
 .text.HAL_ADC_Start_DMA
                0x080042b8      0x1a8 CMakeFiles/Inverter_1.0.dir/Drivers/STM32G4xx_HAL_Driver/Src/stm32g4xx_hal_adc.c.obj
                0x080042b8                HAL_ADC_Start_DMA
 .text.HAL_ADC_ConvHalfCpltCallback
                0x08004460       0x14 CMakeFiles/Inverter_1.0.dir/Drivers/STM32G4xx_HAL_Driver/Src/stm32g4xx_hal_adc.c.obj
                0x08004460                HAL_ADC_ConvHalfCpltCallback
 .text.HAL_ADC_ErrorCallback
                0x08004474       0x14 CMakeFiles/Inverter_1.0.dir/Drivers/STM32G4xx_HAL_Driver/Src/stm32g4xx_hal_adc.c.obj
                0x08004474                HAL_ADC_ErrorCallback
 .text.HAL_ADC_ConfigChannel
                0x08004488      0x880 CMakeFiles/Inverter_1.0.dir/Drivers/STM32G4xx_HAL_Driver/Src/stm32g4xx_hal_adc.c.obj
                0x08004488                HAL_ADC_ConfigChannel
 .text.ADC_Enable
                0x08004d08      0x12c CMakeFiles/Inverter_1.0.dir/Drivers/STM32G4xx_HAL_Driver/Src/stm32g4xx_hal_adc.c.obj
                0x08004d08                ADC_Enable
 .text.ADC_Disable
                0x08004e34       0xbe CMakeFiles/Inverter_1.0.dir/Drivers/STM32G4xx_HAL_Driver/Src/stm32g4xx_hal_adc.c.obj
                0x08004e34                ADC_Disable
 .text.ADC_DMAConvCplt
                0x08004ef2       0xd8 CMakeFiles/Inverter_1.0.dir/Drivers/STM32G4xx_HAL_Driver/Src/stm32g4xx_hal_adc.c.obj
                0x08004ef2                ADC_DMAConvCplt
 .text.ADC_DMAHalfConvCplt
                0x08004fca       0x1c CMakeFiles/Inverter_1.0.dir/Drivers/STM32G4xx_HAL_Driver/Src/stm32g4xx_hal_adc.c.obj
                0x08004fca                ADC_DMAHalfConvCplt
 .text.ADC_DMAError
                0x08004fe6       0x34 CMakeFiles/Inverter_1.0.dir/Drivers/STM32G4xx_HAL_Driver/Src/stm32g4xx_hal_adc.c.obj
                0x08004fe6                ADC_DMAError
 .text.LL_ADC_IsEnabled
                0x0800501a       0x26 CMakeFiles/Inverter_1.0.dir/Drivers/STM32G4xx_HAL_Driver/Src/stm32g4xx_hal_adc_ex.c.obj
 .text.LL_ADC_StartCalibration
                0x08005040       0x32 CMakeFiles/Inverter_1.0.dir/Drivers/STM32G4xx_HAL_Driver/Src/stm32g4xx_hal_adc_ex.c.obj
 .text.LL_ADC_IsCalibrationOnGoing
                0x08005072       0x28 CMakeFiles/Inverter_1.0.dir/Drivers/STM32G4xx_HAL_Driver/Src/stm32g4xx_hal_adc_ex.c.obj
 .text.LL_ADC_REG_IsConversionOngoing
                0x0800509a       0x26 CMakeFiles/Inverter_1.0.dir/Drivers/STM32G4xx_HAL_Driver/Src/stm32g4xx_hal_adc_ex.c.obj
 .text.HAL_ADCEx_Calibration_Start
                0x080050c0       0xc4 CMakeFiles/Inverter_1.0.dir/Drivers/STM32G4xx_HAL_Driver/Src/stm32g4xx_hal_adc_ex.c.obj
                0x080050c0                HAL_ADCEx_Calibration_Start
 .text.HAL_ADCEx_MultiModeConfigChannel
                0x08005184      0x210 CMakeFiles/Inverter_1.0.dir/Drivers/STM32G4xx_HAL_Driver/Src/stm32g4xx_hal_adc_ex.c.obj
                0x08005184                HAL_ADCEx_MultiModeConfigChannel
 .text.HAL_Init
                0x08005394       0x30 CMakeFiles/Inverter_1.0.dir/Drivers/STM32G4xx_HAL_Driver/Src/stm32g4xx_hal.c.obj
                0x08005394                HAL_Init
 .text.HAL_InitTick
                0x080053c4       0x74 CMakeFiles/Inverter_1.0.dir/Drivers/STM32G4xx_HAL_Driver/Src/stm32g4xx_hal.c.obj
                0x080053c4                HAL_InitTick
 .text.HAL_IncTick
                0x08005438       0x24 CMakeFiles/Inverter_1.0.dir/Drivers/STM32G4xx_HAL_Driver/Src/stm32g4xx_hal.c.obj
                0x08005438                HAL_IncTick
 .text.HAL_GetTick
                0x0800545c       0x18 CMakeFiles/Inverter_1.0.dir/Drivers/STM32G4xx_HAL_Driver/Src/stm32g4xx_hal.c.obj
                0x0800545c                HAL_GetTick
 .text.HAL_Delay
                0x08005474       0x44 CMakeFiles/Inverter_1.0.dir/Drivers/STM32G4xx_HAL_Driver/Src/stm32g4xx_hal.c.obj
                0x08005474                HAL_Delay
 .text.HAL_DBGMCU_EnableDBGSleepMode
                0x080054b8       0x20 CMakeFiles/Inverter_1.0.dir/Drivers/STM32G4xx_HAL_Driver/Src/stm32g4xx_hal.c.obj
                0x080054b8                HAL_DBGMCU_EnableDBGSleepMode
 .text.HAL_DBGMCU_EnableDBGStopMode
                0x080054d8       0x20 CMakeFiles/Inverter_1.0.dir/Drivers/STM32G4xx_HAL_Driver/Src/stm32g4xx_hal.c.obj
                0x080054d8                HAL_DBGMCU_EnableDBGStopMode
 .text.HAL_RCC_OscConfig
                0x080054f8      0x624 CMakeFiles/Inverter_1.0.dir/Drivers/STM32G4xx_HAL_Driver/Src/stm32g4xx_hal_rcc.c.obj
                0x080054f8                HAL_RCC_OscConfig
 .text.HAL_RCC_ClockConfig
                0x08005b1c      0x278 CMakeFiles/Inverter_1.0.dir/Drivers/STM32G4xx_HAL_Driver/Src/stm32g4xx_hal_rcc.c.obj
                0x08005b1c                HAL_RCC_ClockConfig
 .text.HAL_RCC_GetSysClockFreq
                0x08005d94       0xc4 CMakeFiles/Inverter_1.0.dir/Drivers/STM32G4xx_HAL_Driver/Src/stm32g4xx_hal_rcc.c.obj
                0x08005d94                HAL_RCC_GetSysClockFreq
 .text.HAL_RCC_GetHCLKFreq
                0x08005e58       0x18 CMakeFiles/Inverter_1.0.dir/Drivers/STM32G4xx_HAL_Driver/Src/stm32g4xx_hal_rcc.c.obj
                0x08005e58                HAL_RCC_GetHCLKFreq
 .text.HAL_RCC_GetPCLK1Freq
                0x08005e70       0x2c CMakeFiles/Inverter_1.0.dir/Drivers/STM32G4xx_HAL_Driver/Src/stm32g4xx_hal_rcc.c.obj
                0x08005e70                HAL_RCC_GetPCLK1Freq
 .text.HAL_RCC_GetPCLK2Freq
                0x08005e9c       0x2c CMakeFiles/Inverter_1.0.dir/Drivers/STM32G4xx_HAL_Driver/Src/stm32g4xx_hal_rcc.c.obj
                0x08005e9c                HAL_RCC_GetPCLK2Freq
 .text.RCC_GetSysClockFreqFromPLLSource
                0x08005ec8       0x8c CMakeFiles/Inverter_1.0.dir/Drivers/STM32G4xx_HAL_Driver/Src/stm32g4xx_hal_rcc.c.obj
 .text.HAL_RCCEx_PeriphCLKConfig
                0x08005f54      0x49c CMakeFiles/Inverter_1.0.dir/Drivers/STM32G4xx_HAL_Driver/Src/stm32g4xx_hal_rcc_ex.c.obj
                0x08005f54                HAL_RCCEx_PeriphCLKConfig
 .text.HAL_GPIO_Init
                0x080063f0      0x304 CMakeFiles/Inverter_1.0.dir/Drivers/STM32G4xx_HAL_Driver/Src/stm32g4xx_hal_gpio.c.obj
                0x080063f0                HAL_GPIO_Init
 .text.HAL_GPIO_ReadPin
                0x080066f4       0x30 CMakeFiles/Inverter_1.0.dir/Drivers/STM32G4xx_HAL_Driver/Src/stm32g4xx_hal_gpio.c.obj
                0x080066f4                HAL_GPIO_ReadPin
 .text.HAL_GPIO_WritePin
                0x08006724       0x30 CMakeFiles/Inverter_1.0.dir/Drivers/STM32G4xx_HAL_Driver/Src/stm32g4xx_hal_gpio.c.obj
                0x08006724                HAL_GPIO_WritePin
 .text.HAL_GPIO_EXTI_IRQHandler
                0x08006754       0x30 CMakeFiles/Inverter_1.0.dir/Drivers/STM32G4xx_HAL_Driver/Src/stm32g4xx_hal_gpio.c.obj
                0x08006754                HAL_GPIO_EXTI_IRQHandler
 .text.HAL_DMA_Init
                0x08006784      0x150 CMakeFiles/Inverter_1.0.dir/Drivers/STM32G4xx_HAL_Driver/Src/stm32g4xx_hal_dma.c.obj
                0x08006784                HAL_DMA_Init
 .text.HAL_DMA_Start_IT
                0x080068d4       0xf6 CMakeFiles/Inverter_1.0.dir/Drivers/STM32G4xx_HAL_Driver/Src/stm32g4xx_hal_dma.c.obj
                0x080068d4                HAL_DMA_Start_IT
 .text.HAL_DMA_Abort
                0x080069ca       0xb2 CMakeFiles/Inverter_1.0.dir/Drivers/STM32G4xx_HAL_Driver/Src/stm32g4xx_hal_dma.c.obj
                0x080069ca                HAL_DMA_Abort
 .text.HAL_DMA_Abort_IT
                0x08006a7c       0xce CMakeFiles/Inverter_1.0.dir/Drivers/STM32G4xx_HAL_Driver/Src/stm32g4xx_hal_dma.c.obj
                0x08006a7c                HAL_DMA_Abort_IT
 .text.HAL_DMA_IRQHandler
                0x08006b4a      0x15e CMakeFiles/Inverter_1.0.dir/Drivers/STM32G4xx_HAL_Driver/Src/stm32g4xx_hal_dma.c.obj
                0x08006b4a                HAL_DMA_IRQHandler
 .text.DMA_SetConfig
                0x08006ca8       0x7c CMakeFiles/Inverter_1.0.dir/Drivers/STM32G4xx_HAL_Driver/Src/stm32g4xx_hal_dma.c.obj
 .text.DMA_CalcDMAMUXChannelBaseAndMask
                0x08006d24       0x7c CMakeFiles/Inverter_1.0.dir/Drivers/STM32G4xx_HAL_Driver/Src/stm32g4xx_hal_dma.c.obj
 .text.DMA_CalcDMAMUXRequestGenBaseAndMask
                0x08006da0       0x48 CMakeFiles/Inverter_1.0.dir/Drivers/STM32G4xx_HAL_Driver/Src/stm32g4xx_hal_dma.c.obj
 .text.HAL_PWREx_ControlVoltageScaling
                0x08006de8      0x148 CMakeFiles/Inverter_1.0.dir/Drivers/STM32G4xx_HAL_Driver/Src/stm32g4xx_hal_pwr_ex.c.obj
                0x08006de8                HAL_PWREx_ControlVoltageScaling
 .text.HAL_PWREx_DisableUCPDDeadBattery
                0x08006f30       0x20 CMakeFiles/Inverter_1.0.dir/Drivers/STM32G4xx_HAL_Driver/Src/stm32g4xx_hal_pwr_ex.c.obj
                0x08006f30                HAL_PWREx_DisableUCPDDeadBattery
 .text.__NVIC_SetPriorityGrouping
                0x08006f50       0x48 CMakeFiles/Inverter_1.0.dir/Drivers/STM32G4xx_HAL_Driver/Src/stm32g4xx_hal_cortex.c.obj
 .text.__NVIC_GetPriorityGrouping
                0x08006f98       0x1c CMakeFiles/Inverter_1.0.dir/Drivers/STM32G4xx_HAL_Driver/Src/stm32g4xx_hal_cortex.c.obj
 .text.__NVIC_EnableIRQ
                0x08006fb4       0x3c CMakeFiles/Inverter_1.0.dir/Drivers/STM32G4xx_HAL_Driver/Src/stm32g4xx_hal_cortex.c.obj
 .text.__NVIC_SetPriority
                0x08006ff0       0x54 CMakeFiles/Inverter_1.0.dir/Drivers/STM32G4xx_HAL_Driver/Src/stm32g4xx_hal_cortex.c.obj
 .text.NVIC_EncodePriority
                0x08007044       0x66 CMakeFiles/Inverter_1.0.dir/Drivers/STM32G4xx_HAL_Driver/Src/stm32g4xx_hal_cortex.c.obj
 *fill*         0x080070aa        0x2 
 .text.SysTick_Config
                0x080070ac       0x44 CMakeFiles/Inverter_1.0.dir/Drivers/STM32G4xx_HAL_Driver/Src/stm32g4xx_hal_cortex.c.obj
 .text.HAL_NVIC_SetPriorityGrouping
                0x080070f0       0x16 CMakeFiles/Inverter_1.0.dir/Drivers/STM32G4xx_HAL_Driver/Src/stm32g4xx_hal_cortex.c.obj
                0x080070f0                HAL_NVIC_SetPriorityGrouping
 .text.HAL_NVIC_SetPriority
                0x08007106       0x34 CMakeFiles/Inverter_1.0.dir/Drivers/STM32G4xx_HAL_Driver/Src/stm32g4xx_hal_cortex.c.obj
                0x08007106                HAL_NVIC_SetPriority
 .text.HAL_NVIC_EnableIRQ
                0x0800713a       0x1c CMakeFiles/Inverter_1.0.dir/Drivers/STM32G4xx_HAL_Driver/Src/stm32g4xx_hal_cortex.c.obj
                0x0800713a                HAL_NVIC_EnableIRQ
 .text.HAL_SYSTICK_Config
                0x08007156       0x18 CMakeFiles/Inverter_1.0.dir/Drivers/STM32G4xx_HAL_Driver/Src/stm32g4xx_hal_cortex.c.obj
                0x08007156                HAL_SYSTICK_Config
 .text.HAL_DAC_Init
                0x0800716e       0x44 CMakeFiles/Inverter_1.0.dir/Drivers/STM32G4xx_HAL_Driver/Src/stm32g4xx_hal_dac.c.obj
                0x0800716e                HAL_DAC_Init
 *fill*         0x080071b2        0x2 
 .text.HAL_DAC_Start
                0x080071b4       0xd8 CMakeFiles/Inverter_1.0.dir/Drivers/STM32G4xx_HAL_Driver/Src/stm32g4xx_hal_dac.c.obj
                0x080071b4                HAL_DAC_Start
 .text.HAL_DAC_IRQHandler
                0x0800728c       0xac CMakeFiles/Inverter_1.0.dir/Drivers/STM32G4xx_HAL_Driver/Src/stm32g4xx_hal_dac.c.obj
                0x0800728c                HAL_DAC_IRQHandler
 .text.HAL_DAC_SetValue
                0x08007338       0x5a CMakeFiles/Inverter_1.0.dir/Drivers/STM32G4xx_HAL_Driver/Src/stm32g4xx_hal_dac.c.obj
                0x08007338                HAL_DAC_SetValue
 .text.HAL_DAC_DMAUnderrunCallbackCh1
                0x08007392       0x14 CMakeFiles/Inverter_1.0.dir/Drivers/STM32G4xx_HAL_Driver/Src/stm32g4xx_hal_dac.c.obj
                0x08007392                HAL_DAC_DMAUnderrunCallbackCh1
 *fill*         0x080073a6        0x2 
 .text.HAL_DAC_ConfigChannel
                0x080073a8      0x374 CMakeFiles/Inverter_1.0.dir/Drivers/STM32G4xx_HAL_Driver/Src/stm32g4xx_hal_dac.c.obj
                0x080073a8                HAL_DAC_ConfigChannel
 .text.HAL_DACEx_DMAUnderrunCallbackCh2
                0x0800771c       0x14 CMakeFiles/Inverter_1.0.dir/Drivers/STM32G4xx_HAL_Driver/Src/stm32g4xx_hal_dac_ex.c.obj
                0x0800771c                HAL_DACEx_DMAUnderrunCallbackCh2
 .text.HAL_HRTIM_Init
                0x08007730      0x1a0 CMakeFiles/Inverter_1.0.dir/Drivers/STM32G4xx_HAL_Driver/Src/stm32g4xx_hal_hrtim.c.obj
                0x08007730                HAL_HRTIM_Init
 .text.HAL_HRTIM_DLLCalibrationStart
                0x080078d0       0xb0 CMakeFiles/Inverter_1.0.dir/Drivers/STM32G4xx_HAL_Driver/Src/stm32g4xx_hal_hrtim.c.obj
                0x080078d0                HAL_HRTIM_DLLCalibrationStart
 .text.HAL_HRTIM_PollForDLLCalibration
                0x08007980       0x68 CMakeFiles/Inverter_1.0.dir/Drivers/STM32G4xx_HAL_Driver/Src/stm32g4xx_hal_hrtim.c.obj
                0x08007980                HAL_HRTIM_PollForDLLCalibration
 .text.HAL_HRTIM_TimeBaseConfig
                0x080079e8       0x50 CMakeFiles/Inverter_1.0.dir/Drivers/STM32G4xx_HAL_Driver/Src/stm32g4xx_hal_hrtim.c.obj
                0x080079e8                HAL_HRTIM_TimeBaseConfig
 .text.HAL_HRTIM_ADCTriggerConfig
                0x08007a38      0x3d8 CMakeFiles/Inverter_1.0.dir/Drivers/STM32G4xx_HAL_Driver/Src/stm32g4xx_hal_hrtim.c.obj
                0x08007a38                HAL_HRTIM_ADCTriggerConfig
 .text.HAL_HRTIM_ADCPostScalerConfig
                0x08007e10      0x294 CMakeFiles/Inverter_1.0.dir/Drivers/STM32G4xx_HAL_Driver/Src/stm32g4xx_hal_hrtim.c.obj
                0x08007e10                HAL_HRTIM_ADCPostScalerConfig
 .text.HAL_HRTIM_WaveformTimerConfig
                0x080080a4      0x11a CMakeFiles/Inverter_1.0.dir/Drivers/STM32G4xx_HAL_Driver/Src/stm32g4xx_hal_hrtim.c.obj
                0x080080a4                HAL_HRTIM_WaveformTimerConfig
 .text.HAL_HRTIM_WaveformTimerControl
                0x080081be       0x66 CMakeFiles/Inverter_1.0.dir/Drivers/STM32G4xx_HAL_Driver/Src/stm32g4xx_hal_hrtim.c.obj
                0x080081be                HAL_HRTIM_WaveformTimerControl
 .text.HAL_HRTIM_DeadTimeConfig
                0x08008224      0x100 CMakeFiles/Inverter_1.0.dir/Drivers/STM32G4xx_HAL_Driver/Src/stm32g4xx_hal_hrtim.c.obj
                0x08008224                HAL_HRTIM_DeadTimeConfig
 .text.HAL_HRTIM_WaveformCompareConfig
                0x08008324      0x2dc CMakeFiles/Inverter_1.0.dir/Drivers/STM32G4xx_HAL_Driver/Src/stm32g4xx_hal_hrtim.c.obj
                0x08008324                HAL_HRTIM_WaveformCompareConfig
 .text.HAL_HRTIM_WaveformOutputConfig
                0x08008600       0x62 CMakeFiles/Inverter_1.0.dir/Drivers/STM32G4xx_HAL_Driver/Src/stm32g4xx_hal_hrtim.c.obj
                0x08008600                HAL_HRTIM_WaveformOutputConfig
 .text.HAL_HRTIM_WaveformOutputStart
                0x08008662       0x5a CMakeFiles/Inverter_1.0.dir/Drivers/STM32G4xx_HAL_Driver/Src/stm32g4xx_hal_hrtim.c.obj
                0x08008662                HAL_HRTIM_WaveformOutputStart
 .text.HAL_HRTIM_WaveformCountStart
                0x080086bc       0x56 CMakeFiles/Inverter_1.0.dir/Drivers/STM32G4xx_HAL_Driver/Src/stm32g4xx_hal_hrtim.c.obj
                0x080086bc                HAL_HRTIM_WaveformCountStart
 .text.HRTIM_MasterBase_Config
                0x08008712       0x5e CMakeFiles/Inverter_1.0.dir/Drivers/STM32G4xx_HAL_Driver/Src/stm32g4xx_hal_hrtim.c.obj
 .text.HRTIM_TimingUnitBase_Config
                0x08008770       0x80 CMakeFiles/Inverter_1.0.dir/Drivers/STM32G4xx_HAL_Driver/Src/stm32g4xx_hal_hrtim.c.obj
 .text.HRTIM_MasterWaveform_Config
                0x080087f0      0x13a CMakeFiles/Inverter_1.0.dir/Drivers/STM32G4xx_HAL_Driver/Src/stm32g4xx_hal_hrtim.c.obj
 *fill*         0x0800892a        0x2 
 .text.HRTIM_TimingUnitWaveform_Config
                0x0800892c      0x30c CMakeFiles/Inverter_1.0.dir/Drivers/STM32G4xx_HAL_Driver/Src/stm32g4xx_hal_hrtim.c.obj
 .text.HRTIM_TimingUnitWaveform_Control
                0x08008c38       0xc0 CMakeFiles/Inverter_1.0.dir/Drivers/STM32G4xx_HAL_Driver/Src/stm32g4xx_hal_hrtim.c.obj
 .text.HRTIM_OutputConfig
                0x08008cf8      0x1d0 CMakeFiles/Inverter_1.0.dir/Drivers/STM32G4xx_HAL_Driver/Src/stm32g4xx_hal_hrtim.c.obj
 .text.HRTIM_ForceRegistersUpdate
                0x08008ec8       0xdc CMakeFiles/Inverter_1.0.dir/Drivers/STM32G4xx_HAL_Driver/Src/stm32g4xx_hal_hrtim.c.obj
 .text.HAL_LPTIM_Init
                0x08008fa4      0x138 CMakeFiles/Inverter_1.0.dir/Drivers/STM32G4xx_HAL_Driver/Src/stm32g4xx_hal_lptim.c.obj
                0x08008fa4                HAL_LPTIM_Init
 .text.HAL_LPTIM_TimeOut_Stop_IT
                0x080090dc       0x68 CMakeFiles/Inverter_1.0.dir/Drivers/STM32G4xx_HAL_Driver/Src/stm32g4xx_hal_lptim.c.obj
                0x080090dc                HAL_LPTIM_TimeOut_Stop_IT
 .text.HAL_LPTIM_IRQHandler
                0x08009144      0x136 CMakeFiles/Inverter_1.0.dir/Drivers/STM32G4xx_HAL_Driver/Src/stm32g4xx_hal_lptim.c.obj
                0x08009144                HAL_LPTIM_IRQHandler
 .text.HAL_LPTIM_AutoReloadMatchCallback
                0x0800927a       0x14 CMakeFiles/Inverter_1.0.dir/Drivers/STM32G4xx_HAL_Driver/Src/stm32g4xx_hal_lptim.c.obj
                0x0800927a                HAL_LPTIM_AutoReloadMatchCallback
 .text.HAL_LPTIM_TriggerCallback
                0x0800928e       0x14 CMakeFiles/Inverter_1.0.dir/Drivers/STM32G4xx_HAL_Driver/Src/stm32g4xx_hal_lptim.c.obj
                0x0800928e                HAL_LPTIM_TriggerCallback
 .text.HAL_LPTIM_CompareWriteCallback
                0x080092a2       0x14 CMakeFiles/Inverter_1.0.dir/Drivers/STM32G4xx_HAL_Driver/Src/stm32g4xx_hal_lptim.c.obj
                0x080092a2                HAL_LPTIM_CompareWriteCallback
 .text.HAL_LPTIM_AutoReloadWriteCallback
                0x080092b6       0x14 CMakeFiles/Inverter_1.0.dir/Drivers/STM32G4xx_HAL_Driver/Src/stm32g4xx_hal_lptim.c.obj
                0x080092b6                HAL_LPTIM_AutoReloadWriteCallback
 .text.HAL_LPTIM_DirectionUpCallback
                0x080092ca       0x14 CMakeFiles/Inverter_1.0.dir/Drivers/STM32G4xx_HAL_Driver/Src/stm32g4xx_hal_lptim.c.obj
                0x080092ca                HAL_LPTIM_DirectionUpCallback
 .text.HAL_LPTIM_DirectionDownCallback
                0x080092de       0x14 CMakeFiles/Inverter_1.0.dir/Drivers/STM32G4xx_HAL_Driver/Src/stm32g4xx_hal_lptim.c.obj
                0x080092de                HAL_LPTIM_DirectionDownCallback
 .text.HAL_LPTIM_GetState
                0x080092f2       0x1c CMakeFiles/Inverter_1.0.dir/Drivers/STM32G4xx_HAL_Driver/Src/stm32g4xx_hal_lptim.c.obj
                0x080092f2                HAL_LPTIM_GetState
 *fill*         0x0800930e        0x2 
 .text.LPTIM_WaitForFlag
                0x08009310       0x60 CMakeFiles/Inverter_1.0.dir/Drivers/STM32G4xx_HAL_Driver/Src/stm32g4xx_hal_lptim.c.obj
 .text.LPTIM_Disable
                0x08009370      0x19c CMakeFiles/Inverter_1.0.dir/Drivers/STM32G4xx_HAL_Driver/Src/stm32g4xx_hal_lptim.c.obj
                0x08009370                LPTIM_Disable
 .text.HAL_TIM_Base_Init
                0x0800950c       0xae CMakeFiles/Inverter_1.0.dir/Drivers/STM32G4xx_HAL_Driver/Src/stm32g4xx_hal_tim.c.obj
                0x0800950c                HAL_TIM_Base_Init
 *fill*         0x080095ba        0x2 
 .text.HAL_TIM_Base_Start
                0x080095bc       0xe0 CMakeFiles/Inverter_1.0.dir/Drivers/STM32G4xx_HAL_Driver/Src/stm32g4xx_hal_tim.c.obj
                0x080095bc                HAL_TIM_Base_Start
 .text.HAL_TIM_Base_Start_IT
                0x0800969c       0xf0 CMakeFiles/Inverter_1.0.dir/Drivers/STM32G4xx_HAL_Driver/Src/stm32g4xx_hal_tim.c.obj
                0x0800969c                HAL_TIM_Base_Start_IT
 .text.HAL_TIM_IRQHandler
                0x0800978c      0x29e CMakeFiles/Inverter_1.0.dir/Drivers/STM32G4xx_HAL_Driver/Src/stm32g4xx_hal_tim.c.obj
                0x0800978c                HAL_TIM_IRQHandler
 *fill*         0x08009a2a        0x2 
 .text.HAL_TIM_ConfigClockSource
                0x08009a2c      0x22c CMakeFiles/Inverter_1.0.dir/Drivers/STM32G4xx_HAL_Driver/Src/stm32g4xx_hal_tim.c.obj
                0x08009a2c                HAL_TIM_ConfigClockSource
 .text.HAL_TIM_OC_DelayElapsedCallback
                0x08009c58       0x14 CMakeFiles/Inverter_1.0.dir/Drivers/STM32G4xx_HAL_Driver/Src/stm32g4xx_hal_tim.c.obj
                0x08009c58                HAL_TIM_OC_DelayElapsedCallback
 .text.HAL_TIM_IC_CaptureCallback
                0x08009c6c       0x14 CMakeFiles/Inverter_1.0.dir/Drivers/STM32G4xx_HAL_Driver/Src/stm32g4xx_hal_tim.c.obj
                0x08009c6c                HAL_TIM_IC_CaptureCallback
 .text.HAL_TIM_PWM_PulseFinishedCallback
                0x08009c80       0x14 CMakeFiles/Inverter_1.0.dir/Drivers/STM32G4xx_HAL_Driver/Src/stm32g4xx_hal_tim.c.obj
                0x08009c80                HAL_TIM_PWM_PulseFinishedCallback
 .text.HAL_TIM_TriggerCallback
                0x08009c94       0x14 CMakeFiles/Inverter_1.0.dir/Drivers/STM32G4xx_HAL_Driver/Src/stm32g4xx_hal_tim.c.obj
                0x08009c94                HAL_TIM_TriggerCallback
 .text.TIM_Base_SetConfig
                0x08009ca8      0x168 CMakeFiles/Inverter_1.0.dir/Drivers/STM32G4xx_HAL_Driver/Src/stm32g4xx_hal_tim.c.obj
                0x08009ca8                TIM_Base_SetConfig
 .text.TIM_TI1_ConfigInputStage
                0x08009e10       0x5e CMakeFiles/Inverter_1.0.dir/Drivers/STM32G4xx_HAL_Driver/Src/stm32g4xx_hal_tim.c.obj
 .text.TIM_TI2_ConfigInputStage
                0x08009e6e       0x60 CMakeFiles/Inverter_1.0.dir/Drivers/STM32G4xx_HAL_Driver/Src/stm32g4xx_hal_tim.c.obj
 .text.TIM_ITRx_SetConfig
                0x08009ece       0x3a CMakeFiles/Inverter_1.0.dir/Drivers/STM32G4xx_HAL_Driver/Src/stm32g4xx_hal_tim.c.obj
 .text.TIM_ETR_SetConfig
                0x08009f08       0x40 CMakeFiles/Inverter_1.0.dir/Drivers/STM32G4xx_HAL_Driver/Src/stm32g4xx_hal_tim.c.obj
                0x08009f08                TIM_ETR_SetConfig
 .text.HAL_TIMEx_MasterConfigSynchronization
                0x08009f48      0x12c CMakeFiles/Inverter_1.0.dir/Drivers/STM32G4xx_HAL_Driver/Src/stm32g4xx_hal_tim_ex.c.obj
                0x08009f48                HAL_TIMEx_MasterConfigSynchronization
 .text.HAL_TIMEx_CommutCallback
                0x0800a074       0x14 CMakeFiles/Inverter_1.0.dir/Drivers/STM32G4xx_HAL_Driver/Src/stm32g4xx_hal_tim_ex.c.obj
                0x0800a074                HAL_TIMEx_CommutCallback
 .text.HAL_TIMEx_BreakCallback
                0x0800a088       0x14 CMakeFiles/Inverter_1.0.dir/Drivers/STM32G4xx_HAL_Driver/Src/stm32g4xx_hal_tim_ex.c.obj
                0x0800a088                HAL_TIMEx_BreakCallback
 .text.HAL_TIMEx_Break2Callback
                0x0800a09c       0x14 CMakeFiles/Inverter_1.0.dir/Drivers/STM32G4xx_HAL_Driver/Src/stm32g4xx_hal_tim_ex.c.obj
                0x0800a09c                HAL_TIMEx_Break2Callback
 .text.HAL_TIMEx_EncoderIndexCallback
                0x0800a0b0       0x14 CMakeFiles/Inverter_1.0.dir/Drivers/STM32G4xx_HAL_Driver/Src/stm32g4xx_hal_tim_ex.c.obj
                0x0800a0b0                HAL_TIMEx_EncoderIndexCallback
 .text.HAL_TIMEx_DirectionChangeCallback
                0x0800a0c4       0x14 CMakeFiles/Inverter_1.0.dir/Drivers/STM32G4xx_HAL_Driver/Src/stm32g4xx_hal_tim_ex.c.obj
                0x0800a0c4                HAL_TIMEx_DirectionChangeCallback
 .text.HAL_TIMEx_IndexErrorCallback
                0x0800a0d8       0x14 CMakeFiles/Inverter_1.0.dir/Drivers/STM32G4xx_HAL_Driver/Src/stm32g4xx_hal_tim_ex.c.obj
                0x0800a0d8                HAL_TIMEx_IndexErrorCallback
 .text.HAL_TIMEx_TransitionErrorCallback
                0x0800a0ec       0x14 CMakeFiles/Inverter_1.0.dir/Drivers/STM32G4xx_HAL_Driver/Src/stm32g4xx_hal_tim_ex.c.obj
                0x0800a0ec                HAL_TIMEx_TransitionErrorCallback
 .text.HAL_UART_Init
                0x0800a100       0xa0 CMakeFiles/Inverter_1.0.dir/Drivers/STM32G4xx_HAL_Driver/Src/stm32g4xx_hal_uart.c.obj
                0x0800a100                HAL_UART_Init
 .text.HAL_UART_IRQHandler
                0x0800a1a0      0x684 CMakeFiles/Inverter_1.0.dir/Drivers/STM32G4xx_HAL_Driver/Src/stm32g4xx_hal_uart.c.obj
                0x0800a1a0                HAL_UART_IRQHandler
 .text.HAL_UART_TxCpltCallback
                0x0800a824       0x14 CMakeFiles/Inverter_1.0.dir/Drivers/STM32G4xx_HAL_Driver/Src/stm32g4xx_hal_uart.c.obj
                0x0800a824                HAL_UART_TxCpltCallback
 .text.HAL_UART_ErrorCallback
                0x0800a838       0x14 CMakeFiles/Inverter_1.0.dir/Drivers/STM32G4xx_HAL_Driver/Src/stm32g4xx_hal_uart.c.obj
                0x0800a838                HAL_UART_ErrorCallback
 .text.UART_SetConfig
                0x0800a84c      0x5f8 CMakeFiles/Inverter_1.0.dir/Drivers/STM32G4xx_HAL_Driver/Src/stm32g4xx_hal_uart.c.obj
                0x0800a84c                UART_SetConfig
 .text.UART_AdvFeatureConfig
                0x0800ae44      0x144 CMakeFiles/Inverter_1.0.dir/Drivers/STM32G4xx_HAL_Driver/Src/stm32g4xx_hal_uart.c.obj
                0x0800ae44                UART_AdvFeatureConfig
 .text.UART_CheckIdleState
                0x0800af88      0x154 CMakeFiles/Inverter_1.0.dir/Drivers/STM32G4xx_HAL_Driver/Src/stm32g4xx_hal_uart.c.obj
                0x0800af88                UART_CheckIdleState
 .text.UART_WaitOnFlagUntilTimeout
                0x0800b0dc       0xda CMakeFiles/Inverter_1.0.dir/Drivers/STM32G4xx_HAL_Driver/Src/stm32g4xx_hal_uart.c.obj
                0x0800b0dc                UART_WaitOnFlagUntilTimeout
 .text.UART_EndRxTransfer
                0x0800b1b6       0xcc CMakeFiles/Inverter_1.0.dir/Drivers/STM32G4xx_HAL_Driver/Src/stm32g4xx_hal_uart.c.obj
 .text.UART_DMAAbortOnError
                0x0800b282       0x24 CMakeFiles/Inverter_1.0.dir/Drivers/STM32G4xx_HAL_Driver/Src/stm32g4xx_hal_uart.c.obj
 .text.UART_EndTransmit_IT
                0x0800b2a6       0x56 CMakeFiles/Inverter_1.0.dir/Drivers/STM32G4xx_HAL_Driver/Src/stm32g4xx_hal_uart.c.obj
 .text.HAL_UARTEx_WakeupCallback
                0x0800b2fc       0x14 CMakeFiles/Inverter_1.0.dir/Drivers/STM32G4xx_HAL_Driver/Src/stm32g4xx_hal_uart_ex.c.obj
                0x0800b2fc                HAL_UARTEx_WakeupCallback
 .text.HAL_UARTEx_RxFifoFullCallback
                0x0800b310       0x14 CMakeFiles/Inverter_1.0.dir/Drivers/STM32G4xx_HAL_Driver/Src/stm32g4xx_hal_uart_ex.c.obj
                0x0800b310                HAL_UARTEx_RxFifoFullCallback
 .text.HAL_UARTEx_TxFifoEmptyCallback
                0x0800b324       0x14 CMakeFiles/Inverter_1.0.dir/Drivers/STM32G4xx_HAL_Driver/Src/stm32g4xx_hal_uart_ex.c.obj
                0x0800b324                HAL_UARTEx_TxFifoEmptyCallback
 .text.HAL_UARTEx_DisableFifoMode
                0x0800b338       0x72 CMakeFiles/Inverter_1.0.dir/Drivers/STM32G4xx_HAL_Driver/Src/stm32g4xx_hal_uart_ex.c.obj
                0x0800b338                HAL_UARTEx_DisableFifoMode
 .text.HAL_UARTEx_SetTxFifoThreshold
                0x0800b3aa       0x7c CMakeFiles/Inverter_1.0.dir/Drivers/STM32G4xx_HAL_Driver/Src/stm32g4xx_hal_uart_ex.c.obj
                0x0800b3aa                HAL_UARTEx_SetTxFifoThreshold
 .text.HAL_UARTEx_SetRxFifoThreshold
                0x0800b426       0x7c CMakeFiles/Inverter_1.0.dir/Drivers/STM32G4xx_HAL_Driver/Src/stm32g4xx_hal_uart_ex.c.obj
                0x0800b426                HAL_UARTEx_SetRxFifoThreshold
 *fill*         0x0800b4a2        0x2 
 .text.UARTEx_SetNbDataToProcess
                0x0800b4a4       0x9c CMakeFiles/Inverter_1.0.dir/Drivers/STM32G4xx_HAL_Driver/Src/stm32g4xx_hal_uart_ex.c.obj
 .text.SystemInit
                0x0800b540       0x24 CMakeFiles/Inverter_1.0.dir/Core/Src/system_stm32g4xx.c.obj
                0x0800b540                SystemInit
 .text.Reset_Handler
                0x0800b564       0x50 CMakeFiles/Inverter_1.0.dir/startup_stm32g474xx.s.obj
                0x0800b564                Reset_Handler
 .text.Default_Handler
                0x0800b5b4        0x2 CMakeFiles/Inverter_1.0.dir/startup_stm32g474xx.s.obj
                0x0800b5b4                RTC_Alarm_IRQHandler
                0x0800b5b4                EXTI2_IRQHandler
                0x0800b5b4                TIM8_TRG_COM_IRQHandler
                0x0800b5b4                TIM8_CC_IRQHandler
                0x0800b5b4                HRTIM1_Master_IRQHandler
                0x0800b5b4                SPI4_IRQHandler
                0x0800b5b4                FDCAN3_IT0_IRQHandler
                0x0800b5b4                TIM1_CC_IRQHandler
                0x0800b5b4                HRTIM1_FLT_IRQHandler
                0x0800b5b4                HRTIM1_TIMF_IRQHandler
                0x0800b5b4                USB_HP_IRQHandler
                0x0800b5b4                CORDIC_IRQHandler
                0x0800b5b4                HRTIM1_TIMD_IRQHandler
                0x0800b5b4                DMA2_Channel8_IRQHandler
                0x0800b5b4                EXTI3_IRQHandler
                0x0800b5b4                I2C3_ER_IRQHandler
                0x0800b5b4                EXTI0_IRQHandler
                0x0800b5b4                I2C2_EV_IRQHandler
                0x0800b5b4                FPU_IRQHandler
                0x0800b5b4                FDCAN1_IT1_IRQHandler
                0x0800b5b4                TIM1_UP_TIM16_IRQHandler
                0x0800b5b4                ADC1_2_IRQHandler
                0x0800b5b4                HRTIM1_TIME_IRQHandler
                0x0800b5b4                SPI1_IRQHandler
                0x0800b5b4                HRTIM1_TIMC_IRQHandler
                0x0800b5b4                TIM8_UP_IRQHandler
                0x0800b5b4                TIM20_TRG_COM_IRQHandler
                0x0800b5b4                USART3_IRQHandler
                0x0800b5b4                DMA1_Channel7_IRQHandler
                0x0800b5b4                UART5_IRQHandler
                0x0800b5b4                ADC3_IRQHandler
                0x0800b5b4                TIM4_IRQHandler
                0x0800b5b4                DMA2_Channel1_IRQHandler
                0x0800b5b4                QUADSPI_IRQHandler
                0x0800b5b4                I2C1_EV_IRQHandler
                0x0800b5b4                DMA1_Channel6_IRQHandler
                0x0800b5b4                UART4_IRQHandler
                0x0800b5b4                DMA2_Channel4_IRQHandler
                0x0800b5b4                TIM3_IRQHandler
                0x0800b5b4                RCC_IRQHandler
                0x0800b5b4                TIM20_UP_IRQHandler
                0x0800b5b4                Default_Handler
                0x0800b5b4                DMA2_Channel7_IRQHandler
                0x0800b5b4                RTC_TAMP_LSECSS_IRQHandler
                0x0800b5b4                FMAC_IRQHandler
                0x0800b5b4                DMA1_Channel8_IRQHandler
                0x0800b5b4                HRTIM1_TIMA_IRQHandler
                0x0800b5b4                TIM7_DAC_IRQHandler
                0x0800b5b4                FDCAN3_IT1_IRQHandler
                0x0800b5b4                UCPD1_IRQHandler
                0x0800b5b4                I2C3_EV_IRQHandler
                0x0800b5b4                EXTI9_5_IRQHandler
                0x0800b5b4                RTC_WKUP_IRQHandler
                0x0800b5b4                PVD_PVM_IRQHandler
                0x0800b5b4                SPI2_IRQHandler
                0x0800b5b4                ADC5_IRQHandler
                0x0800b5b4                DMA2_Channel5_IRQHandler
                0x0800b5b4                CRS_IRQHandler
                0x0800b5b4                DMA1_Channel5_IRQHandler
                0x0800b5b4                USB_LP_IRQHandler
                0x0800b5b4                EXTI4_IRQHandler
                0x0800b5b4                RNG_IRQHandler
                0x0800b5b4                HRTIM1_TIMB_IRQHandler
                0x0800b5b4                TIM1_TRG_COM_TIM17_IRQHandler
                0x0800b5b4                FDCAN2_IT1_IRQHandler
                0x0800b5b4                ADC4_IRQHandler
                0x0800b5b4                WWDG_IRQHandler
                0x0800b5b4                I2C4_EV_IRQHandler
                0x0800b5b4                FDCAN2_IT0_IRQHandler
                0x0800b5b4                LPUART1_IRQHandler
                0x0800b5b4                DMA2_Channel6_IRQHandler
                0x0800b5b4                FDCAN1_IT0_IRQHandler
                0x0800b5b4                TIM2_IRQHandler
                0x0800b5b4                COMP7_IRQHandler
                0x0800b5b4                COMP1_2_3_IRQHandler
                0x0800b5b4                EXTI1_IRQHandler
                0x0800b5b4                COMP4_5_6_IRQHandler
                0x0800b5b4                TIM20_BRK_IRQHandler
                0x0800b5b4                I2C2_ER_IRQHandler
                0x0800b5b4                DMA1_Channel2_IRQHandler
                0x0800b5b4                TIM8_BRK_IRQHandler
                0x0800b5b4                FLASH_IRQHandler
                0x0800b5b4                TIM20_CC_IRQHandler
                0x0800b5b4                USART1_IRQHandler
                0x0800b5b4                SPI3_IRQHandler
                0x0800b5b4                I2C1_ER_IRQHandler
                0x0800b5b4                FMC_IRQHandler
                0x0800b5b4                DMAMUX_OVR_IRQHandler
                0x0800b5b4                I2C4_ER_IRQHandler
                0x0800b5b4                USBWakeUp_IRQHandler
                0x0800b5b4                SAI1_IRQHandler
                0x0800b5b4                DMA2_Channel3_IRQHandler
                0x0800b5b4                TIM1_BRK_TIM15_IRQHandler
 .text.__udivmoddi4
                0x0800b5b6      0x2a0 D:/msys2/ucrt64/bin/../lib/gcc/arm-none-eabi/13.3.0/thumb/v7e-m+fp/hard\libgcc.a(_udivmoddi4.o)
                0x0800b5b6                __udivmoddi4
 *(.glue_7)
 .glue_7        0x0800b856        0x0 linker stubs
 *(.glue_7t)
 .glue_7t       0x0800b856        0x0 linker stubs
 *(.eh_frame)
 *fill*         0x0800b856        0x2 
 .eh_frame      0x0800b858        0x0 D:/msys2/ucrt64/bin/../lib/gcc/arm-none-eabi/13.3.0/thumb/v7e-m+fp/hard/crtbegin.o
 *(.init)
 .init          0x0800b858        0x4 D:/msys2/ucrt64/bin/../lib/gcc/arm-none-eabi/13.3.0/thumb/v7e-m+fp/hard/crti.o
                0x0800b858                _init
 .init          0x0800b85c        0x8 D:/msys2/ucrt64/bin/../lib/gcc/arm-none-eabi/13.3.0/thumb/v7e-m+fp/hard/crtn.o
 *(.fini)
 .fini          0x0800b864        0x4 D:/msys2/ucrt64/bin/../lib/gcc/arm-none-eabi/13.3.0/thumb/v7e-m+fp/hard/crti.o
                0x0800b864                _fini
 .fini          0x0800b868        0x8 D:/msys2/ucrt64/bin/../lib/gcc/arm-none-eabi/13.3.0/thumb/v7e-m+fp/hard/crtn.o
                0x0800b870                        . = ALIGN (0x4)
                0x0800b870                        _etext = .

.vfp11_veneer   0x0800b870        0x0
 .vfp11_veneer  0x0800b870        0x0 linker stubs

.v4_bx          0x0800b870        0x0
 .v4_bx         0x0800b870        0x0 linker stubs

.iplt           0x0800b870        0x0
 .iplt          0x0800b870        0x0 D:/msys2/ucrt64/bin/../lib/gcc/arm-none-eabi/13.3.0/thumb/v7e-m+fp/hard/crtbegin.o

.rodata         0x0800b870       0xa4
                0x0800b870                        . = ALIGN (0x4)
 *(.rodata)
 .rodata        0x0800b870        0x9 CMakeFiles/Inverter_1.0.dir/User/jlink_rtt/SEGGER_RTT.c.obj
 *(.rodata*)
 *fill*         0x0800b879        0x3 
 .rodata.g_adc2_channel_cfg
                0x0800b87c       0x14 CMakeFiles/Inverter_1.0.dir/User/collection/collection.c.obj
 .rodata.g_adc_groups
                0x0800b890       0x1c CMakeFiles/Inverter_1.0.dir/User/collection/collection.c.obj
 .rodata.stratSequense
                0x0800b8ac       0x14 CMakeFiles/Inverter_1.0.dir/User/ask/ask.c.obj
                0x0800b8ac                stratSequense
 .rodata._aInitStr.0
                0x0800b8c0       0x11 CMakeFiles/Inverter_1.0.dir/User/jlink_rtt/SEGGER_RTT.c.obj
 *fill*         0x0800b8d1        0x3 
 .rodata.UARTPrescTable
                0x0800b8d4       0x18 CMakeFiles/Inverter_1.0.dir/Drivers/STM32G4xx_HAL_Driver/Src/stm32g4xx_hal_uart.c.obj
                0x0800b8d4                UARTPrescTable
 .rodata.numerator.1
                0x0800b8ec        0x8 CMakeFiles/Inverter_1.0.dir/Drivers/STM32G4xx_HAL_Driver/Src/stm32g4xx_hal_uart_ex.c.obj
 .rodata.denominator.0
                0x0800b8f4        0x8 CMakeFiles/Inverter_1.0.dir/Drivers/STM32G4xx_HAL_Driver/Src/stm32g4xx_hal_uart_ex.c.obj
 .rodata.AHBPrescTable
                0x0800b8fc       0x10 CMakeFiles/Inverter_1.0.dir/Core/Src/system_stm32g4xx.c.obj
                0x0800b8fc                AHBPrescTable
 .rodata.APBPrescTable
                0x0800b90c        0x8 CMakeFiles/Inverter_1.0.dir/Core/Src/system_stm32g4xx.c.obj
                0x0800b90c                APBPrescTable
                0x0800b914                        . = ALIGN (0x4)

.ARM.extab
 *(.ARM.extab* .gnu.linkonce.armextab.*)

.ARM            0x0800b914        0x8
                0x0800b914                        __exidx_start = .
 *(.ARM.exidx*)
 .ARM.exidx.text.__udivmoddi4
                0x0800b914        0x8 D:/msys2/ucrt64/bin/../lib/gcc/arm-none-eabi/13.3.0/thumb/v7e-m+fp/hard\libgcc.a(_udivmoddi4.o)
                0x0800b91c                        __exidx_end = .

.rel.dyn        0x0800b91c        0x0
 .rel.iplt      0x0800b91c        0x0 D:/msys2/ucrt64/bin/../lib/gcc/arm-none-eabi/13.3.0/thumb/v7e-m+fp/hard/crtbegin.o

.preinit_array  0x0800b91c        0x0
                0x0800b91c                        PROVIDE (__preinit_array_start = .)
 *(.preinit_array*)
                0x0800b91c                        PROVIDE (__preinit_array_end = .)

.init_array     0x0800b91c        0x4
                0x0800b91c                        PROVIDE (__init_array_start = .)
 *(SORT_BY_NAME(.init_array.*))
 *(.init_array*)
 .init_array    0x0800b91c        0x4 D:/msys2/ucrt64/bin/../lib/gcc/arm-none-eabi/13.3.0/thumb/v7e-m+fp/hard/crtbegin.o
                0x0800b920                        PROVIDE (__init_array_end = .)

.fini_array     0x0800b920        0x4
                0x0800b920                        PROVIDE (__fini_array_start = .)
 *(SORT_BY_NAME(.fini_array.*))
 *(.fini_array*)
 .fini_array    0x0800b920        0x4 D:/msys2/ucrt64/bin/../lib/gcc/arm-none-eabi/13.3.0/thumb/v7e-m+fp/hard/crtbegin.o
                0x0800b924                        PROVIDE (__fini_array_end = .)
                0x0800b924                        _sidata = LOADADDR (.data)

.data           0x20000000       0x2c load address 0x0800b924
                0x20000000                        . = ALIGN (0x4)
                0x20000000                        _sdata = .
 *(.data)
 *(.data*)
 .data.flag     0x20000000        0x1 CMakeFiles/Inverter_1.0.dir/User/task/task.c.obj
                0x20000000                flag
 *fill*         0x20000001        0x3 
 .data.valid_ask_arr
                0x20000004       0x14 CMakeFiles/Inverter_1.0.dir/User/task/task.c.obj
                0x20000004                valid_ask_arr
 .data.signal_freq
                0x20000018        0x2 CMakeFiles/Inverter_1.0.dir/User/task/task.c.obj
                0x20000018                signal_freq
 *fill*         0x2000001a        0x2 
 .data.vlo      0x2000001c        0x4 CMakeFiles/Inverter_1.0.dir/Core/Src/main.c.obj
                0x2000001c                vlo
 .data.uwTickPrio
                0x20000020        0x4 CMakeFiles/Inverter_1.0.dir/Drivers/STM32G4xx_HAL_Driver/Src/stm32g4xx_hal.c.obj
                0x20000020                uwTickPrio
 .data.uwTickFreq
                0x20000024        0x4 CMakeFiles/Inverter_1.0.dir/Drivers/STM32G4xx_HAL_Driver/Src/stm32g4xx_hal.c.obj
                0x20000024                uwTickFreq
 .data.SystemCoreClock
                0x20000028        0x4 CMakeFiles/Inverter_1.0.dir/Core/Src/system_stm32g4xx.c.obj
                0x20000028                SystemCoreClock
                0x2000002c                        . = ALIGN (0x4)
                0x2000002c                        _edata = .

.igot.plt       0x2000002c        0x0 load address 0x0800b950
 .igot.plt      0x2000002c        0x0 D:/msys2/ucrt64/bin/../lib/gcc/arm-none-eabi/13.3.0/thumb/v7e-m+fp/hard/crtbegin.o
                0x2000002c                        . = ALIGN (0x4)

.bss            0x2000002c      0xf58 load address 0x0800b950
                0x2000002c                        _sbss = .
                0x2000002c                        __bss_start__ = _sbss
 *(.bss)
 *(.bss*)
 .bss.completed.1
                0x2000002c        0x1 D:/msys2/ucrt64/bin/../lib/gcc/arm-none-eabi/13.3.0/thumb/v7e-m+fp/hard/crtbegin.o
 *fill*         0x2000002d        0x3 
 .bss.object.0  0x20000030       0x18 D:/msys2/ucrt64/bin/../lib/gcc/arm-none-eabi/13.3.0/thumb/v7e-m+fp/hard/crtbegin.o
 .bss.adc2_data
                0x20000048        0x8 CMakeFiles/Inverter_1.0.dir/User/collection/collection.c.obj
 .bss.adc3_data
                0x20000050       0x10 CMakeFiles/Inverter_1.0.dir/User/collection/collection.c.obj
 .bss.adc4_data
                0x20000060       0x18 CMakeFiles/Inverter_1.0.dir/User/collection/collection.c.obj
 .bss.ask_adc_data
                0x20000078        0x8 CMakeFiles/Inverter_1.0.dir/User/collection/collection.c.obj
 .bss.g_ask_com
                0x20000080       0x70 CMakeFiles/Inverter_1.0.dir/User/collection/collection.c.obj
 .bss.g_halfbridge_ctrl
                0x200000f0      0x1a0 CMakeFiles/Inverter_1.0.dir/User/collection/collection.c.obj
 .bss.g_channel_values
                0x20000290        0x4 CMakeFiles/Inverter_1.0.dir/User/collection/collection.c.obj
 .bss.g_channel_raw_avg
                0x20000294        0x2 CMakeFiles/Inverter_1.0.dir/User/collection/collection.c.obj
 *fill*         0x20000296        0x2 
 .bss.g_channel_vol
                0x20000298        0x4 CMakeFiles/Inverter_1.0.dir/User/collection/collection.c.obj
 .bss.g_source_avg_filter
                0x2000029c       0xd4 CMakeFiles/Inverter_1.0.dir/User/collection/collection.c.obj
 .bss.g_source_lpf
                0x20000370        0xc CMakeFiles/Inverter_1.0.dir/User/collection/collection.c.obj
 .bss.g_halfbridge_in_avg_filter
                0x2000037c       0xd4 CMakeFiles/Inverter_1.0.dir/User/collection/collection.c.obj
 .bss.g_halfbridge_i_lpf
                0x20000450        0xc CMakeFiles/Inverter_1.0.dir/User/collection/collection.c.obj
 .bss.g_halfbridge_out_v_lpf
                0x2000045c        0xc CMakeFiles/Inverter_1.0.dir/User/collection/collection.c.obj
 .bss.g_ask_raw_last
                0x20000468        0x2 CMakeFiles/Inverter_1.0.dir/User/collection/collection.c.obj
                0x20000468                g_ask_raw_last
 *fill*         0x2000046a        0x2 
 .bss.g_ask_raw_voltage
                0x2000046c        0x4 CMakeFiles/Inverter_1.0.dir/User/collection/collection.c.obj
                0x2000046c                g_ask_raw_voltage
 .bss.g_ask_raw_min
                0x20000470        0x2 CMakeFiles/Inverter_1.0.dir/User/collection/collection.c.obj
                0x20000470                g_ask_raw_min
 .bss.g_ask_raw_max
                0x20000472        0x2 CMakeFiles/Inverter_1.0.dir/User/collection/collection.c.obj
                0x20000472                g_ask_raw_max
 .bss.g_ask_raw_peak_to_peak
                0x20000474        0x2 CMakeFiles/Inverter_1.0.dir/User/collection/collection.c.obj
                0x20000474                g_ask_raw_peak_to_peak
 .bss.g_allow_ask
                0x20000476        0x1 CMakeFiles/Inverter_1.0.dir/User/collection/collection.c.obj
 .bss.g_ask_write_index
                0x20000477        0x1 CMakeFiles/Inverter_1.0.dir/User/collection/collection.c.obj
 .bss.g_cal_without_base_v
                0x20000478        0x4 CMakeFiles/Inverter_1.0.dir/User/collection/collection.c.obj
 .bss.now_state
                0x2000047c        0x1 CMakeFiles/Inverter_1.0.dir/User/task/task.c.obj
 .bss.g_tim6_running
                0x2000047d        0x1 CMakeFiles/Inverter_1.0.dir/User/task/task.c.obj
 .bss.g_lptim_running
                0x2000047e        0x1 CMakeFiles/Inverter_1.0.dir/User/task/task.c.obj
 .bss.g_collection_running
                0x2000047f        0x1 CMakeFiles/Inverter_1.0.dir/User/task/task.c.obj
 .bss.g_probe_ticks
                0x20000480        0x2 CMakeFiles/Inverter_1.0.dir/User/task/task.c.obj
 .bss.g_signal_divider_tick
                0x20000482        0x2 CMakeFiles/Inverter_1.0.dir/User/task/task.c.obj
 .bss.g_signal_pattern_index
                0x20000484        0x1 CMakeFiles/Inverter_1.0.dir/User/task/task.c.obj
 *fill*         0x20000485        0x1 
 .bss.freq      0x20000486        0x2 CMakeFiles/Inverter_1.0.dir/User/task/task.c.obj
                0x20000486                freq
 .bss.arr_value
                0x20000488        0x1 CMakeFiles/Inverter_1.0.dir/User/task/task.c.obj
                0x20000488                arr_value
 .bss.allow_    0x20000489        0x1 CMakeFiles/Inverter_1.0.dir/User/task/task.c.obj
                0x20000489                allow_
 *fill*         0x2000048a        0x2 
 .bss.now_bits  0x2000048c        0x4 CMakeFiles/Inverter_1.0.dir/User/ask/ask.c.obj
                0x2000048c                now_bits
 .bss.CommunicationStatus
                0x20000490        0x4 CMakeFiles/Inverter_1.0.dir/User/ask/ask.c.obj
 .bss._SEGGER_RTT
                0x20000494       0xa8 CMakeFiles/Inverter_1.0.dir/User/jlink_rtt/SEGGER_RTT.c.obj
                0x20000494                _SEGGER_RTT
 .bss._acUpBuffer
                0x2000053c      0x400 CMakeFiles/Inverter_1.0.dir/User/jlink_rtt/SEGGER_RTT.c.obj
 .bss._acDownBuffer
                0x2000093c       0x10 CMakeFiles/Inverter_1.0.dir/User/jlink_rtt/SEGGER_RTT.c.obj
 .bss.hadc2     0x2000094c       0x6c CMakeFiles/Inverter_1.0.dir/Core/Src/adc.c.obj
                0x2000094c                hadc2
 .bss.hadc3     0x200009b8       0x6c CMakeFiles/Inverter_1.0.dir/Core/Src/adc.c.obj
                0x200009b8                hadc3
 .bss.hadc4     0x20000a24       0x6c CMakeFiles/Inverter_1.0.dir/Core/Src/adc.c.obj
                0x20000a24                hadc4
 .bss.hdma_adc2
                0x20000a90       0x60 CMakeFiles/Inverter_1.0.dir/Core/Src/adc.c.obj
                0x20000a90                hdma_adc2
 .bss.hdma_adc3
                0x20000af0       0x60 CMakeFiles/Inverter_1.0.dir/Core/Src/adc.c.obj
                0x20000af0                hdma_adc3
 .bss.hdma_adc4
                0x20000b50       0x60 CMakeFiles/Inverter_1.0.dir/Core/Src/adc.c.obj
                0x20000b50                hdma_adc4
 .bss.HAL_RCC_ADC345_CLK_ENABLED
                0x20000bb0        0x4 CMakeFiles/Inverter_1.0.dir/Core/Src/adc.c.obj
 .bss.hdac1     0x20000bb4       0x14 CMakeFiles/Inverter_1.0.dir/Core/Src/dac.c.obj
                0x20000bb4                hdac1
 .bss.hdma_dac1_ch1
                0x20000bc8       0x60 CMakeFiles/Inverter_1.0.dir/Core/Src/dac.c.obj
                0x20000bc8                hdma_dac1_ch1
 .bss.hhrtim1   0x20000c28       0xfc CMakeFiles/Inverter_1.0.dir/Core/Src/hrtim.c.obj
                0x20000c28                hhrtim1
 .bss.hlptim1   0x20000d24       0x38 CMakeFiles/Inverter_1.0.dir/Core/Src/lptim.c.obj
                0x20000d24                hlptim1
 .bss.htim5     0x20000d5c       0x4c CMakeFiles/Inverter_1.0.dir/Core/Src/tim.c.obj
                0x20000d5c                htim5
 .bss.htim6     0x20000da8       0x4c CMakeFiles/Inverter_1.0.dir/Core/Src/tim.c.obj
                0x20000da8                htim6
 .bss.htim7     0x20000df4       0x4c CMakeFiles/Inverter_1.0.dir/Core/Src/tim.c.obj
                0x20000df4                htim7
 .bss.htim8     0x20000e40       0x4c CMakeFiles/Inverter_1.0.dir/Core/Src/tim.c.obj
                0x20000e40                htim8
 .bss.huart2    0x20000e8c       0x94 CMakeFiles/Inverter_1.0.dir/Core/Src/usart.c.obj
                0x20000e8c                huart2
 .bss.hdma_usart2_rx
                0x20000f20       0x60 CMakeFiles/Inverter_1.0.dir/Core/Src/usart.c.obj
                0x20000f20                hdma_usart2_rx
 .bss.uwTick    0x20000f80        0x4 CMakeFiles/Inverter_1.0.dir/Drivers/STM32G4xx_HAL_Driver/Src/stm32g4xx_hal.c.obj
                0x20000f80                uwTick
 *(COMMON)
                0x20000f84                        . = ALIGN (0x4)
                0x20000f84                        _ebss = .
                0x20000f84                        __bss_end__ = _ebss

._user_heap_stack
                0x20000f84     0x6004 load address 0x0800b950
                0x20000f88                        . = ALIGN (0x8)
 *fill*         0x20000f84        0x4 
                [!provide]                        PROVIDE (end = .)
                0x20000f88                        PROVIDE (_end = .)
                0x20002f88                        . = (. + _Min_Heap_Size)
 *fill*         0x20000f88     0x2000 
                0x20006f88                        . = (. + _Min_Stack_Size)
 *fill*         0x20002f88     0x4000 
                0x20006f88                        . = ALIGN (0x8)

/DISCARD/
 libc.a(*)
 libm.a(*)
 libgcc.a(*)
OUTPUT(Inverter_1.0.elf elf32-littlearm)
LOAD linker stubs
LOAD D:/msys2/ucrt64/bin/../lib/gcc/arm-none-eabi/13.3.0/../../../../arm-none-eabi/lib/thumb/v7e-m+fp/hard\libc.a
LOAD D:/msys2/ucrt64/bin/../lib/gcc/arm-none-eabi/13.3.0/../../../../arm-none-eabi/lib/thumb/v7e-m+fp/hard\libm.a
LOAD D:/msys2/ucrt64/bin/../lib/gcc/arm-none-eabi/13.3.0/thumb/v7e-m+fp/hard\libgcc.a

.ARM.attributes
                0x00000000       0x30
 .ARM.attributes
                0x00000000       0x22 D:/msys2/ucrt64/bin/../lib/gcc/arm-none-eabi/13.3.0/thumb/v7e-m+fp/hard/crti.o
 .ARM.attributes
                0x00000022       0x34 D:/msys2/ucrt64/bin/../lib/gcc/arm-none-eabi/13.3.0/thumb/v7e-m+fp/hard/crtbegin.o
 .ARM.attributes
                0x00000056       0x34 D:/msys2/ucrt64/bin/../lib/gcc/arm-none-eabi/13.3.0/../../../../arm-none-eabi/lib/thumb/v7e-m+fp/hard\libc_nano.a(libc_a-memset.o)
 .ARM.attributes
                0x0000008a       0x34 D:/msys2/ucrt64/bin/../lib/gcc/arm-none-eabi/13.3.0/../../../../arm-none-eabi/lib/thumb/v7e-m+fp/hard\libc_nano.a(libc_a-init.o)
 .ARM.attributes
                0x000000be       0x34 CMakeFiles/Inverter_1.0.dir/User/collection/collection.c.obj
 .ARM.attributes
                0x000000f2       0x34 CMakeFiles/Inverter_1.0.dir/User/task/task.c.obj
 .ARM.attributes
                0x00000126       0x34 CMakeFiles/Inverter_1.0.dir/User/pid/pid.c.obj
 .ARM.attributes
                0x0000015a       0x34 CMakeFiles/Inverter_1.0.dir/User/ask/ask.c.obj
 .ARM.attributes
                0x0000018e       0x34 CMakeFiles/Inverter_1.0.dir/User/delaytrigger/delaytrigger.c.obj
 .ARM.attributes
                0x000001c2       0x34 CMakeFiles/Inverter_1.0.dir/User/user_math/user_math.c.obj
 .ARM.attributes
                0x000001f6       0x34 CMakeFiles/Inverter_1.0.dir/User/jlink_rtt/SEGGER_RTT.c.obj
 .ARM.attributes
                0x0000022a       0x34 CMakeFiles/Inverter_1.0.dir/User/halfbridge_controller/halfbridge_ctrl.c.obj
 .ARM.attributes
                0x0000025e       0x34 CMakeFiles/Inverter_1.0.dir/Core/Src/main.c.obj
 .ARM.attributes
                0x00000292       0x34 CMakeFiles/Inverter_1.0.dir/Core/Src/gpio.c.obj
 .ARM.attributes
                0x000002c6       0x34 CMakeFiles/Inverter_1.0.dir/Core/Src/adc.c.obj
 .ARM.attributes
                0x000002fa       0x34 CMakeFiles/Inverter_1.0.dir/Core/Src/dac.c.obj
 .ARM.attributes
                0x0000032e       0x34 CMakeFiles/Inverter_1.0.dir/Core/Src/dma.c.obj
 .ARM.attributes
                0x00000362       0x34 CMakeFiles/Inverter_1.0.dir/Core/Src/hrtim.c.obj
 .ARM.attributes
                0x00000396       0x34 CMakeFiles/Inverter_1.0.dir/Core/Src/lptim.c.obj
 .ARM.attributes
                0x000003ca       0x34 CMakeFiles/Inverter_1.0.dir/Core/Src/tim.c.obj
 .ARM.attributes
                0x000003fe       0x34 CMakeFiles/Inverter_1.0.dir/Core/Src/usart.c.obj
 .ARM.attributes
                0x00000432       0x34 CMakeFiles/Inverter_1.0.dir/Core/Src/stm32g4xx_it.c.obj
 .ARM.attributes
                0x00000466       0x34 CMakeFiles/Inverter_1.0.dir/Core/Src/stm32g4xx_hal_msp.c.obj
 .ARM.attributes
                0x0000049a       0x34 CMakeFiles/Inverter_1.0.dir/Drivers/STM32G4xx_HAL_Driver/Src/stm32g4xx_hal_adc.c.obj
 .ARM.attributes
                0x000004ce       0x34 CMakeFiles/Inverter_1.0.dir/Drivers/STM32G4xx_HAL_Driver/Src/stm32g4xx_hal_adc_ex.c.obj
 .ARM.attributes
                0x00000502       0x34 CMakeFiles/Inverter_1.0.dir/Drivers/STM32G4xx_HAL_Driver/Src/stm32g4xx_hal.c.obj
 .ARM.attributes
                0x00000536       0x34 CMakeFiles/Inverter_1.0.dir/Drivers/STM32G4xx_HAL_Driver/Src/stm32g4xx_hal_rcc.c.obj
 .ARM.attributes
                0x0000056a       0x34 CMakeFiles/Inverter_1.0.dir/Drivers/STM32G4xx_HAL_Driver/Src/stm32g4xx_hal_rcc_ex.c.obj
 .ARM.attributes
                0x0000059e       0x34 CMakeFiles/Inverter_1.0.dir/Drivers/STM32G4xx_HAL_Driver/Src/stm32g4xx_hal_gpio.c.obj
 .ARM.attributes
                0x000005d2       0x34 CMakeFiles/Inverter_1.0.dir/Drivers/STM32G4xx_HAL_Driver/Src/stm32g4xx_hal_dma.c.obj
 .ARM.attributes
                0x00000606       0x34 CMakeFiles/Inverter_1.0.dir/Drivers/STM32G4xx_HAL_Driver/Src/stm32g4xx_hal_pwr_ex.c.obj
 .ARM.attributes
                0x0000063a       0x34 CMakeFiles/Inverter_1.0.dir/Drivers/STM32G4xx_HAL_Driver/Src/stm32g4xx_hal_cortex.c.obj
 .ARM.attributes
                0x0000066e       0x34 CMakeFiles/Inverter_1.0.dir/Drivers/STM32G4xx_HAL_Driver/Src/stm32g4xx_hal_dac.c.obj
 .ARM.attributes
                0x000006a2       0x34 CMakeFiles/Inverter_1.0.dir/Drivers/STM32G4xx_HAL_Driver/Src/stm32g4xx_hal_dac_ex.c.obj
 .ARM.attributes
                0x000006d6       0x34 CMakeFiles/Inverter_1.0.dir/Drivers/STM32G4xx_HAL_Driver/Src/stm32g4xx_hal_hrtim.c.obj
 .ARM.attributes
                0x0000070a       0x34 CMakeFiles/Inverter_1.0.dir/Drivers/STM32G4xx_HAL_Driver/Src/stm32g4xx_hal_lptim.c.obj
 .ARM.attributes
                0x0000073e       0x34 CMakeFiles/Inverter_1.0.dir/Drivers/STM32G4xx_HAL_Driver/Src/stm32g4xx_hal_tim.c.obj
 .ARM.attributes
                0x00000772       0x34 CMakeFiles/Inverter_1.0.dir/Drivers/STM32G4xx_HAL_Driver/Src/stm32g4xx_hal_tim_ex.c.obj
 .ARM.attributes
                0x000007a6       0x34 CMakeFiles/Inverter_1.0.dir/Drivers/STM32G4xx_HAL_Driver/Src/stm32g4xx_hal_uart.c.obj
 .ARM.attributes
                0x000007da       0x34 CMakeFiles/Inverter_1.0.dir/Drivers/STM32G4xx_HAL_Driver/Src/stm32g4xx_hal_uart_ex.c.obj
 .ARM.attributes
                0x0000080e       0x34 CMakeFiles/Inverter_1.0.dir/Core/Src/system_stm32g4xx.c.obj
 .ARM.attributes
                0x00000842       0x21 CMakeFiles/Inverter_1.0.dir/startup_stm32g474xx.s.obj
 .ARM.attributes
                0x00000863       0x22 D:/msys2/ucrt64/bin/../lib/gcc/arm-none-eabi/13.3.0/thumb/v7e-m+fp/hard\libgcc.a(_arm_addsubdf3.o)
 .ARM.attributes
                0x00000885       0x22 D:/msys2/ucrt64/bin/../lib/gcc/arm-none-eabi/13.3.0/thumb/v7e-m+fp/hard\libgcc.a(_arm_muldivdf3.o)
 .ARM.attributes
                0x000008a7       0x22 D:/msys2/ucrt64/bin/../lib/gcc/arm-none-eabi/13.3.0/thumb/v7e-m+fp/hard\libgcc.a(_arm_fixunsdfsi.o)
 .ARM.attributes
                0x000008c9       0x22 D:/msys2/ucrt64/bin/../lib/gcc/arm-none-eabi/13.3.0/thumb/v7e-m+fp/hard\libgcc.a(_aeabi_uldivmod.o)
 .ARM.attributes
                0x000008eb       0x34 D:/msys2/ucrt64/bin/../lib/gcc/arm-none-eabi/13.3.0/thumb/v7e-m+fp/hard\libgcc.a(_udivmoddi4.o)
 .ARM.attributes
                0x0000091f       0x22 D:/msys2/ucrt64/bin/../lib/gcc/arm-none-eabi/13.3.0/thumb/v7e-m+fp/hard\libgcc.a(_dvmd_tls.o)
 .ARM.attributes
                0x00000941       0x22 D:/msys2/ucrt64/bin/../lib/gcc/arm-none-eabi/13.3.0/thumb/v7e-m+fp/hard/crtn.o

.comment        0x00000000       0x12
 .comment       0x00000000       0x12 D:/msys2/ucrt64/bin/../lib/gcc/arm-none-eabi/13.3.0/../../../../arm-none-eabi/lib/thumb/v7e-m+fp/hard\libc_nano.a(libc_a-memset.o)
                                 0x13 (size before relaxing)
 .comment       0x00000012        0x0 D:/msys2/ucrt64/bin/../lib/gcc/arm-none-eabi/13.3.0/../../../../arm-none-eabi/lib/thumb/v7e-m+fp/hard\libc_nano.a(libc_a-init.o)
                                 0x13 (size before relaxing)
 .comment       0x00000012        0x0 CMakeFiles/Inverter_1.0.dir/User/collection/collection.c.obj
                                 0x13 (size before relaxing)
 .comment       0x00000012        0x0 CMakeFiles/Inverter_1.0.dir/User/task/task.c.obj
                                 0x13 (size before relaxing)
 .comment       0x00000012        0x0 CMakeFiles/Inverter_1.0.dir/User/pid/pid.c.obj
                                 0x13 (size before relaxing)
 .comment       0x00000012        0x0 CMakeFiles/Inverter_1.0.dir/User/ask/ask.c.obj
                                 0x13 (size before relaxing)
 .comment       0x00000012        0x0 CMakeFiles/Inverter_1.0.dir/User/delaytrigger/delaytrigger.c.obj
                                 0x13 (size before relaxing)
 .comment       0x00000012        0x0 CMakeFiles/Inverter_1.0.dir/User/user_math/user_math.c.obj
                                 0x13 (size before relaxing)
 .comment       0x00000012        0x0 CMakeFiles/Inverter_1.0.dir/User/jlink_rtt/SEGGER_RTT.c.obj
                                 0x13 (size before relaxing)
 .comment       0x00000012        0x0 CMakeFiles/Inverter_1.0.dir/User/halfbridge_controller/halfbridge_ctrl.c.obj
                                 0x13 (size before relaxing)
 .comment       0x00000012        0x0 CMakeFiles/Inverter_1.0.dir/Core/Src/main.c.obj
                                 0x13 (size before relaxing)
 .comment       0x00000012        0x0 CMakeFiles/Inverter_1.0.dir/Core/Src/gpio.c.obj
                                 0x13 (size before relaxing)
 .comment       0x00000012        0x0 CMakeFiles/Inverter_1.0.dir/Core/Src/adc.c.obj
                                 0x13 (size before relaxing)
 .comment       0x00000012        0x0 CMakeFiles/Inverter_1.0.dir/Core/Src/dac.c.obj
                                 0x13 (size before relaxing)
 .comment       0x00000012        0x0 CMakeFiles/Inverter_1.0.dir/Core/Src/dma.c.obj
                                 0x13 (size before relaxing)
 .comment       0x00000012        0x0 CMakeFiles/Inverter_1.0.dir/Core/Src/hrtim.c.obj
                                 0x13 (size before relaxing)
 .comment       0x00000012        0x0 CMakeFiles/Inverter_1.0.dir/Core/Src/lptim.c.obj
                                 0x13 (size before relaxing)
 .comment       0x00000012        0x0 CMakeFiles/Inverter_1.0.dir/Core/Src/tim.c.obj
                                 0x13 (size before relaxing)
 .comment       0x00000012        0x0 CMakeFiles/Inverter_1.0.dir/Core/Src/usart.c.obj
                                 0x13 (size before relaxing)
 .comment       0x00000012        0x0 CMakeFiles/Inverter_1.0.dir/Core/Src/stm32g4xx_it.c.obj
                                 0x13 (size before relaxing)
 .comment       0x00000012        0x0 CMakeFiles/Inverter_1.0.dir/Core/Src/stm32g4xx_hal_msp.c.obj
                                 0x13 (size before relaxing)
 .comment       0x00000012        0x0 CMakeFiles/Inverter_1.0.dir/Drivers/STM32G4xx_HAL_Driver/Src/stm32g4xx_hal_adc.c.obj
                                 0x13 (size before relaxing)
 .comment       0x00000012        0x0 CMakeFiles/Inverter_1.0.dir/Drivers/STM32G4xx_HAL_Driver/Src/stm32g4xx_hal_adc_ex.c.obj
                                 0x13 (size before relaxing)
 .comment       0x00000012        0x0 CMakeFiles/Inverter_1.0.dir/Drivers/STM32G4xx_HAL_Driver/Src/stm32g4xx_hal.c.obj
                                 0x13 (size before relaxing)
 .comment       0x00000012        0x0 CMakeFiles/Inverter_1.0.dir/Drivers/STM32G4xx_HAL_Driver/Src/stm32g4xx_hal_rcc.c.obj
                                 0x13 (size before relaxing)
 .comment       0x00000012        0x0 CMakeFiles/Inverter_1.0.dir/Drivers/STM32G4xx_HAL_Driver/Src/stm32g4xx_hal_rcc_ex.c.obj
                                 0x13 (size before relaxing)
 .comment       0x00000012        0x0 CMakeFiles/Inverter_1.0.dir/Drivers/STM32G4xx_HAL_Driver/Src/stm32g4xx_hal_gpio.c.obj
                                 0x13 (size before relaxing)
 .comment       0x00000012        0x0 CMakeFiles/Inverter_1.0.dir/Drivers/STM32G4xx_HAL_Driver/Src/stm32g4xx_hal_dma.c.obj
                                 0x13 (size before relaxing)
 .comment       0x00000012        0x0 CMakeFiles/Inverter_1.0.dir/Drivers/STM32G4xx_HAL_Driver/Src/stm32g4xx_hal_pwr_ex.c.obj
                                 0x13 (size before relaxing)
 .comment       0x00000012        0x0 CMakeFiles/Inverter_1.0.dir/Drivers/STM32G4xx_HAL_Driver/Src/stm32g4xx_hal_cortex.c.obj
                                 0x13 (size before relaxing)
 .comment       0x00000012        0x0 CMakeFiles/Inverter_1.0.dir/Drivers/STM32G4xx_HAL_Driver/Src/stm32g4xx_hal_dac.c.obj
                                 0x13 (size before relaxing)
 .comment       0x00000012        0x0 CMakeFiles/Inverter_1.0.dir/Drivers/STM32G4xx_HAL_Driver/Src/stm32g4xx_hal_dac_ex.c.obj
                                 0x13 (size before relaxing)
 .comment       0x00000012        0x0 CMakeFiles/Inverter_1.0.dir/Drivers/STM32G4xx_HAL_Driver/Src/stm32g4xx_hal_hrtim.c.obj
                                 0x13 (size before relaxing)
 .comment       0x00000012        0x0 CMakeFiles/Inverter_1.0.dir/Drivers/STM32G4xx_HAL_Driver/Src/stm32g4xx_hal_lptim.c.obj
                                 0x13 (size before relaxing)
 .comment       0x00000012        0x0 CMakeFiles/Inverter_1.0.dir/Drivers/STM32G4xx_HAL_Driver/Src/stm32g4xx_hal_tim.c.obj
                                 0x13 (size before relaxing)
 .comment       0x00000012        0x0 CMakeFiles/Inverter_1.0.dir/Drivers/STM32G4xx_HAL_Driver/Src/stm32g4xx_hal_tim_ex.c.obj
                                 0x13 (size before relaxing)
 .comment       0x00000012        0x0 CMakeFiles/Inverter_1.0.dir/Drivers/STM32G4xx_HAL_Driver/Src/stm32g4xx_hal_uart.c.obj
                                 0x13 (size before relaxing)
 .comment       0x00000012        0x0 CMakeFiles/Inverter_1.0.dir/Drivers/STM32G4xx_HAL_Driver/Src/stm32g4xx_hal_uart_ex.c.obj
                                 0x13 (size before relaxing)
 .comment       0x00000012        0x0 CMakeFiles/Inverter_1.0.dir/Core/Src/system_stm32g4xx.c.obj
                                 0x13 (size before relaxing)
 .comment       0x00000012        0x0 D:/msys2/ucrt64/bin/../lib/gcc/arm-none-eabi/13.3.0/thumb/v7e-m+fp/hard\libgcc.a(_udivmoddi4.o)
                                 0x13 (size before relaxing)

.debug_info     0x00000000    0x2a1b0
 .debug_info    0x00000000      0x135 D:/msys2/ucrt64/bin/../lib/gcc/arm-none-eabi/13.3.0/../../../../arm-none-eabi/lib/thumb/v7e-m+fp/hard\libc_nano.a(libc_a-memset.o)
 .debug_info    0x00000135      0x10b D:/msys2/ucrt64/bin/../lib/gcc/arm-none-eabi/13.3.0/../../../../arm-none-eabi/lib/thumb/v7e-m+fp/hard\libc_nano.a(libc_a-init.o)
 .debug_info    0x00000240     0x16e7 CMakeFiles/Inverter_1.0.dir/User/collection/collection.c.obj
 .debug_info    0x00001927     0x1e5d CMakeFiles/Inverter_1.0.dir/User/task/task.c.obj
 .debug_info    0x00003784      0x465 CMakeFiles/Inverter_1.0.dir/User/pid/pid.c.obj
 .debug_info    0x00003be9      0xcd8 CMakeFiles/Inverter_1.0.dir/User/ask/ask.c.obj
 .debug_info    0x000048c1      0x1cf CMakeFiles/Inverter_1.0.dir/User/delaytrigger/delaytrigger.c.obj
 .debug_info    0x00004a90      0x48a CMakeFiles/Inverter_1.0.dir/User/user_math/user_math.c.obj
 .debug_info    0x00004f1a     0x1586 CMakeFiles/Inverter_1.0.dir/User/jlink_rtt/SEGGER_RTT.c.obj
 .debug_info    0x000064a0     0x11ae CMakeFiles/Inverter_1.0.dir/User/halfbridge_controller/halfbridge_ctrl.c.obj
 .debug_info    0x0000764e      0x958 CMakeFiles/Inverter_1.0.dir/Core/Src/main.c.obj
 .debug_info    0x00007fa6      0x75e CMakeFiles/Inverter_1.0.dir/Core/Src/gpio.c.obj
 .debug_info    0x00008704     0x10a7 CMakeFiles/Inverter_1.0.dir/Core/Src/adc.c.obj
 .debug_info    0x000097ab      0xe85 CMakeFiles/Inverter_1.0.dir/Core/Src/dac.c.obj
 .debug_info    0x0000a630      0x5c7 CMakeFiles/Inverter_1.0.dir/Core/Src/dma.c.obj
 .debug_info    0x0000abf7     0x152c CMakeFiles/Inverter_1.0.dir/Core/Src/hrtim.c.obj
 .debug_info    0x0000c123      0x9f3 CMakeFiles/Inverter_1.0.dir/Core/Src/lptim.c.obj
 .debug_info    0x0000cb16      0xfb1 CMakeFiles/Inverter_1.0.dir/Core/Src/tim.c.obj
 .debug_info    0x0000dac7     0x10d8 CMakeFiles/Inverter_1.0.dir/Core/Src/usart.c.obj
 .debug_info    0x0000eb9f     0x11f7 CMakeFiles/Inverter_1.0.dir/Core/Src/stm32g4xx_it.c.obj
 .debug_info    0x0000fd96      0x2da CMakeFiles/Inverter_1.0.dir/Core/Src/stm32g4xx_hal_msp.c.obj
 .debug_info    0x00010070     0x2063 CMakeFiles/Inverter_1.0.dir/Drivers/STM32G4xx_HAL_Driver/Src/stm32g4xx_hal_adc.c.obj
 .debug_info    0x000120d3     0x1d80 CMakeFiles/Inverter_1.0.dir/Drivers/STM32G4xx_HAL_Driver/Src/stm32g4xx_hal_adc_ex.c.obj
 .debug_info    0x00013e53      0xb95 CMakeFiles/Inverter_1.0.dir/Drivers/STM32G4xx_HAL_Driver/Src/stm32g4xx_hal.c.obj
 .debug_info    0x000149e8      0xbe0 CMakeFiles/Inverter_1.0.dir/Drivers/STM32G4xx_HAL_Driver/Src/stm32g4xx_hal_rcc.c.obj
 .debug_info    0x000155c8      0xc45 CMakeFiles/Inverter_1.0.dir/Drivers/STM32G4xx_HAL_Driver/Src/stm32g4xx_hal_rcc_ex.c.obj
 .debug_info    0x0001620d      0x763 CMakeFiles/Inverter_1.0.dir/Drivers/STM32G4xx_HAL_Driver/Src/stm32g4xx_hal_gpio.c.obj
 .debug_info    0x00016970      0x85f CMakeFiles/Inverter_1.0.dir/Drivers/STM32G4xx_HAL_Driver/Src/stm32g4xx_hal_dma.c.obj
 .debug_info    0x000171cf      0x93f CMakeFiles/Inverter_1.0.dir/Drivers/STM32G4xx_HAL_Driver/Src/stm32g4xx_hal_pwr_ex.c.obj
 .debug_info    0x00017b0e      0xdf9 CMakeFiles/Inverter_1.0.dir/Drivers/STM32G4xx_HAL_Driver/Src/stm32g4xx_hal_cortex.c.obj
 .debug_info    0x00018907      0xcbc CMakeFiles/Inverter_1.0.dir/Drivers/STM32G4xx_HAL_Driver/Src/stm32g4xx_hal_dac.c.obj
 .debug_info    0x000195c3      0xd74 CMakeFiles/Inverter_1.0.dir/Drivers/STM32G4xx_HAL_Driver/Src/stm32g4xx_hal_dac_ex.c.obj
 .debug_info    0x0001a337     0x3f23 CMakeFiles/Inverter_1.0.dir/Drivers/STM32G4xx_HAL_Driver/Src/stm32g4xx_hal_hrtim.c.obj
 .debug_info    0x0001e25a      0xeed CMakeFiles/Inverter_1.0.dir/Drivers/STM32G4xx_HAL_Driver/Src/stm32g4xx_hal_lptim.c.obj
 .debug_info    0x0001f147     0x2c52 CMakeFiles/Inverter_1.0.dir/Drivers/STM32G4xx_HAL_Driver/Src/stm32g4xx_hal_tim.c.obj
 .debug_info    0x00021d99     0x1d95 CMakeFiles/Inverter_1.0.dir/Drivers/STM32G4xx_HAL_Driver/Src/stm32g4xx_hal_tim_ex.c.obj
 .debug_info    0x00023b2e     0x481e CMakeFiles/Inverter_1.0.dir/Drivers/STM32G4xx_HAL_Driver/Src/stm32g4xx_hal_uart.c.obj
 .debug_info    0x0002834c      0xfdd CMakeFiles/Inverter_1.0.dir/Drivers/STM32G4xx_HAL_Driver/Src/stm32g4xx_hal_uart_ex.c.obj
 .debug_info    0x00029329      0x58e CMakeFiles/Inverter_1.0.dir/Core/Src/system_stm32g4xx.c.obj
 .debug_info    0x000298b7       0x30 CMakeFiles/Inverter_1.0.dir/startup_stm32g474xx.s.obj
 .debug_info    0x000298e7       0xd3 D:/msys2/ucrt64/bin/../lib/gcc/arm-none-eabi/13.3.0/thumb/v7e-m+fp/hard\libgcc.a(_arm_addsubdf3.o)
 .debug_info    0x000299ba       0x57 D:/msys2/ucrt64/bin/../lib/gcc/arm-none-eabi/13.3.0/thumb/v7e-m+fp/hard\libgcc.a(_arm_muldivdf3.o)
 .debug_info    0x00029a11       0x3c D:/msys2/ucrt64/bin/../lib/gcc/arm-none-eabi/13.3.0/thumb/v7e-m+fp/hard\libgcc.a(_arm_fixunsdfsi.o)
 .debug_info    0x00029a4d       0x24 D:/msys2/ucrt64/bin/../lib/gcc/arm-none-eabi/13.3.0/thumb/v7e-m+fp/hard\libgcc.a(_aeabi_uldivmod.o)