Archive member included to satisfy reference by file (symbol)

C:/Users/86178/AppData/Local/stm32cube/bundles/gnu-tools-for-stm32/14.3.1+st.2/bin/../lib/gcc/arm-none-eabi/14.3.1/../../../../arm-none-eabi/lib/thumb/v7e-m+fp/hard\libm.a(libm_a-wf_sqrt.o)
                              CMakeFiles/Inverter_1.0.dir/User_cpp/Driver/user_math/user_math.cpp.obj (sqrtf)
C:/Users/86178/AppData/Local/stm32cube/bundles/gnu-tools-for-stm32/14.3.1+st.2/bin/../lib/gcc/arm-none-eabi/14.3.1/../../../../arm-none-eabi/lib/thumb/v7e-m+fp/hard\libm.a(libm_a-ef_sqrt.o)
                              C:/Users/86178/AppData/Local/stm32cube/bundles/gnu-tools-for-stm32/14.3.1+st.2/bin/../lib/gcc/arm-none-eabi/14.3.1/../../../../arm-none-eabi/lib/thumb/v7e-m+fp/hard\libm.a(libm_a-wf_sqrt.o) (__ieee754_sqrtf)
C:/Users/86178/AppData/Local/stm32cube/bundles/gnu-tools-for-stm32/14.3.1+st.2/bin/../lib/gcc/arm-none-eabi/14.3.1/../../../../arm-none-eabi/lib/thumb/v7e-m+fp/hard\libc_nano.a(libc_a-exit.o)
                              C:/Users/86178/AppData/Local/stm32cube/bundles/gnu-tools-for-stm32/14.3.1+st.2/bin/../lib/gcc/arm-none-eabi/14.3.1/../../../../arm-none-eabi/lib/thumb/v7e-m+fp/hard/crt0.o (exit)
C:/Users/86178/AppData/Local/stm32cube/bundles/gnu-tools-for-stm32/14.3.1+st.2/bin/../lib/gcc/arm-none-eabi/14.3.1/../../../../arm-none-eabi/lib/thumb/v7e-m+fp/hard\libc_nano.a(libc_a-findfp.o)
                              C:/Users/86178/AppData/Local/stm32cube/bundles/gnu-tools-for-stm32/14.3.1+st.2/bin/../lib/gcc/arm-none-eabi/14.3.1/../../../../arm-none-eabi/lib/thumb/v7e-m+fp/hard\libc_nano.a(libc_a-exit.o) (__stdio_exit_handler)
C:/Users/86178/AppData/Local/stm32cube/bundles/gnu-tools-for-stm32/14.3.1+st.2/bin/../lib/gcc/arm-none-eabi/14.3.1/../../../../arm-none-eabi/lib/thumb/v7e-m+fp/hard\libc_nano.a(libc_a-fwalk.o)
                              C:/Users/86178/AppData/Local/stm32cube/bundles/gnu-tools-for-stm32/14.3.1+st.2/bin/../lib/gcc/arm-none-eabi/14.3.1/../../../../arm-none-eabi/lib/thumb/v7e-m+fp/hard\libc_nano.a(libc_a-findfp.o) (_fwalk_sglue)
C:/Users/86178/AppData/Local/stm32cube/bundles/gnu-tools-for-stm32/14.3.1+st.2/bin/../lib/gcc/arm-none-eabi/14.3.1/../../../../arm-none-eabi/lib/thumb/v7e-m+fp/hard\libc_nano.a(libc_a-stdio.o)
                              C:/Users/86178/AppData/Local/stm32cube/bundles/gnu-tools-for-stm32/14.3.1+st.2/bin/../lib/gcc/arm-none-eabi/14.3.1/../../../../arm-none-eabi/lib/thumb/v7e-m+fp/hard\libc_nano.a(libc_a-findfp.o) (__sread)
C:/Users/86178/AppData/Local/stm32cube/bundles/gnu-tools-for-stm32/14.3.1+st.2/bin/../lib/gcc/arm-none-eabi/14.3.1/../../../../arm-none-eabi/lib/thumb/v7e-m+fp/hard\libc_nano.a(libc_a-memset.o)
                              C:/Users/86178/AppData/Local/stm32cube/bundles/gnu-tools-for-stm32/14.3.1+st.2/bin/../lib/gcc/arm-none-eabi/14.3.1/../../../../arm-none-eabi/lib/thumb/v7e-m+fp/hard/crt0.o (memset)
C:/Users/86178/AppData/Local/stm32cube/bundles/gnu-tools-for-stm32/14.3.1+st.2/bin/../lib/gcc/arm-none-eabi/14.3.1/../../../../arm-none-eabi/lib/thumb/v7e-m+fp/hard\libc_nano.a(libc_a-closer.o)
                              C:/Users/86178/AppData/Local/stm32cube/bundles/gnu-tools-for-stm32/14.3.1+st.2/bin/../lib/gcc/arm-none-eabi/14.3.1/../../../../arm-none-eabi/lib/thumb/v7e-m+fp/hard\libc_nano.a(libc_a-stdio.o) (_close_r)
C:/Users/86178/AppData/Local/stm32cube/bundles/gnu-tools-for-stm32/14.3.1+st.2/bin/../lib/gcc/arm-none-eabi/14.3.1/../../../../arm-none-eabi/lib/thumb/v7e-m+fp/hard\libc_nano.a(libc_a-reent.o)
                              C:/Users/86178/AppData/Local/stm32cube/bundles/gnu-tools-for-stm32/14.3.1+st.2/bin/../lib/gcc/arm-none-eabi/14.3.1/../../../../arm-none-eabi/lib/thumb/v7e-m+fp/hard\libc_nano.a(libc_a-closer.o) (errno)
C:/Users/86178/AppData/Local/stm32cube/bundles/gnu-tools-for-stm32/14.3.1+st.2/bin/../lib/gcc/arm-none-eabi/14.3.1/../../../../arm-none-eabi/lib/thumb/v7e-m+fp/hard\libc_nano.a(libc_a-impure.o)
                              C:/Users/86178/AppData/Local/stm32cube/bundles/gnu-tools-for-stm32/14.3.1+st.2/bin/../lib/gcc/arm-none-eabi/14.3.1/../../../../arm-none-eabi/lib/thumb/v7e-m+fp/hard\libc_nano.a(libc_a-reent.o) (_impure_ptr)
C:/Users/86178/AppData/Local/stm32cube/bundles/gnu-tools-for-stm32/14.3.1+st.2/bin/../lib/gcc/arm-none-eabi/14.3.1/../../../../arm-none-eabi/lib/thumb/v7e-m+fp/hard\libc_nano.a(libc_a-lseekr.o)
                              C:/Users/86178/AppData/Local/stm32cube/bundles/gnu-tools-for-stm32/14.3.1+st.2/bin/../lib/gcc/arm-none-eabi/14.3.1/../../../../arm-none-eabi/lib/thumb/v7e-m+fp/hard\libc_nano.a(libc_a-stdio.o) (_lseek_r)
C:/Users/86178/AppData/Local/stm32cube/bundles/gnu-tools-for-stm32/14.3.1+st.2/bin/../lib/gcc/arm-none-eabi/14.3.1/../../../../arm-none-eabi/lib/thumb/v7e-m+fp/hard\libc_nano.a(libc_a-readr.o)
[...]
Memory Configuration

Name             Origin             Length             Attributes
RAM              0x20000000         0x00020000         xrw
FLASH            0x08000000         0x00020000         xr
*default*        0x00000000         0xffffffff

Linker script and memory map

LOAD C:/Users/86178/AppData/Local/stm32cube/bundles/gnu-tools-for-stm32/14.3.1+st.2/bin/../lib/gcc/arm-none-eabi/14.3.1/thumb/v7e-m+fp/hard/crti.o
LOAD C:/Users/86178/AppData/Local/stm32cube/bundles/gnu-tools-for-stm32/14.3.1+st.2/bin/../lib/gcc/arm-none-eabi/14.3.1/thumb/v7e-m+fp/hard/crtbegin.o
LOAD C:/Users/86178/AppData/Local/stm32cube/bundles/gnu-tools-for-stm32/14.3.1+st.2/bin/../lib/gcc/arm-none-eabi/14.3.1/../../../../arm-none-eabi/lib/thumb/v7e-m+fp/hard/crt0.o
START GROUP
END GROUP
START GROUP
LOAD C:/Users/86178/AppData/Local/stm32cube/bundles/gnu-tools-for-stm32/14.3.1+st.2/bin/../lib/gcc/arm-none-eabi/14.3.1/../../../../arm-none-eabi/lib/thumb/v7e-m+fp/hard\libstdc++_nano.a
LOAD C:/Users/86178/AppData/Local/stm32cube/bundles/gnu-tools-for-stm32/14.3.1+st.2/bin/../lib/gcc/arm-none-eabi/14.3.1/../../../../arm-none-eabi/lib/thumb/v7e-m+fp/hard\libsupc++_nano.a
END GROUP
LOAD CMakeFiles/Inverter_1.0.dir/User_cpp/Driver/pid/pid.cpp.obj
LOAD CMakeFiles/Inverter_1.0.dir/User_cpp/Driver/bsp_adc/bsp_adc.cpp.obj
LOAD CMakeFiles/Inverter_1.0.dir/User_cpp/Driver/bsp_hrtim/bsp_hrtim.cpp.obj
LOAD CMakeFiles/Inverter_1.0.dir/User_cpp/Driver/ask/ask.cpp.obj
LOAD CMakeFiles/Inverter_1.0.dir/User_cpp/Driver/delaytrigger/delaytrigger.cpp.obj
LOAD CMakeFiles/Inverter_1.0.dir/User_cpp/Driver/user_math/user_math.cpp.obj
LOAD CMakeFiles/Inverter_1.0.dir/User_cpp/Driver/jlink_rtt/SEGGER_RTT.c.obj
LOAD CMakeFiles/Inverter_1.0.dir/User_cpp/APP/halfbridge_controller/halfbridge_controller.cpp.obj
LOAD CMakeFiles/Inverter_1.0.dir/User_cpp/APP/receiver_ask/receiver_ask.cpp.obj
LOAD CMakeFiles/Inverter_1.0.dir/User_cpp/APP/sampling/sampling.cpp.obj
LOAD CMakeFiles/Inverter_1.0.dir/User_cpp/APP/wireless_charge/wireless_charge.cpp.obj
LOAD CMakeFiles/Inverter_1.0.dir/Core/Src/main.c.obj
LOAD CMakeFiles/Inverter_1.0.dir/Core/Src/gpio.c.obj
LOAD CMakeFiles/Inverter_1.0.dir/Core/Src/adc.c.obj
LOAD CMakeFiles/Inverter_1.0.dir/Core/Src/dac.c.obj
LOAD CMakeFiles/Inverter_1.0.dir/Core/Src/dma.c.obj
LOAD CMakeFiles/Inverter_1.0.dir/Core/Src/hrtim.c.obj
LOAD CMakeFiles/Inverter_1.0.dir/Core/Src/lptim.c.obj
LOAD CMakeFiles/Inverter_1.0.dir/Core/Src/tim.c.obj
LOAD CMakeFiles/Inverter_1.0.dir/Core/Src/usart.c.obj
LOAD CMakeFiles/Inverter_1.0.dir/Core/Src/stm32g4xx_it.c.obj
LOAD CMakeFiles/Inverter_1.0.dir/Core/Src/stm32g4xx_hal_msp.c.obj
LOAD CMakeFiles/Inverter_1.0.dir/Drivers/STM32G4xx_HAL_Driver/Src/stm32g4xx_hal_adc.c.obj
LOAD CMakeFiles/Inverter_1.0.dir/Drivers/STM32G4xx_HAL_Driver/Src/stm32g4xx_hal_adc_ex.c.obj
LOAD CMakeFiles/Inverter_1.0.dir/Drivers/STM32G4xx_HAL_Driver/Src/stm32g4xx_ll_adc.c.obj
LOAD CMakeFiles/Inverter_1.0.dir/Drivers/STM32G4xx_HAL_Driver/Src/stm32g4xx_hal.c.obj
LOAD CMakeFiles/Inverter_1.0.dir/Drivers/STM32G4xx_HAL_Driver/Src/stm32g4xx_hal_rcc.c.obj
LOAD CMakeFiles/Inverter_1.0.dir/Drivers/STM32G4xx_HAL_Driver/Src/stm32g4xx_hal_rcc_ex.c.obj
LOAD CMakeFiles/Inverter_1.0.dir/Drivers/STM32G4xx_HAL_Driver/Src/stm32g4xx_hal_flash.c.obj
LOAD CMakeFiles/Inverter_1.0.dir/Drivers/STM32G4xx_HAL_Driver/Src/stm32g4xx_hal_flash_ex.c.obj
LOAD CMakeFiles/Inverter_1.0.dir/Drivers/STM32G4xx_HAL_Driver/Src/stm32g4xx_hal_flash_ramfunc.c.obj
LOAD CMakeFiles/Inverter_1.0.dir/Drivers/STM32G4xx_HAL_Driver/Src/stm32g4xx_hal_gpio.c.obj
LOAD CMakeFiles/Inverter_1.0.dir/Drivers/STM32G4xx_HAL_Driver/Src/stm32g4xx_hal_exti.c.obj
LOAD CMakeFiles/Inverter_1.0.dir/Drivers/STM32G4xx_HAL_Driver/Src/stm32g4xx_hal_dma.c.obj
LOAD CMakeFiles/Inverter_1.0.dir/Drivers/STM32G4xx_HAL_Driver/Src/stm32g4xx_hal_dma_ex.c.obj
LOAD CMakeFiles/Inverter_1.0.dir/Drivers/STM32G4xx_HAL_Driver/Src/stm32g4xx_hal_pwr.c.obj
LOAD CMakeFiles/Inverter_1.0.dir/Drivers/STM32G4xx_HAL_Driver/Src/stm32g4xx_hal_pwr_ex.c.obj
LOAD CMakeFiles/Inverter_1.0.dir/Drivers/STM32G4xx_HAL_Driver/Src/stm32g4xx_hal_cortex.c.obj
LOAD CMakeFiles/Inverter_1.0.dir/Drivers/STM32G4xx_HAL_Driver/Src/stm32g4xx_hal_dac.c.obj
LOAD CMakeFiles/Inverter_1.0.dir/Drivers/STM32G4xx_HAL_Driver/Src/stm32g4xx_hal_dac_ex.c.obj
LOAD CMakeFiles/Inverter_1.0.dir/Drivers/STM32G4xx_HAL_Driver/Src/stm32g4xx_hal_hrtim.c.obj
LOAD CMakeFiles/Inverter_1.0.dir/Drivers/STM32G4xx_HAL_Driver/Src/stm32g4xx_hal_lptim.c.obj
LOAD CMakeFiles/Inverter_1.0.dir/Drivers/STM32G4xx_HAL_Driver/Src/stm32g4xx_hal_tim.c.obj
LOAD CMakeFiles/Inverter_1.0.dir/Drivers/STM32G4xx_HAL_Driver/Src/stm32g4xx_hal_tim_ex.c.obj
LOAD CMakeFiles/Inverter_1.0.dir/Drivers/STM32G4xx_HAL_Driver/Src/stm32g4xx_hal_uart.c.obj
LOAD CMakeFiles/Inverter_1.0.dir/Drivers/STM32G4xx_HAL_Driver/Src/stm32g4xx_hal_uart_ex.c.obj
LOAD CMakeFiles/Inverter_1.0.dir/Core/Src/system_stm32g4xx.c.obj
LOAD CMakeFiles/Inverter_1.0.dir/Core/Src/sysmem.c.obj
LOAD CMakeFiles/Inverter_1.0.dir/Core/Src/syscalls.c.obj
LOAD CMakeFiles/Inverter_1.0.dir/startup_stm32g474xx.s.obj
LOAD D:/ace/stm_cpp/WirelessCharge/cmake/stm32cubemx/../../Middlewares/ST/ARM/DSP/Lib/libarm_cortexM4lf_math.a
LOAD C:/Users/86178/AppData/Local/stm32cube/bundles/gnu-tools-for-stm32/14.3.1+st.2/bin/../lib/gcc/arm-none-eabi/14.3.1/../../../../arm-none-eabi/lib/thumb/v7e-m+fp/hard\libstdc++_nano.a
LOAD C:/Users/86178/AppData/Local/stm32cube/bundles/gnu-tools-for-stm32/14.3.1+st.2/bin/../lib/gcc/arm-none-eabi/14.3.1/../../../../arm-none-eabi/lib/thumb/v7e-m+fp/hard\libm.a
LOAD C:/Users/86178/AppData/Local/stm32cube/bundles/gnu-tools-for-stm32/14.3.1+st.2/bin/../lib/gcc/arm-none-eabi/14.3.1/../../../../arm-none-eabi/lib/thumb/v7e-m+fp/hard\libc_nano.a
START GROUP
LOAD C:/Users/86178/AppData/Local/stm32cube/bundles/gnu-tools-for-stm32/14.3.1+st.2/bin/../lib/gcc/arm-none-eabi/14.3.1/thumb/v7e-m+fp/hard\libgcc.a
LOAD C:/Users/86178/AppData/Local/stm32cube/bundles/gnu-tools-for-stm32/14.3.1+st.2/bin/../lib/gcc/arm-none-eabi/14.3.1/../../../../arm-none-eabi/lib/thumb/v7e-m+fp/hard\libg_nano.a
LOAD C:/Users/86178/AppData/Local/stm32cube/bundles/gnu-tools-for-stm32/14.3.1+st.2/bin/../lib/gcc/arm-none-eabi/14.3.1/../../../../arm-none-eabi/lib/thumb/v7e-m+fp/hard\libc_nano.a
END GROUP
START GROUP
LOAD C:/Users/86178/AppData/Local/stm32cube/bundles/gnu-tools-for-stm32/14.3.1+st.2/bin/../lib/gcc/arm-none-eabi/14.3.1/thumb/v7e-m+fp/hard\libgcc.a
LOAD C:/Users/86178/AppData/Local/stm32cube/bundles/gnu-tools-for-stm32/14.3.1+st.2/bin/../lib/gcc/arm-none-eabi/14.3.1/../../../../arm-none-eabi/lib/thumb/v7e-m+fp/hard\libc_nano.a
END GROUP
LOAD C:/Users/86178/AppData/Local/stm32cube/bundles/gnu-tools-for-stm32/14.3.1+st.2/bin/../lib/gcc/arm-none-eabi/14.3.1/thumb/v7e-m+fp/hard/crtend.o
LOAD C:/Users/86178/AppData/Local/stm32cube/bundles/gnu-tools-for-stm32/14.3.1+st.2/bin/../lib/gcc/arm-none-eabi/14.3.1/thumb/v7e-m+fp/hard/crtn.o
                0x20020000                        _estack = (ORIGIN (RAM) + LENGTH (RAM))
                0x00002000                        _Min_Heap_Size = 0x2000
                0x00004000                        _Min_Stack_Size = 0x4000

.isr_vector     0x08000000      0x1d8
                0x08000000                        . = ALIGN (0x4)
 *(.isr_vector)
 .isr_vector    0x08000000      0x1d8 CMakeFiles/Inverter_1.0.dir/startup_stm32g474xx.s.obj
                0x08000000                g_pfnVectors
                0x080001d8                        . = ALIGN (0x4)

.text           0x080001d8     0xb9ec
                0x080001d8                        . = ALIGN (0x4)
 *(.text)
 .text          0x080001d8       0x40 C:/Users/86178/AppData/Local/stm32cube/bundles/gnu-tools-for-stm32/14.3.1+st.2/bin/../lib/gcc/arm-none-eabi/14.3.1/thumb/v7e-m+fp/hard/crtbegin.o
 .text          0x08000218      0x254 C:/Users/86178/AppData/Local/stm32cube/bundles/gnu-tools-for-stm32/14.3.1+st.2/bin/../lib/gcc/arm-none-eabi/14.3.1/thumb/v7e-m+fp/hard\libgcc.a(_arm_muldf3.o)
                0x08000218                __muldf3
                0x08000218                __aeabi_dmul
 .text          0x0800046c      0x378 C:/Users/86178/AppData/Local/stm32cube/bundles/gnu-tools-for-stm32/14.3.1+st.2/bin/../lib/gcc/arm-none-eabi/14.3.1/thumb/v7e-m+fp/hard\libgcc.a(_arm_addsubdf3.o)
                0x0800046c                __aeabi_drsub
                0x08000474                __aeabi_dsub
                0x08000474                __subdf3
                0x08000478                __aeabi_dadd
                0x08000478                __adddf3
                0x080006f0                __floatunsidf
                0x080006f0                __aeabi_ui2d
                0x08000710                __floatsidf
                0x08000710                __aeabi_i2d
                0x08000734                __aeabi_f2d
                0x08000734                __extendsfdf2
                0x08000778                __floatundidf
                0x08000778                __aeabi_ul2d
                0x08000788                __floatdidf
                0x08000788                __aeabi_l2d
 .text          0x080007e4       0xa0 C:/Users/86178/AppData/Local/stm32cube/bundles/gnu-tools-for-stm32/14.3.1+st.2/bin/../lib/gcc/arm-none-eabi/14.3.1/thumb/v7e-m+fp/hard\libgcc.a(_arm_truncdfsf2.o)
                0x080007e4                __truncdfsf2
                0x080007e4                __aeabi_d2f
 .text          0x08000884       0x30 C:/Users/86178/AppData/Local/stm32cube/bundles/gnu-tools-for-stm32/14.3.1+st.2/bin/../lib/gcc/arm-none-eabi/14.3.1/thumb/v7e-m+fp/hard\libgcc.a(_aeabi_uldivmod.o)
                0x08000884                __aeabi_uldivmod
 .text          0x080008b4      0x2f8 C:/Users/86178/AppData/Local/stm32cube/bundles/gnu-tools-for-stm32/14.3.1+st.2/bin/../lib/gcc/arm-none-eabi/14.3.1/thumb/v7e-m+fp/hard\libgcc.a(_udivmoddi4.o)
                0x080008b4                __udivmoddi4
 .text          0x08000bac        0x4 C:/Users/86178/AppData/Local/stm32cube/bundles/gnu-tools-for-stm32/14.3.1+st.2/bin/../lib/gcc/arm-none-eabi/14.3.1/thumb/v7e-m+fp/hard\libgcc.a(_dvmd_tls.o)
                0x08000bac                __aeabi_idiv0
                0x08000bac                __aeabi_ldiv0
 *(.text*)
 .text._Z8pid_initP3PID8PID_MODEffffff
                0x08000bb0       0xc0 CMakeFiles/Inverter_1.0.dir/User_cpp/Driver/pid/pid.cpp.obj
                0x08000bb0                pid_init(PID*, PID_MODE, float, float, float, float, float, float)
 .text._ZN6Driver10AdcSampler4initERKNS_16AdcSamplerConfigE
                0x08000c70       0xcc CMakeFiles/Inverter_1.0.dir/User_cpp/Driver/bsp_adc/bsp_adc.cpp.obj
                0x08000c70                Driver::AdcSampler::init(Driver::AdcSamplerConfig const&)
 .text._ZN6Driver10AdcSampler9calibrateEv
                0x08000d3c       0x34 CMakeFiles/Inverter_1.0.dir/User_cpp/Driver/bsp_adc/bsp_adc.cpp.obj
                0x08000d3c                Driver::AdcSampler::calibrate()
 .text._ZN6Driver10AdcSampler5startEv
                0x08000d70       0xc0 CMakeFiles/Inverter_1.0.dir/User_cpp/Driver/bsp_adc/bsp_adc.cpp.obj
                0x08000d70                Driver::AdcSampler::start()
 .text._ZN6Driver10AdcSampler16processDmaBufferEv
                0x08000e30      0x130 CMakeFiles/Inverter_1.0.dir/User_cpp/Driver/bsp_adc/bsp_adc.cpp.obj
                0x08000e30                Driver::AdcSampler::processDmaBuffer()
 .text._ZNK6Driver10AdcSampler13getRawAverageEh
                0x08000f60       0x2c CMakeFiles/Inverter_1.0.dir/User_cpp/Driver/bsp_adc/bsp_adc.cpp.obj
                0x08000f60                Driver::AdcSampler::getRawAverage(unsigned char) const
 .text._ZNK6Driver10AdcSampler12getRawSampleEth
                0x08000f8c       0x6c CMakeFiles/Inverter_1.0.dir/User_cpp/Driver/bsp_adc/bsp_adc.cpp.obj
                0x08000f8c                Driver::AdcSampler::getRawSample(unsigned short, unsigned char) const
 .text._ZNK6Driver10AdcSampler15getSampleRepeatEv
                0x08000ff8       0x18 CMakeFiles/Inverter_1.0.dir/User_cpp/Driver/bsp_adc/bsp_adc.cpp.obj
                0x08000ff8                Driver::AdcSampler::getSampleRepeat() const
 .text._ZNK6Driver10AdcSampler18getDmaChannelCountEv
                0x08001010       0x18 CMakeFiles/Inverter_1.0.dir/User_cpp/Driver/bsp_adc/bsp_adc.cpp.obj
                0x08001010                Driver::AdcSampler::getDmaChannelCount() const
 .text._ZNK6Driver10AdcSampler18isStartConfigValidEv
                0x08001028       0x5a CMakeFiles/Inverter_1.0.dir/User_cpp/Driver/bsp_adc/bsp_adc.cpp.obj
                0x08001028                Driver::AdcSampler::isStartConfigValid() const
 .text._ZNK6Driver10AdcSampler20isProcessConfigValidEv
                0x08001082       0x52 CMakeFiles/Inverter_1.0.dir/User_cpp/Driver/bsp_adc/bsp_adc.cpp.obj
                0x08001082                Driver::AdcSampler::isProcessConfigValid() const
 .text._ZN6Driver10AdcSampler16registerInstanceEv
                0x080010d4       0xa8 CMakeFiles/Inverter_1.0.dir/User_cpp/Driver/bsp_adc/bsp_adc.cpp.obj
                0x080010d4                Driver::AdcSampler::registerInstance()
 .text._ZN6Driver10AdcSampler18unregisterInstanceEv
                0x0800117c       0x50 CMakeFiles/Inverter_1.0.dir/User_cpp/Driver/bsp_adc/bsp_adc.cpp.obj
                0x0800117c                Driver::AdcSampler::unregisterInstance()
 .text._ZN6Driver12_GLOBAL__N_19findTimerENS_10HrtimTimerE
                0x080011cc       0x50 CMakeFiles/Inverter_1.0.dir/User_cpp/Driver/bsp_hrtim/bsp_hrtim.cpp.obj
 .text._ZN6Driver12_GLOBAL__N_112clampCompareERKNS0_15TimerDescriptorEm
                0x0800121c       0x3a CMakeFiles/Inverter_1.0.dir/User_cpp/Driver/bsp_hrtim/bsp_hrtim.cpp.obj
 *fill*         0x08001256        0x2 
 .text._ZN6Driver12_GLOBAL__N_115clampPhaseValueEf
                0x08001258       0x50 CMakeFiles/Inverter_1.0.dir/User_cpp/Driver/bsp_hrtim/bsp_hrtim.cpp.obj
 .text._ZN6Driver11startTimersEm
                0x080012a8       0x6c CMakeFiles/Inverter_1.0.dir/User_cpp/Driver/bsp_hrtim/bsp_hrtim.cpp.obj
                0x080012a8                Driver::startTimers(unsigned long)
 .text._ZN6Driver13enableOutputsEm
                0x08001314       0x24 CMakeFiles/Inverter_1.0.dir/User_cpp/Driver/bsp_hrtim/bsp_hrtim.cpp.obj
                0x08001314                Driver::enableOutputs(unsigned long)
 .text._ZN6Driver7setDutyENS_10HrtimTimerEf
                0x08001338       0xa4 CMakeFiles/Inverter_1.0.dir/User_cpp/Driver/bsp_hrtim/bsp_hrtim.cpp.obj
                0x08001338                Driver::setDuty(Driver::HrtimTimer, float)
 .text._ZN6Driver10setCompareENS_10HrtimTimerEmm
                0x080013dc      0x114 CMakeFiles/Inverter_1.0.dir/User_cpp/Driver/bsp_hrtim/bsp_hrtim.cpp.obj
                0x080013dc                Driver::setCompare(Driver::HrtimTimer, unsigned long, unsigned long)
 .text._ZN6Driver8setPhaseEf
                0x080014f0       0xb4 CMakeFiles/Inverter_1.0.dir/User_cpp/Driver/bsp_hrtim/bsp_hrtim.cpp.obj
                0x080014f0                Driver::setPhase(float)
 .text._ZN6Driver9clampDutyEfff
                0x080015a4       0x52 CMakeFiles/Inverter_1.0.dir/User_cpp/Driver/bsp_hrtim/bsp_hrtim.cpp.obj
                0x080015a4                Driver::clampDuty(float, float, float)
 *fill*         0x080015f6        0x2 
 .text._ZN6Driver10AskDecoder4initEPth
                0x080015f8       0x88 CMakeFiles/Inverter_1.0.dir/User_cpp/Driver/ask/ask.cpp.obj
                0x080015f8                Driver::AskDecoder::init(unsigned short*, unsigned char)
 .text._ZN6Driver10AskDecoder6decodeEv
                0x08001680      0x238 CMakeFiles/Inverter_1.0.dir/User_cpp/Driver/ask/ask.cpp.obj
                0x08001680                Driver::AskDecoder::decode()
 .text._ZN6Driver10AskDecoder10resetValidEv
                0x080018b8       0x8c CMakeFiles/Inverter_1.0.dir/User_cpp/Driver/ask/ask.cpp.obj
                0x080018b8                Driver::AskDecoder::resetValid()
 .text._ZN6Driver10AskDecoder10handleEdgeEh
                0x08001944       0x5c CMakeFiles/Inverter_1.0.dir/User_cpp/Driver/ask/ask.cpp.obj
                0x08001944                Driver::AskDecoder::handleEdge(unsigned char)
 .text._ZN6Driver10AskDecoder7pushBitEh
                0x080019a0       0x74 CMakeFiles/Inverter_1.0.dir/User_cpp/Driver/ask/ask.cpp.obj
                0x080019a0                Driver::AskDecoder::pushBit(unsigned char)
 .text._ZN6Driver10AskDecoder18decode20BitsBufferEv
                0x08001a14      0x11c CMakeFiles/Inverter_1.0.dir/User_cpp/Driver/ask/ask.cpp.obj
                0x08001a14                Driver::AskDecoder::decode20BitsBuffer()
 .text._ZN6Driver10AskDecoder11setDebugPinEh
                0x08001b30       0x34 CMakeFiles/Inverter_1.0.dir/User_cpp/Driver/ask/ask.cpp.obj
                0x08001b30                Driver::AskDecoder::setDebugPin(unsigned char)
 .text._ZN6Driver14DelayedTrigger4initEmmm
                0x08001b64       0x42 CMakeFiles/Inverter_1.0.dir/User_cpp/Driver/delaytrigger/delaytrigger.cpp.obj
                0x08001b64                Driver::DelayedTrigger::init(unsigned long, unsigned long, unsigned long)
 .text._ZN6Driver14DelayedTrigger6updateEb
                0x08001ba6       0x82 CMakeFiles/Inverter_1.0.dir/User_cpp/Driver/delaytrigger/delaytrigger.cpp.obj
                0x08001ba6                Driver::DelayedTrigger::update(bool)
 .text._ZN6Driver14DelayedTrigger5resetEv
                0x08001c28       0x20 CMakeFiles/Inverter_1.0.dir/User_cpp/Driver/delaytrigger/delaytrigger.cpp.obj
                0x08001c28                Driver::DelayedTrigger::reset()
 .text._ZN6Driver12_GLOBAL__N_110clampAlphaEf
                0x08001c48       0x50 CMakeFiles/Inverter_1.0.dir/User_cpp/Driver/user_math/user_math.cpp.obj
 .text._ZN6Driver13FirstOrderLpf4initEff
                0x08001c98       0x36 CMakeFiles/Inverter_1.0.dir/User_cpp/Driver/user_math/user_math.cpp.obj
                0x08001c98                Driver::FirstOrderLpf::init(float, float)
 .text._ZN6Driver13FirstOrderLpf6updateEf
                0x08001cce       0x66 CMakeFiles/Inverter_1.0.dir/User_cpp/Driver/user_math/user_math.cpp.obj
                0x08001cce                Driver::FirstOrderLpf::update(float)
 .text._ZN6Driver22RecursiveAverageFilter4initEtf
                0x08001d34       0x40 CMakeFiles/Inverter_1.0.dir/User_cpp/Driver/user_math/user_math.cpp.obj
                0x08001d34                Driver::RecursiveAverageFilter::init(unsigned short, float)
 .text._ZN6Driver22RecursiveAverageFilter5resetEf
                0x08001d74       0x7a CMakeFiles/Inverter_1.0.dir/User_cpp/Driver/user_math/user_math.cpp.obj
                0x08001d74                Driver::RecursiveAverageFilter::reset(float)
 *fill*         0x08001dee        0x2 
 .text._DoInit  0x08001df0       0xb0 CMakeFiles/Inverter_1.0.dir/User_cpp/Driver/jlink_rtt/SEGGER_RTT.c.obj
 .text.SEGGER_RTT_Init
                0x08001ea0        0xc CMakeFiles/Inverter_1.0.dir/User_cpp/Driver/jlink_rtt/SEGGER_RTT.c.obj
                0x08001ea0                SEGGER_RTT_Init
 .text._ZN3App11ReceiverAsk12_GLOBAL__N_113writeAskLevelEh
                0x08001eac       0x40 CMakeFiles/Inverter_1.0.dir/User_cpp/APP/receiver_ask/receiver_ask.cpp.obj
 .text._ZN3App11ReceiverAsk4initEv
                0x08001eec       0x12 CMakeFiles/Inverter_1.0.dir/User_cpp/APP/receiver_ask/receiver_ask.cpp.obj
                0x08001eec                App::ReceiverAsk::init()
 *fill*         0x08001efe        0x2 
 .text._ZN3App11ReceiverAsk5resetEv
                0x08001f00       0x24 CMakeFiles/Inverter_1.0.dir/User_cpp/APP/receiver_ask/receiver_ask.cpp.obj
                0x08001f00                App::ReceiverAsk::reset()
 .text._ZN3App11ReceiverAsk10setDividerEt
                0x08001f24       0x2c CMakeFiles/Inverter_1.0.dir/User_cpp/APP/receiver_ask/receiver_ask.cpp.obj
                0x08001f24                App::ReceiverAsk::setDivider(unsigned short)
 .text._ZN3App15samplingServiceEv
                0x08001f50       0x14 CMakeFiles/Inverter_1.0.dir/User_cpp/APP/sampling/sampling.cpp.obj
                0x08001f50                App::samplingService()
 .text._ZN3App15SamplingService4initEv
                0x08001f64      0x1f8 CMakeFiles/Inverter_1.0.dir/User_cpp/APP/sampling/sampling.cpp.obj
                0x08001f64                App::SamplingService::init()
 .text._ZN3App15SamplingService5startEv
                0x0800215c       0x24 CMakeFiles/Inverter_1.0.dir/User_cpp/APP/sampling/sampling.cpp.obj
                0x0800215c                App::SamplingService::start()
 .text._ZN3App15SamplingService13resetAskValidEv
                0x08002180       0x44 CMakeFiles/Inverter_1.0.dir/User_cpp/APP/sampling/sampling.cpp.obj
                0x08002180                App::SamplingService::resetAskValid()
 .text._ZN3App15SamplingService25handleAdcConvCpltCallbackEP17ADC_HandleTypeDef
                0x080021c4       0x4c CMakeFiles/Inverter_1.0.dir/User_cpp/APP/sampling/sampling.cpp.obj
                0x080021c4                App::SamplingService::handleAdcConvCpltCallback(ADC_HandleTypeDef*)
 .text._ZN3App15SamplingService11processAdc2ERN6Driver10AdcSamplerE
                0x08002210       0x54 CMakeFiles/Inverter_1.0.dir/User_cpp/APP/sampling/sampling.cpp.obj
                0x08002210                App::SamplingService::processAdc2(Driver::AdcSampler&)
 *fill*         0x08002264        0x4 
 .text._ZN3App15SamplingService11processAdc3ERN6Driver10AdcSamplerE
                0x08002268      0x138 CMakeFiles/Inverter_1.0.dir/User_cpp/APP/sampling/sampling.cpp.obj
                0x08002268                App::SamplingService::processAdc3(Driver::AdcSampler&)
 .text._ZN3App15SamplingService18resetAdc3RawWindowEv
                0x080023a0       0x58 CMakeFiles/Inverter_1.0.dir/User_cpp/APP/sampling/sampling.cpp.obj
                0x080023a0                App::SamplingService::resetAdc3RawWindow()
 .text._ZN3App15SamplingService19updateAdc3RawWindowEtt
                0x080023f8      0x132 CMakeFiles/Inverter_1.0.dir/User_cpp/APP/sampling/sampling.cpp.obj
                0x080023f8                App::SamplingService::updateAdc3RawWindow(unsigned short, unsigned short)
 .text._ZN3App15SamplingService19applyRawCalibrationEfff
                0x0800252a       0x34 CMakeFiles/Inverter_1.0.dir/User_cpp/APP/sampling/sampling.cpp.obj
                0x0800252a                App::SamplingService::applyRawCalibration(float, float, float)
 .text._ZN3App15SamplingService13feedAskBufferEtt
                0x0800255e       0x64 CMakeFiles/Inverter_1.0.dir/User_cpp/APP/sampling/sampling.cpp.obj
                0x0800255e                App::SamplingService::feedAskBuffer(unsigned short, unsigned short)
 *fill*         0x080025c2        0x2 
 .text._ZN12_GLOBAL__N_13appEv
                0x080025c4       0x14 CMakeFiles/Inverter_1.0.dir/User_cpp/APP/wireless_charge/wireless_charge.cpp.obj
 .text._ZN12_GLOBAL__N_117WirelessChargeApp4initEv
                0x080025d8       0x6c CMakeFiles/Inverter_1.0.dir/User_cpp/APP/wireless_charge/wireless_charge.cpp.obj
 .text._ZN12_GLOBAL__N_117WirelessChargeApp10dutyUpdateEv
                0x08002644       0x28 CMakeFiles/Inverter_1.0.dir/User_cpp/APP/wireless_charge/wireless_charge.cpp.obj
 .text._ZN12_GLOBAL__N_117WirelessChargeApp18onTimPeriodElapsedEP17TIM_HandleTypeDef
                0x0800266c       0x34 CMakeFiles/Inverter_1.0.dir/User_cpp/APP/wireless_charge/wireless_charge.cpp.obj
 .text._ZN12_GLOBAL__N_117WirelessChargeApp19onLptimCompareMatchEP19LPTIM_HandleTypeDef
                0x080026a0       0x38 CMakeFiles/Inverter_1.0.dir/User_cpp/APP/wireless_charge/wireless_charge.cpp.obj
 .text._ZN12_GLOBAL__N_117WirelessChargeApp10onGpioExtiEt
                0x080026d8      0x13c CMakeFiles/Inverter_1.0.dir/User_cpp/APP/wireless_charge/wireless_charge.cpp.obj
 .text._ZN12_GLOBAL__N_117WirelessChargeApp13onAdcConvCpltEP17ADC_HandleTypeDef
                0x08002814       0x20 CMakeFiles/Inverter_1.0.dir/User_cpp/APP/wireless_charge/wireless_charge.cpp.obj
 .text._ZN12_GLOBAL__N_117WirelessChargeApp17ensureTim6StartedEv
                0x08002834       0x2c CMakeFiles/Inverter_1.0.dir/User_cpp/APP/wireless_charge/wireless_charge.cpp.obj
 .text._ZN12_GLOBAL__N_117WirelessChargeApp16resumeActiveModeEv
                0x08002860       0x2c CMakeFiles/Inverter_1.0.dir/User_cpp/APP/wireless_charge/wireless_charge.cpp.obj
 .text._ZN12_GLOBAL__N_117WirelessChargeApp17setNormalWaveformEv
                0x0800288c       0x34 CMakeFiles/Inverter_1.0.dir/User_cpp/APP/wireless_charge/wireless_charge.cpp.obj
 .text._ZN12_GLOBAL__N_117WirelessChargeApp14enableChargingEv
                0x080028c0       0x34 CMakeFiles/Inverter_1.0.dir/User_cpp/APP/wireless_charge/wireless_charge.cpp.obj
 .text.task_init
                0x080028f4       0x14 CMakeFiles/Inverter_1.0.dir/User_cpp/APP/wireless_charge/wireless_charge.cpp.obj
                0x080028f4                task_init
 .text.HAL_ADC_ConvCpltCallback
                0x08002908       0x1e CMakeFiles/Inverter_1.0.dir/User_cpp/APP/wireless_charge/wireless_charge.cpp.obj
                0x08002908                HAL_ADC_ConvCpltCallback
 .text.HAL_TIM_PeriodElapsedCallback
                0x08002926       0x1e CMakeFiles/Inverter_1.0.dir/User_cpp/APP/wireless_charge/wireless_charge.cpp.obj
                0x08002926                HAL_TIM_PeriodElapsedCallback
 .text.HAL_LPTIM_CompareMatchCallback
                0x08002944       0x1e CMakeFiles/Inverter_1.0.dir/User_cpp/APP/wireless_charge/wireless_charge.cpp.obj
                0x08002944                HAL_LPTIM_CompareMatchCallback
 .text.HAL_GPIO_EXTI_Callback
                0x08002962       0x22 CMakeFiles/Inverter_1.0.dir/User_cpp/APP/wireless_charge/wireless_charge.cpp.obj
                0x08002962                HAL_GPIO_EXTI_Callback
 .text.HAL_UARTEx_RxEventCallback
                0x08002984       0x18 CMakeFiles/Inverter_1.0.dir/User_cpp/APP/wireless_charge/wireless_charge.cpp.obj
                0x08002984                HAL_UARTEx_RxEventCallback
 .text.main     0x0800299c       0xbc CMakeFiles/Inverter_1.0.dir/Core/Src/main.c.obj
                0x0800299c                main
 .text.SystemClock_Config
                0x08002a58       0x96 CMakeFiles/Inverter_1.0.dir/Core/Src/main.c.obj
                0x08002a58                SystemClock_Config
 .text.Error_Handler
                0x08002aee        0xc CMakeFiles/Inverter_1.0.dir/Core/Src/main.c.obj
                0x08002aee                Error_Handler
 *fill*         0x08002afa        0x2 
 .text.MX_GPIO_Init
                0x08002afc      0x13c CMakeFiles/Inverter_1.0.dir/Core/Src/gpio.c.obj
                0x08002afc                MX_GPIO_Init
 .text.MX_ADC2_Init
                0x08002c38       0xd0 CMakeFiles/Inverter_1.0.dir/Core/Src/adc.c.obj
                0x08002c38                MX_ADC2_Init
 .text.MX_ADC3_Init
                0x08002d08      0x118 CMakeFiles/Inverter_1.0.dir/Core/Src/adc.c.obj
                0x08002d08                MX_ADC3_Init
 .text.MX_ADC4_Init
                0x08002e20      0x110 CMakeFiles/Inverter_1.0.dir/Core/Src/adc.c.obj
                0x08002e20                MX_ADC4_Init
 .text.HAL_ADC_MspInit
                0x08002f30      0x2fc CMakeFiles/Inverter_1.0.dir/Core/Src/adc.c.obj
                0x08002f30                HAL_ADC_MspInit
 .text.MX_DAC1_Init
                0x0800322c       0x74 CMakeFiles/Inverter_1.0.dir/Core/Src/dac.c.obj
                0x0800322c                MX_DAC1_Init
 .text.HAL_DAC_MspInit
                0x080032a0       0xec CMakeFiles/Inverter_1.0.dir/Core/Src/dac.c.obj
                0x080032a0                HAL_DAC_MspInit
 .text.MX_DMA_Init
                0x0800338c       0x8c CMakeFiles/Inverter_1.0.dir/Core/Src/dma.c.obj
                0x0800338c                MX_DMA_Init
 .text.MX_HRTIM1_Init
                0x08003418      0x588 CMakeFiles/Inverter_1.0.dir/Core/Src/hrtim.c.obj
                0x08003418                MX_HRTIM1_Init
 .text.HAL_HRTIM_MspInit
                0x080039a0       0x40 CMakeFiles/Inverter_1.0.dir/Core/Src/hrtim.c.obj
                0x080039a0                HAL_HRTIM_MspInit
 .text.HAL_HRTIM_MspPostInit
                0x080039e0       0xcc CMakeFiles/Inverter_1.0.dir/Core/Src/hrtim.c.obj
                0x080039e0                HAL_HRTIM_MspPostInit
 .text.MX_LPTIM1_Init
                0x08003aac       0x5c CMakeFiles/Inverter_1.0.dir/Core/Src/lptim.c.obj
                0x08003aac                MX_LPTIM1_Init
 .text.HAL_LPTIM_MspInit
                0x08003b08       0x78 CMakeFiles/Inverter_1.0.dir/Core/Src/lptim.c.obj
                0x08003b08                HAL_LPTIM_MspInit
 .text.MX_TIM5_Init
                0x08003b80       0x9c CMakeFiles/Inverter_1.0.dir/Core/Src/tim.c.obj
                0x08003b80                MX_TIM5_Init
 .text.MX_TIM6_Init
                0x08003c1c       0x6c CMakeFiles/Inverter_1.0.dir/Core/Src/tim.c.obj
                0x08003c1c                MX_TIM6_Init
 .text.MX_TIM7_Init
                0x08003c88       0x6c CMakeFiles/Inverter_1.0.dir/Core/Src/tim.c.obj
                0x08003c88                MX_TIM7_Init
 .text.MX_TIM8_Init
                0x08003cf4       0xa8 CMakeFiles/Inverter_1.0.dir/Core/Src/tim.c.obj
                0x08003cf4                MX_TIM8_Init
 .text.HAL_TIM_Base_MspInit
                0x08003d9c       0xd4 CMakeFiles/Inverter_1.0.dir/Core/Src/tim.c.obj
                0x08003d9c                HAL_TIM_Base_MspInit
 .text.MX_USART2_UART_Init
                0x08003e70       0x98 CMakeFiles/Inverter_1.0.dir/Core/Src/usart.c.obj
                0x08003e70                MX_USART2_UART_Init
 .text.HAL_UART_MspInit
                0x08003f08      0x11c CMakeFiles/Inverter_1.0.dir/Core/Src/usart.c.obj
                0x08003f08                HAL_UART_MspInit
 .text.NMI_Handler
                0x08004024        0x8 CMakeFiles/Inverter_1.0.dir/Core/Src/stm32g4xx_it.c.obj
                0x08004024                NMI_Handler
 .text.HardFault_Handler
                0x0800402c        0x8 CMakeFiles/Inverter_1.0.dir/Core/Src/stm32g4xx_it.c.obj
                0x0800402c                HardFault_Handler
 .text.MemManage_Handler
                0x08004034        0x8 CMakeFiles/Inverter_1.0.dir/Core/Src/stm32g4xx_it.c.obj
                0x08004034                MemManage_Handler
 .text.BusFault_Handler
                0x0800403c        0x8 CMakeFiles/Inverter_1.0.dir/Core/Src/stm32g4xx_it.c.obj
                0x0800403c                BusFault_Handler
 .text.UsageFault_Handler
                0x08004044        0x8 CMakeFiles/Inverter_1.0.dir/Core/Src/stm32g4xx_it.c.obj
                0x08004044                UsageFault_Handler
 .text.SVC_Handler
                0x0800404c        0xe CMakeFiles/Inverter_1.0.dir/Core/Src/stm32g4xx_it.c.obj
                0x0800404c                SVC_Handler
 .text.DebugMon_Handler
                0x0800405a        0xe CMakeFiles/Inverter_1.0.dir/Core/Src/stm32g4xx_it.c.obj
                0x0800405a                DebugMon_Handler
 .text.PendSV_Handler
                0x08004068        0xe CMakeFiles/Inverter_1.0.dir/Core/Src/stm32g4xx_it.c.obj
                0x08004068                PendSV_Handler
 .text.SysTick_Handler
                0x08004076        0xc CMakeFiles/Inverter_1.0.dir/Core/Src/stm32g4xx_it.c.obj
                0x08004076                SysTick_Handler
 *fill*         0x08004082        0x2 
 .text.DMA1_Channel1_IRQHandler
                0x08004084       0x14 CMakeFiles/Inverter_1.0.dir/Core/Src/stm32g4xx_it.c.obj
                0x08004084                DMA1_Channel1_IRQHandler
 .text.DMA1_Channel4_IRQHandler
                0x08004098       0x14 CMakeFiles/Inverter_1.0.dir/Core/Src/stm32g4xx_it.c.obj
                0x08004098                DMA1_Channel4_IRQHandler
 .text.USART2_IRQHandler
                0x080040ac       0x14 CMakeFiles/Inverter_1.0.dir/Core/Src/stm32g4xx_it.c.obj
                0x080040ac                USART2_IRQHandler
 .text.EXTI15_10_IRQHandler
                0x080040c0       0x28 CMakeFiles/Inverter_1.0.dir/Core/Src/stm32g4xx_it.c.obj
                0x080040c0                EXTI15_10_IRQHandler
 .text.LPTIM1_IRQHandler
                0x080040e8       0x14 CMakeFiles/Inverter_1.0.dir/Core/Src/stm32g4xx_it.c.obj
                0x080040e8                LPTIM1_IRQHandler
 .text.TIM5_IRQHandler
                0x080040fc       0x14 CMakeFiles/Inverter_1.0.dir/Core/Src/stm32g4xx_it.c.obj
                0x080040fc                TIM5_IRQHandler
 .text.TIM6_DAC_IRQHandler
                0x08004110       0x1c CMakeFiles/Inverter_1.0.dir/Core/Src/stm32g4xx_it.c.obj
                0x08004110                TIM6_DAC_IRQHandler
 .text.DMA2_Channel1_IRQHandler
                0x0800412c       0x14 CMakeFiles/Inverter_1.0.dir/Core/Src/stm32g4xx_it.c.obj
                0x0800412c                DMA2_Channel1_IRQHandler
 .text.HAL_MspInit
                0x08004140       0x48 CMakeFiles/Inverter_1.0.dir/Core/Src/stm32g4xx_hal_msp.c.obj
                0x08004140                HAL_MspInit
 .text.LL_ADC_SetCommonClock
                0x08004188       0x26 CMakeFiles/Inverter_1.0.dir/Drivers/STM32G4xx_HAL_Driver/Src/stm32g4xx_hal_adc.c.obj
 .text.LL_ADC_SetCommonPathInternalCh
                0x080041ae       0x26 CMakeFiles/Inverter_1.0.dir/Drivers/STM32G4xx_HAL_Driver/Src/stm32g4xx_hal_adc.c.obj
 .text.LL_ADC_GetCommonPathInternalCh
                0x080041d4       0x1c CMakeFiles/Inverter_1.0.dir/Drivers/STM32G4xx_HAL_Driver/Src/stm32g4xx_hal_adc.c.obj
 .text.LL_ADC_SetOffset
                0x080041f0       0x48 CMakeFiles/Inverter_1.0.dir/Drivers/STM32G4xx_HAL_Driver/Src/stm32g4xx_hal_adc.c.obj
 .text.LL_ADC_GetOffsetChannel
                0x08004238       0x2c CMakeFiles/Inverter_1.0.dir/Drivers/STM32G4xx_HAL_Driver/Src/stm32g4xx_hal_adc.c.obj
 .text.LL_ADC_SetOffsetState
                0x08004264       0x36 CMakeFiles/Inverter_1.0.dir/Drivers/STM32G4xx_HAL_Driver/Src/stm32g4xx_hal_adc.c.obj
 .text.LL_ADC_SetOffsetSign
                0x0800429a       0x36 CMakeFiles/Inverter_1.0.dir/Drivers/STM32G4xx_HAL_Driver/Src/stm32g4xx_hal_adc.c.obj
 .text.LL_ADC_SetOffsetSaturation
                0x080042d0       0x36 CMakeFiles/Inverter_1.0.dir/Drivers/STM32G4xx_HAL_Driver/Src/stm32g4xx_hal_adc.c.obj
 .text.LL_ADC_SetSamplingTimeCommonConfig
                0x08004306       0x26 CMakeFiles/Inverter_1.0.dir/Drivers/STM32G4xx_HAL_Driver/Src/stm32g4xx_hal_adc.c.obj
 .text.LL_ADC_REG_IsTriggerSourceSWStart
                0x0800432c       0x26 CMakeFiles/Inverter_1.0.dir/Drivers/STM32G4xx_HAL_Driver/Src/stm32g4xx_hal_adc.c.obj
 .text.LL_ADC_REG_SetSequencerRanks
                0x08004352       0x58 CMakeFiles/Inverter_1.0.dir/Drivers/STM32G4xx_HAL_Driver/Src/stm32g4xx_hal_adc.c.obj
 .text.LL_ADC_SetChannelSamplingTime
                0x080043aa       0x56 CMakeFiles/Inverter_1.0.dir/Drivers/STM32G4xx_HAL_Driver/Src/stm32g4xx_hal_adc.c.obj
 .text.LL_ADC_SetChannelSingleDiff
                0x08004400       0x48 CMakeFiles/Inverter_1.0.dir/Drivers/STM32G4xx_HAL_Driver/Src/stm32g4xx_hal_adc.c.obj
 .text.LL_ADC_GetMultimode
                0x08004448       0x1c CMakeFiles/Inverter_1.0.dir/Drivers/STM32G4xx_HAL_Driver/Src/stm32g4xx_hal_adc.c.obj
 .text.LL_ADC_DisableDeepPowerDown
                0x08004464       0x24 CMakeFiles/Inverter_1.0.dir/Drivers/STM32G4xx_HAL_Driver/Src/stm32g4xx_hal_adc.c.obj
 .text.LL_ADC_IsDeepPowerDownEnabled
                0x08004488       0x28 CMakeFiles/Inverter_1.0.dir/Drivers/STM32G4xx_HAL_Driver/Src/stm32g4xx_hal_adc.c.obj
 .text.LL_ADC_EnableInternalRegulator
                0x080044b0       0x28 CMakeFiles/Inverter_1.0.dir/Drivers/STM32G4xx_HAL_Driver/Src/stm32g4xx_hal_adc.c.obj
 .text.LL_ADC_IsInternalRegulatorEnabled
                0x080044d8       0x28 CMakeFiles/Inverter_1.0.dir/Drivers/STM32G4xx_HAL_Driver/Src/stm32g4xx_hal_adc.c.obj
 .text.LL_ADC_Enable
                0x08004500       0x28 CMakeFiles/Inverter_1.0.dir/Drivers/STM32G4xx_HAL_Driver/Src/stm32g4xx_hal_adc.c.obj
 .text.LL_ADC_Disable
                0x08004528       0x28 CMakeFiles/Inverter_1.0.dir/Drivers/STM32G4xx_HAL_Driver/Src/stm32g4xx_hal_adc.c.obj
 .text.LL_ADC_IsEnabled
                0x08004550       0x26 CMakeFiles/Inverter_1.0.dir/Drivers/STM32G4xx_HAL_Driver/Src/stm32g4xx_hal_adc.c.obj
 .text.LL_ADC_IsDisableOngoing
                0x08004576       0x26 CMakeFiles/Inverter_1.0.dir/Drivers/STM32G4xx_HAL_Driver/Src/stm32g4xx_hal_adc.c.obj
 .text.LL_ADC_REG_StartConversion
                0x0800459c       0x28 CMakeFiles/Inverter_1.0.dir/Drivers/STM32G4xx_HAL_Driver/Src/stm32g4xx_hal_adc.c.obj
 .text.LL_ADC_REG_IsConversionOngoing
                0x080045c4       0x26 CMakeFiles/Inverter_1.0.dir/Drivers/STM32G4xx_HAL_Driver/Src/stm32g4xx_hal_adc.c.obj
 .text.LL_ADC_INJ_IsConversionOngoing
                0x080045ea       0x26 CMakeFiles/Inverter_1.0.dir/Drivers/STM32G4xx_HAL_Driver/Src/stm32g4xx_hal_adc.c.obj
 .text.HAL_ADC_Init
                0x08004610      0x378 CMakeFiles/Inverter_1.0.dir/Drivers/STM32G4xx_HAL_Driver/Src/stm32g4xx_hal_adc.c.obj
                0x08004610                HAL_ADC_Init
 .text.HAL_ADC_Start_DMA
                0x08004988      0x1a8 CMakeFiles/Inverter_1.0.dir/Drivers/STM32G4xx_HAL_Driver/Src/stm32g4xx_hal_adc.c.obj
                0x08004988                HAL_ADC_Start_DMA
 .text.HAL_ADC_ConvHalfCpltCallback
                0x08004b30       0x14 CMakeFiles/Inverter_1.0.dir/Drivers/STM32G4xx_HAL_Driver/Src/stm32g4xx_hal_adc.c.obj
                0x08004b30                HAL_ADC_ConvHalfCpltCallback
 .text.HAL_ADC_ErrorCallback
                0x08004b44       0x14 CMakeFiles/Inverter_1.0.dir/Drivers/STM32G4xx_HAL_Driver/Src/stm32g4xx_hal_adc.c.obj
                0x08004b44                HAL_ADC_ErrorCallback
 .text.HAL_ADC_ConfigChannel
                0x08004b58      0x880 CMakeFiles/Inverter_1.0.dir/Drivers/STM32G4xx_HAL_Driver/Src/stm32g4xx_hal_adc.c.obj
                0x08004b58                HAL_ADC_ConfigChannel
 .text.ADC_Enable
                0x080053d8      0x12c CMakeFiles/Inverter_1.0.dir/Drivers/STM32G4xx_HAL_Driver/Src/stm32g4xx_hal_adc.c.obj
                0x080053d8                ADC_Enable
 .text.ADC_Disable
                0x08005504       0xbe CMakeFiles/Inverter_1.0.dir/Drivers/STM32G4xx_HAL_Driver/Src/stm32g4xx_hal_adc.c.obj
                0x08005504                ADC_Disable
 .text.ADC_DMAConvCplt
                0x080055c2       0xd8 CMakeFiles/Inverter_1.0.dir/Drivers/STM32G4xx_HAL_Driver/Src/stm32g4xx_hal_adc.c.obj
                0x080055c2                ADC_DMAConvCplt
 .text.ADC_DMAHalfConvCplt
                0x0800569a       0x1c CMakeFiles/Inverter_1.0.dir/Drivers/STM32G4xx_HAL_Driver/Src/stm32g4xx_hal_adc.c.obj
                0x0800569a                ADC_DMAHalfConvCplt
 .text.ADC_DMAError
                0x080056b6       0x34 CMakeFiles/Inverter_1.0.dir/Drivers/STM32G4xx_HAL_Driver/Src/stm32g4xx_hal_adc.c.obj
                0x080056b6                ADC_DMAError
 .text.LL_ADC_IsEnabled
                0x080056ea       0x26 CMakeFiles/Inverter_1.0.dir/Drivers/STM32G4xx_HAL_Driver/Src/stm32g4xx_hal_adc_ex.c.obj
 .text.LL_ADC_StartCalibration
                0x08005710       0x32 CMakeFiles/Inverter_1.0.dir/Drivers/STM32G4xx_HAL_Driver/Src/stm32g4xx_hal_adc_ex.c.obj
 .text.LL_ADC_IsCalibrationOnGoing
                0x08005742       0x28 CMakeFiles/Inverter_1.0.dir/Drivers/STM32G4xx_HAL_Driver/Src/stm32g4xx_hal_adc_ex.c.obj
 .text.LL_ADC_REG_IsConversionOngoing
                0x0800576a       0x26 CMakeFiles/Inverter_1.0.dir/Drivers/STM32G4xx_HAL_Driver/Src/stm32g4xx_hal_adc_ex.c.obj
 .text.HAL_ADCEx_Calibration_Start
                0x08005790       0xc4 CMakeFiles/Inverter_1.0.dir/Drivers/STM32G4xx_HAL_Driver/Src/stm32g4xx_hal_adc_ex.c.obj
                0x08005790                HAL_ADCEx_Calibration_Start
 .text.HAL_ADCEx_MultiModeConfigChannel
                0x08005854      0x210 CMakeFiles/Inverter_1.0.dir/Drivers/STM32G4xx_HAL_Driver/Src/stm32g4xx_hal_adc_ex.c.obj
                0x08005854                HAL_ADCEx_MultiModeConfigChannel
 .text.HAL_Init
                0x08005a64       0x30 CMakeFiles/Inverter_1.0.dir/Drivers/STM32G4xx_HAL_Driver/Src/stm32g4xx_hal.c.obj
                0x08005a64                HAL_Init
 .text.HAL_InitTick
                0x08005a94       0x74 CMakeFiles/Inverter_1.0.dir/Drivers/STM32G4xx_HAL_Driver/Src/stm32g4xx_hal.c.obj
                0x08005a94                HAL_InitTick
 .text.HAL_IncTick
                0x08005b08       0x24 CMakeFiles/Inverter_1.0.dir/Drivers/STM32G4xx_HAL_Driver/Src/stm32g4xx_hal.c.obj
                0x08005b08                HAL_IncTick
 .text.HAL_GetTick
                0x08005b2c       0x18 CMakeFiles/Inverter_1.0.dir/Drivers/STM32G4xx_HAL_Driver/Src/stm32g4xx_hal.c.obj
                0x08005b2c                HAL_GetTick
 .text.HAL_Delay
                0x08005b44       0x44 CMakeFiles/Inverter_1.0.dir/Drivers/STM32G4xx_HAL_Driver/Src/stm32g4xx_hal.c.obj
                0x08005b44                HAL_Delay
 .text.HAL_DBGMCU_EnableDBGSleepMode
                0x08005b88       0x20 CMakeFiles/Inverter_1.0.dir/Drivers/STM32G4xx_HAL_Driver/Src/stm32g4xx_hal.c.obj
                0x08005b88                HAL_DBGMCU_EnableDBGSleepMode
 .text.HAL_DBGMCU_EnableDBGStopMode
                0x08005ba8       0x20 CMakeFiles/Inverter_1.0.dir/Drivers/STM32G4xx_HAL_Driver/Src/stm32g4xx_hal.c.obj
                0x08005ba8                HAL_DBGMCU_EnableDBGStopMode
 .text.HAL_RCC_OscConfig
                0x08005bc8      0x624 CMakeFiles/Inverter_1.0.dir/Drivers/STM32G4xx_HAL_Driver/Src/stm32g4xx_hal_rcc.c.obj
                0x08005bc8                HAL_RCC_OscConfig
 .text.HAL_RCC_ClockConfig
                0x080061ec      0x278 CMakeFiles/Inverter_1.0.dir/Drivers/STM32G4xx_HAL_Driver/Src/stm32g4xx_hal_rcc.c.obj
                0x080061ec                HAL_RCC_ClockConfig
 .text.HAL_RCC_GetSysClockFreq
                0x08006464       0xc4 CMakeFiles/Inverter_1.0.dir/Drivers/STM32G4xx_HAL_Driver/Src/stm32g4xx_hal_rcc.c.obj
                0x08006464                HAL_RCC_GetSysClockFreq
 .text.HAL_RCC_GetHCLKFreq
                0x08006528       0x18 CMakeFiles/Inverter_1.0.dir/Drivers/STM32G4xx_HAL_Driver/Src/stm32g4xx_hal_rcc.c.obj
                0x08006528                HAL_RCC_GetHCLKFreq
 .text.HAL_RCC_GetPCLK1Freq
                0x08006540       0x2c CMakeFiles/Inverter_1.0.dir/Drivers/STM32G4xx_HAL_Driver/Src/stm32g4xx_hal_rcc.c.obj
                0x08006540                HAL_RCC_GetPCLK1Freq
 .text.HAL_RCC_GetPCLK2Freq
                0x0800656c       0x2c CMakeFiles/Inverter_1.0.dir/Drivers/STM32G4xx_HAL_Driver/Src/stm32g4xx_hal_rcc.c.obj
                0x0800656c                HAL_RCC_GetPCLK2Freq
 .text.RCC_GetSysClockFreqFromPLLSource
                0x08006598       0x8c CMakeFiles/Inverter_1.0.dir/Drivers/STM32G4xx_HAL_Driver/Src/stm32g4xx_hal_rcc.c.obj
 .text.HAL_RCCEx_PeriphCLKConfig
                0x08006624      0x49c CMakeFiles/Inverter_1.0.dir/Drivers/STM32G4xx_HAL_Driver/Src/stm32g4xx_hal_rcc_ex.c.obj
                0x08006624                HAL_RCCEx_PeriphCLKConfig
 .text.HAL_GPIO_Init
                0x08006ac0      0x304 CMakeFiles/Inverter_1.0.dir/Drivers/STM32G4xx_HAL_Driver/Src/stm32g4xx_hal_gpio.c.obj
                0x08006ac0                HAL_GPIO_Init
 .text.HAL_GPIO_ReadPin
                0x08006dc4       0x30 CMakeFiles/Inverter_1.0.dir/Drivers/STM32G4xx_HAL_Driver/Src/stm32g4xx_hal_gpio.c.obj
                0x08006dc4                HAL_GPIO_ReadPin
 .text.HAL_GPIO_WritePin
                0x08006df4       0x30 CMakeFiles/Inverter_1.0.dir/Drivers/STM32G4xx_HAL_Driver/Src/stm32g4xx_hal_gpio.c.obj
                0x08006df4                HAL_GPIO_WritePin
 .text.HAL_GPIO_EXTI_IRQHandler
                0x08006e24       0x30 CMakeFiles/Inverter_1.0.dir/Drivers/STM32G4xx_HAL_Driver/Src/stm32g4xx_hal_gpio.c.obj
                0x08006e24                HAL_GPIO_EXTI_IRQHandler
 .text.HAL_DMA_Init
                0x08006e54      0x150 CMakeFiles/Inverter_1.0.dir/Drivers/STM32G4xx_HAL_Driver/Src/stm32g4xx_hal_dma.c.obj
                0x08006e54                HAL_DMA_Init
 .text.HAL_DMA_Start_IT
                0x08006fa4       0xf6 CMakeFiles/Inverter_1.0.dir/Drivers/STM32G4xx_HAL_Driver/Src/stm32g4xx_hal_dma.c.obj
                0x08006fa4                HAL_DMA_Start_IT
 .text.HAL_DMA_Abort
                0x0800709a       0xb2 CMakeFiles/Inverter_1.0.dir/Drivers/STM32G4xx_HAL_Driver/Src/stm32g4xx_hal_dma.c.obj
                0x0800709a                HAL_DMA_Abort
 .text.HAL_DMA_Abort_IT
                0x0800714c       0xce CMakeFiles/Inverter_1.0.dir/Drivers/STM32G4xx_HAL_Driver/Src/stm32g4xx_hal_dma.c.obj
                0x0800714c                HAL_DMA_Abort_IT
 .text.HAL_DMA_IRQHandler
                0x0800721a      0x15e CMakeFiles/Inverter_1.0.dir/Drivers/STM32G4xx_HAL_Driver/Src/stm32g4xx_hal_dma.c.obj
                0x0800721a                HAL_DMA_IRQHandler
 .text.DMA_SetConfig
                0x08007378       0x7c CMakeFiles/Inverter_1.0.dir/Drivers/STM32G4xx_HAL_Driver/Src/stm32g4xx_hal_dma.c.obj
 .text.DMA_CalcDMAMUXChannelBaseAndMask
                0x080073f4       0x7c CMakeFiles/Inverter_1.0.dir/Drivers/STM32G4xx_HAL_Driver/Src/stm32g4xx_hal_dma.c.obj
 .text.DMA_CalcDMAMUXRequestGenBaseAndMask
                0x08007470       0x48 CMakeFiles/Inverter_1.0.dir/Drivers/STM32G4xx_HAL_Driver/Src/stm32g4xx_hal_dma.c.obj
 .text.HAL_PWREx_ControlVoltageScaling
                0x080074b8      0x148 CMakeFiles/Inverter_1.0.dir/Drivers/STM32G4xx_HAL_Driver/Src/stm32g4xx_hal_pwr_ex.c.obj
                0x080074b8                HAL_PWREx_ControlVoltageScaling
 .text.HAL_PWREx_DisableUCPDDeadBattery
                0x08007600       0x20 CMakeFiles/Inverter_1.0.dir/Drivers/STM32G4xx_HAL_Driver/Src/stm32g4xx_hal_pwr_ex.c.obj
                0x08007600                HAL_PWREx_DisableUCPDDeadBattery
 .text.__NVIC_SetPriorityGrouping
                0x08007620       0x48 CMakeFiles/Inverter_1.0.dir/Drivers/STM32G4xx_HAL_Driver/Src/stm32g4xx_hal_cortex.c.obj
 .text.__NVIC_GetPriorityGrouping
                0x08007668       0x1c CMakeFiles/Inverter_1.0.dir/Drivers/STM32G4xx_HAL_Driver/Src/stm32g4xx_hal_cortex.c.obj
 .text.__NVIC_EnableIRQ
                0x08007684       0x3c CMakeFiles/Inverter_1.0.dir/Drivers/STM32G4xx_HAL_Driver/Src/stm32g4xx_hal_cortex.c.obj
 .text.__NVIC_SetPriority
                0x080076c0       0x54 CMakeFiles/Inverter_1.0.dir/Drivers/STM32G4xx_HAL_Driver/Src/stm32g4xx_hal_cortex.c.obj
 .text.NVIC_EncodePriority
                0x08007714       0x66 CMakeFiles/Inverter_1.0.dir/Drivers/STM32G4xx_HAL_Driver/Src/stm32g4xx_hal_cortex.c.obj
 *fill*         0x0800777a        0x2 
 .text.SysTick_Config
                0x0800777c       0x44 CMakeFiles/Inverter_1.0.dir/Drivers/STM32G4xx_HAL_Driver/Src/stm32g4xx_hal_cortex.c.obj
 .text.HAL_NVIC_SetPriorityGrouping
                0x080077c0       0x16 CMakeFiles/Inverter_1.0.dir/Drivers/STM32G4xx_HAL_Driver/Src/stm32g4xx_hal_cortex.c.obj
                0x080077c0                HAL_NVIC_SetPriorityGrouping
 .text.HAL_NVIC_SetPriority
                0x080077d6       0x34 CMakeFiles/Inverter_1.0.dir/Drivers/STM32G4xx_HAL_Driver/Src/stm32g4xx_hal_cortex.c.obj
                0x080077d6                HAL_NVIC_SetPriority
 .text.HAL_NVIC_EnableIRQ
                0x0800780a       0x1c CMakeFiles/Inverter_1.0.dir/Drivers/STM32G4xx_HAL_Driver/Src/stm32g4xx_hal_cortex.c.obj
                0x0800780a                HAL_NVIC_EnableIRQ
 .text.HAL_SYSTICK_Config
                0x08007826       0x18 CMakeFiles/Inverter_1.0.dir/Drivers/STM32G4xx_HAL_Driver/Src/stm32g4xx_hal_cortex.c.obj
                0x08007826                HAL_SYSTICK_Config
 .text.HAL_DAC_Init
                0x0800783e       0x44 CMakeFiles/Inverter_1.0.dir/Drivers/STM32G4xx_HAL_Driver/Src/stm32g4xx_hal_dac.c.obj
                0x0800783e                HAL_DAC_Init
 .text.HAL_DAC_IRQHandler
                0x08007882       0xac CMakeFiles/Inverter_1.0.dir/Drivers/STM32G4xx_HAL_Driver/Src/stm32g4xx_hal_dac.c.obj
                0x08007882                HAL_DAC_IRQHandler
 .text.HAL_DAC_DMAUnderrunCallbackCh1
                0x0800792e       0x14 CMakeFiles/Inverter_1.0.dir/Drivers/STM32G4xx_HAL_Driver/Src/stm32g4xx_hal_dac.c.obj
                0x0800792e                HAL_DAC_DMAUnderrunCallbackCh1
 *fill*         0x08007942        0x2 
 .text.HAL_DAC_ConfigChannel
                0x08007944      0x374 CMakeFiles/Inverter_1.0.dir/Drivers/STM32G4xx_HAL_Driver/Src/stm32g4xx_hal_dac.c.obj
                0x08007944                HAL_DAC_ConfigChannel
 .text.HAL_DACEx_DMAUnderrunCallbackCh2
                0x08007cb8       0x14 CMakeFiles/Inverter_1.0.dir/Drivers/STM32G4xx_HAL_Driver/Src/stm32g4xx_hal_dac_ex.c.obj
                0x08007cb8                HAL_DACEx_DMAUnderrunCallbackCh2
 .text.HAL_HRTIM_Init
                0x08007ccc      0x1a0 CMakeFiles/Inverter_1.0.dir/Drivers/STM32G4xx_HAL_Driver/Src/stm32g4xx_hal_hrtim.c.obj
                0x08007ccc                HAL_HRTIM_Init
 .text.HAL_HRTIM_DLLCalibrationStart
                0x08007e6c       0xb0 CMakeFiles/Inverter_1.0.dir/Drivers/STM32G4xx_HAL_Driver/Src/stm32g4xx_hal_hrtim.c.obj
                0x08007e6c                HAL_HRTIM_DLLCalibrationStart
 .text.HAL_HRTIM_PollForDLLCalibration
                0x08007f1c       0x68 CMakeFiles/Inverter_1.0.dir/Drivers/STM32G4xx_HAL_Driver/Src/stm32g4xx_hal_hrtim.c.obj
                0x08007f1c                HAL_HRTIM_PollForDLLCalibration
 .text.HAL_HRTIM_TimeBaseConfig
                0x08007f84       0x50 CMakeFiles/Inverter_1.0.dir/Drivers/STM32G4xx_HAL_Driver/Src/stm32g4xx_hal_hrtim.c.obj
                0x08007f84                HAL_HRTIM_TimeBaseConfig
 .text.HAL_HRTIM_ADCTriggerConfig
                0x08007fd4      0x3d8 CMakeFiles/Inverter_1.0.dir/Drivers/STM32G4xx_HAL_Driver/Src/stm32g4xx_hal_hrtim.c.obj
                0x08007fd4                HAL_HRTIM_ADCTriggerConfig
 .text.HAL_HRTIM_ADCPostScalerConfig
                0x080083ac      0x294 CMakeFiles/Inverter_1.0.dir/Drivers/STM32G4xx_HAL_Driver/Src/stm32g4xx_hal_hrtim.c.obj
                0x080083ac                HAL_HRTIM_ADCPostScalerConfig
 .text.HAL_HRTIM_WaveformTimerConfig
                0x08008640      0x11a CMakeFiles/Inverter_1.0.dir/Drivers/STM32G4xx_HAL_Driver/Src/stm32g4xx_hal_hrtim.c.obj
                0x08008640                HAL_HRTIM_WaveformTimerConfig
 .text.HAL_HRTIM_WaveformTimerControl
                0x0800875a       0x66 CMakeFiles/Inverter_1.0.dir/Drivers/STM32G4xx_HAL_Driver/Src/stm32g4xx_hal_hrtim.c.obj
                0x0800875a                HAL_HRTIM_WaveformTimerControl
 .text.HAL_HRTIM_DeadTimeConfig
                0x080087c0      0x100 CMakeFiles/Inverter_1.0.dir/Drivers/STM32G4xx_HAL_Driver/Src/stm32g4xx_hal_hrtim.c.obj
                0x080087c0                HAL_HRTIM_DeadTimeConfig
 .text.HAL_HRTIM_WaveformCompareConfig
                0x080088c0      0x2dc CMakeFiles/Inverter_1.0.dir/Drivers/STM32G4xx_HAL_Driver/Src/stm32g4xx_hal_hrtim.c.obj
                0x080088c0                HAL_HRTIM_WaveformCompareConfig
 .text.HAL_HRTIM_WaveformOutputConfig
                0x08008b9c       0x62 CMakeFiles/Inverter_1.0.dir/Drivers/STM32G4xx_HAL_Driver/Src/stm32g4xx_hal_hrtim.c.obj
                0x08008b9c                HAL_HRTIM_WaveformOutputConfig
 .text.HAL_HRTIM_WaveformOutputStart
                0x08008bfe       0x5a CMakeFiles/Inverter_1.0.dir/Drivers/STM32G4xx_HAL_Driver/Src/stm32g4xx_hal_hrtim.c.obj
                0x08008bfe                HAL_HRTIM_WaveformOutputStart
 .text.HAL_HRTIM_WaveformCountStart
                0x08008c58       0x56 CMakeFiles/Inverter_1.0.dir/Drivers/STM32G4xx_HAL_Driver/Src/stm32g4xx_hal_hrtim.c.obj
                0x08008c58                HAL_HRTIM_WaveformCountStart
 .text.HRTIM_MasterBase_Config
                0x08008cae       0x5e CMakeFiles/Inverter_1.0.dir/Drivers/STM32G4xx_HAL_Driver/Src/stm32g4xx_hal_hrtim.c.obj
 .text.HRTIM_TimingUnitBase_Config
                0x08008d0c       0x80 CMakeFiles/Inverter_1.0.dir/Drivers/STM32G4xx_HAL_Driver/Src/stm32g4xx_hal_hrtim.c.obj
 .text.HRTIM_MasterWaveform_Config
                0x08008d8c      0x13a CMakeFiles/Inverter_1.0.dir/Drivers/STM32G4xx_HAL_Driver/Src/stm32g4xx_hal_hrtim.c.obj
 *fill*         0x08008ec6        0x2 
 .text.HRTIM_TimingUnitWaveform_Config
                0x08008ec8      0x30c CMakeFiles/Inverter_1.0.dir/Drivers/STM32G4xx_HAL_Driver/Src/stm32g4xx_hal_hrtim.c.obj
 .text.HRTIM_TimingUnitWaveform_Control
                0x080091d4       0xc0 CMakeFiles/Inverter_1.0.dir/Drivers/STM32G4xx_HAL_Driver/Src/stm32g4xx_hal_hrtim.c.obj
 .text.HRTIM_OutputConfig
                0x08009294      0x1d0 CMakeFiles/Inverter_1.0.dir/Drivers/STM32G4xx_HAL_Driver/Src/stm32g4xx_hal_hrtim.c.obj
 .text.HRTIM_ForceRegistersUpdate
                0x08009464       0xdc CMakeFiles/Inverter_1.0.dir/Drivers/STM32G4xx_HAL_Driver/Src/stm32g4xx_hal_hrtim.c.obj
 .text.HAL_LPTIM_Init
                0x08009540      0x138 CMakeFiles/Inverter_1.0.dir/Drivers/STM32G4xx_HAL_Driver/Src/stm32g4xx_hal_lptim.c.obj
                0x08009540                HAL_LPTIM_Init
 .text.HAL_LPTIM_TimeOut_Stop_IT
                0x08009678       0x68 CMakeFiles/Inverter_1.0.dir/Drivers/STM32G4xx_HAL_Driver/Src/stm32g4xx_hal_lptim.c.obj
                0x08009678                HAL_LPTIM_TimeOut_Stop_IT
 .text.HAL_LPTIM_IRQHandler
                0x080096e0      0x136 CMakeFiles/Inverter_1.0.dir/Drivers/STM32G4xx_HAL_Driver/Src/stm32g4xx_hal_lptim.c.obj
                0x080096e0                HAL_LPTIM_IRQHandler
 .text.HAL_LPTIM_AutoReloadMatchCallback
                0x08009816       0x14 CMakeFiles/Inverter_1.0.dir/Drivers/STM32G4xx_HAL_Driver/Src/stm32g4xx_hal_lptim.c.obj
                0x08009816                HAL_LPTIM_AutoReloadMatchCallback
 .text.HAL_LPTIM_TriggerCallback
                0x0800982a       0x14 CMakeFiles/Inverter_1.0.dir/Drivers/STM32G4xx_HAL_Driver/Src/stm32g4xx_hal_lptim.c.obj
                0x0800982a                HAL_LPTIM_TriggerCallback
 .text.HAL_LPTIM_CompareWriteCallback
                0x0800983e       0x14 CMakeFiles/Inverter_1.0.dir/Drivers/STM32G4xx_HAL_Driver/Src/stm32g4xx_hal_lptim.c.obj
                0x0800983e                HAL_LPTIM_CompareWriteCallback
 .text.HAL_LPTIM_AutoReloadWriteCallback
                0x08009852       0x14 CMakeFiles/Inverter_1.0.dir/Drivers/STM32G4xx_HAL_Driver/Src/stm32g4xx_hal_lptim.c.obj
                0x08009852                HAL_LPTIM_AutoReloadWriteCallback
 .text.HAL_LPTIM_DirectionUpCallback
                0x08009866       0x14 CMakeFiles/Inverter_1.0.dir/Drivers/STM32G4xx_HAL_Driver/Src/stm32g4xx_hal_lptim.c.obj
                0x08009866                HAL_LPTIM_DirectionUpCallback
 .text.HAL_LPTIM_DirectionDownCallback
                0x0800987a       0x14 CMakeFiles/Inverter_1.0.dir/Drivers/STM32G4xx_HAL_Driver/Src/stm32g4xx_hal_lptim.c.obj
                0x0800987a                HAL_LPTIM_DirectionDownCallback
 .text.HAL_LPTIM_GetState
                0x0800988e       0x1c CMakeFiles/Inverter_1.0.dir/Drivers/STM32G4xx_HAL_Driver/Src/stm32g4xx_hal_lptim.c.obj
                0x0800988e                HAL_LPTIM_GetState
 *fill*         0x080098aa        0x2 
 .text.LPTIM_WaitForFlag
                0x080098ac       0x60 CMakeFiles/Inverter_1.0.dir/Drivers/STM32G4xx_HAL_Driver/Src/stm32g4xx_hal_lptim.c.obj
 .text.LPTIM_Disable
                0x0800990c      0x19c CMakeFiles/Inverter_1.0.dir/Drivers/STM32G4xx_HAL_Driver/Src/stm32g4xx_hal_lptim.c.obj
                0x0800990c                LPTIM_Disable
 .text.HAL_TIM_Base_Init
                0x08009aa8       0xae CMakeFiles/Inverter_1.0.dir/Drivers/STM32G4xx_HAL_Driver/Src/stm32g4xx_hal_tim.c.obj
                0x08009aa8                HAL_TIM_Base_Init
 *fill*         0x08009b56        0x2 
 .text.HAL_TIM_Base_Start
                0x08009b58       0xe0 CMakeFiles/Inverter_1.0.dir/Drivers/STM32G4xx_HAL_Driver/Src/stm32g4xx_hal_tim.c.obj
                0x08009b58                HAL_TIM_Base_Start
 .text.HAL_TIM_Base_Start_IT
                0x08009c38       0xf0 CMakeFiles/Inverter_1.0.dir/Drivers/STM32G4xx_HAL_Driver/Src/stm32g4xx_hal_tim.c.obj
                0x08009c38                HAL_TIM_Base_Start_IT
 .text.HAL_TIM_IRQHandler
                0x08009d28      0x29e CMakeFiles/Inverter_1.0.dir/Drivers/STM32G4xx_HAL_Driver/Src/stm32g4xx_hal_tim.c.obj
                0x08009d28                HAL_TIM_IRQHandler
 *fill*         0x08009fc6        0x2 
 .text.HAL_TIM_ConfigClockSource
                0x08009fc8      0x22c CMakeFiles/Inverter_1.0.dir/Drivers/STM32G4xx_HAL_Driver/Src/stm32g4xx_hal_tim.c.obj
                0x08009fc8                HAL_TIM_ConfigClockSource
 .text.HAL_TIM_OC_DelayElapsedCallback
                0x0800a1f4       0x14 CMakeFiles/Inverter_1.0.dir/Drivers/STM32G4xx_HAL_Driver/Src/stm32g4xx_hal_tim.c.obj
                0x0800a1f4                HAL_TIM_OC_DelayElapsedCallback
 .text.HAL_TIM_IC_CaptureCallback
                0x0800a208       0x14 CMakeFiles/Inverter_1.0.dir/Drivers/STM32G4xx_HAL_Driver/Src/stm32g4xx_hal_tim.c.obj
                0x0800a208                HAL_TIM_IC_CaptureCallback
 .text.HAL_TIM_PWM_PulseFinishedCallback
                0x0800a21c       0x14 CMakeFiles/Inverter_1.0.dir/Drivers/STM32G4xx_HAL_Driver/Src/stm32g4xx_hal_tim.c.obj
                0x0800a21c                HAL_TIM_PWM_PulseFinishedCallback
 .text.HAL_TIM_TriggerCallback
                0x0800a230       0x14 CMakeFiles/Inverter_1.0.dir/Drivers/STM32G4xx_HAL_Driver/Src/stm32g4xx_hal_tim.c.obj
                0x0800a230                HAL_TIM_TriggerCallback
 .text.TIM_Base_SetConfig
                0x0800a244      0x168 CMakeFiles/Inverter_1.0.dir/Drivers/STM32G4xx_HAL_Driver/Src/stm32g4xx_hal_tim.c.obj
                0x0800a244                TIM_Base_SetConfig
 .text.TIM_TI1_ConfigInputStage
                0x0800a3ac       0x5e CMakeFiles/Inverter_1.0.dir/Drivers/STM32G4xx_HAL_Driver/Src/stm32g4xx_hal_tim.c.obj
 .text.TIM_TI2_ConfigInputStage
                0x0800a40a       0x60 CMakeFiles/Inverter_1.0.dir/Drivers/STM32G4xx_HAL_Driver/Src/stm32g4xx_hal_tim.c.obj
 .text.TIM_ITRx_SetConfig
                0x0800a46a       0x3a CMakeFiles/Inverter_1.0.dir/Drivers/STM32G4xx_HAL_Driver/Src/stm32g4xx_hal_tim.c.obj
 .text.TIM_ETR_SetConfig
                0x0800a4a4       0x40 CMakeFiles/Inverter_1.0.dir/Drivers/STM32G4xx_HAL_Driver/Src/stm32g4xx_hal_tim.c.obj
                0x0800a4a4                TIM_ETR_SetConfig
 .text.HAL_TIMEx_MasterConfigSynchronization
                0x0800a4e4      0x12c CMakeFiles/Inverter_1.0.dir/Drivers/STM32G4xx_HAL_Driver/Src/stm32g4xx_hal_tim_ex.c.obj
                0x0800a4e4                HAL_TIMEx_MasterConfigSynchronization
 .text.HAL_TIMEx_CommutCallback
                0x0800a610       0x14 CMakeFiles/Inverter_1.0.dir/Drivers/STM32G4xx_HAL_Driver/Src/stm32g4xx_hal_tim_ex.c.obj
                0x0800a610                HAL_TIMEx_CommutCallback
 .text.HAL_TIMEx_BreakCallback
                0x0800a624       0x14 CMakeFiles/Inverter_1.0.dir/Drivers/STM32G4xx_HAL_Driver/Src/stm32g4xx_hal_tim_ex.c.obj
                0x0800a624                HAL_TIMEx_BreakCallback
 .text.HAL_TIMEx_Break2Callback
                0x0800a638       0x14 CMakeFiles/Inverter_1.0.dir/Drivers/STM32G4xx_HAL_Driver/Src/stm32g4xx_hal_tim_ex.c.obj
                0x0800a638                HAL_TIMEx_Break2Callback
 .text.HAL_TIMEx_EncoderIndexCallback
                0x0800a64c       0x14 CMakeFiles/Inverter_1.0.dir/Drivers/STM32G4xx_HAL_Driver/Src/stm32g4xx_hal_tim_ex.c.obj
                0x0800a64c                HAL_TIMEx_EncoderIndexCallback
 .text.HAL_TIMEx_DirectionChangeCallback
                0x0800a660       0x14 CMakeFiles/Inverter_1.0.dir/Drivers/STM32G4xx_HAL_Driver/Src/stm32g4xx_hal_tim_ex.c.obj
                0x0800a660                HAL_TIMEx_DirectionChangeCallback
 .text.HAL_TIMEx_IndexErrorCallback
                0x0800a674       0x14 CMakeFiles/Inverter_1.0.dir/Drivers/STM32G4xx_HAL_Driver/Src/stm32g4xx_hal_tim_ex.c.obj
                0x0800a674                HAL_TIMEx_IndexErrorCallback
 .text.HAL_TIMEx_TransitionErrorCallback
                0x0800a688       0x14 CMakeFiles/Inverter_1.0.dir/Drivers/STM32G4xx_HAL_Driver/Src/stm32g4xx_hal_tim_ex.c.obj
                0x0800a688                HAL_TIMEx_TransitionErrorCallback
 .text.HAL_UART_Init
                0x0800a69c       0xa0 CMakeFiles/Inverter_1.0.dir/Drivers/STM32G4xx_HAL_Driver/Src/stm32g4xx_hal_uart.c.obj
                0x0800a69c                HAL_UART_Init
 .text.HAL_UART_IRQHandler
                0x0800a73c      0x684 CMakeFiles/Inverter_1.0.dir/Drivers/STM32G4xx_HAL_Driver/Src/stm32g4xx_hal_uart.c.obj
                0x0800a73c                HAL_UART_IRQHandler
 .text.HAL_UART_TxCpltCallback
                0x0800adc0       0x14 CMakeFiles/Inverter_1.0.dir/Drivers/STM32G4xx_HAL_Driver/Src/stm32g4xx_hal_uart.c.obj
                0x0800adc0                HAL_UART_TxCpltCallback
 .text.HAL_UART_ErrorCallback
                0x0800add4       0x14 CMakeFiles/Inverter_1.0.dir/Drivers/STM32G4xx_HAL_Driver/Src/stm32g4xx_hal_uart.c.obj
                0x0800add4                HAL_UART_ErrorCallback
 .text.UART_SetConfig
                0x0800ade8      0x5f8 CMakeFiles/Inverter_1.0.dir/Drivers/STM32G4xx_HAL_Driver/Src/stm32g4xx_hal_uart.c.obj
                0x0800ade8                UART_SetConfig
 .text.UART_AdvFeatureConfig
                0x0800b3e0      0x144 CMakeFiles/Inverter_1.0.dir/Drivers/STM32G4xx_HAL_Driver/Src/stm32g4xx_hal_uart.c.obj
                0x0800b3e0                UART_AdvFeatureConfig
 .text.UART_CheckIdleState
                0x0800b524      0x154 CMakeFiles/Inverter_1.0.dir/Drivers/STM32G4xx_HAL_Driver/Src/stm32g4xx_hal_uart.c.obj
                0x0800b524                UART_CheckIdleState
 .text.UART_WaitOnFlagUntilTimeout
                0x0800b678       0xda CMakeFiles/Inverter_1.0.dir/Drivers/STM32G4xx_HAL_Driver/Src/stm32g4xx_hal_uart.c.obj
                0x0800b678                UART_WaitOnFlagUntilTimeout
 .text.UART_EndRxTransfer
                0x0800b752       0xcc CMakeFiles/Inverter_1.0.dir/Drivers/STM32G4xx_HAL_Driver/Src/stm32g4xx_hal_uart.c.obj
 .text.UART_DMAAbortOnError
                0x0800b81e       0x24 CMakeFiles/Inverter_1.0.dir/Drivers/STM32G4xx_HAL_Driver/Src/stm32g4xx_hal_uart.c.obj
 .text.UART_EndTransmit_IT
                0x0800b842       0x56 CMakeFiles/Inverter_1.0.dir/Drivers/STM32G4xx_HAL_Driver/Src/stm32g4xx_hal_uart.c.obj
 .text.HAL_UARTEx_WakeupCallback
                0x0800b898       0x14 CMakeFiles/Inverter_1.0.dir/Drivers/STM32G4xx_HAL_Driver/Src/stm32g4xx_hal_uart_ex.c.obj
                0x0800b898                HAL_UARTEx_WakeupCallback
 .text.HAL_UARTEx_RxFifoFullCallback
                0x0800b8ac       0x14 CMakeFiles/Inverter_1.0.dir/Drivers/STM32G4xx_HAL_Driver/Src/stm32g4xx_hal_uart_ex.c.obj
                0x0800b8ac                HAL_UARTEx_RxFifoFullCallback
 .text.HAL_UARTEx_TxFifoEmptyCallback
                0x0800b8c0       0x14 CMakeFiles/Inverter_1.0.dir/Drivers/STM32G4xx_HAL_Driver/Src/stm32g4xx_hal_uart_ex.c.obj
                0x0800b8c0                HAL_UARTEx_TxFifoEmptyCallback
 .text.HAL_UARTEx_DisableFifoMode
                0x0800b8d4       0x72 CMakeFiles/Inverter_1.0.dir/Drivers/STM32G4xx_HAL_Driver/Src/stm32g4xx_hal_uart_ex.c.obj
                0x0800b8d4                HAL_UARTEx_DisableFifoMode
 .text.HAL_UARTEx_SetTxFifoThreshold
                0x0800b946       0x7c CMakeFiles/Inverter_1.0.dir/Drivers/STM32G4xx_HAL_Driver/Src/stm32g4xx_hal_uart_ex.c.obj
                0x0800b946                HAL_UARTEx_SetTxFifoThreshold
 .text.HAL_UARTEx_SetRxFifoThreshold
                0x0800b9c2       0x7c CMakeFiles/Inverter_1.0.dir/Drivers/STM32G4xx_HAL_Driver/Src/stm32g4xx_hal_uart_ex.c.obj
                0x0800b9c2                HAL_UARTEx_SetRxFifoThreshold
 *fill*         0x0800ba3e        0x2 
 .text.UARTEx_SetNbDataToProcess
                0x0800ba40       0x9c CMakeFiles/Inverter_1.0.dir/Drivers/STM32G4xx_HAL_Driver/Src/stm32g4xx_hal_uart_ex.c.obj
 .text.SystemInit
                0x0800badc       0x24 CMakeFiles/Inverter_1.0.dir/Core/Src/system_stm32g4xx.c.obj
                0x0800badc                SystemInit
 .text.Reset_Handler
                0x0800bb00       0x50 CMakeFiles/Inverter_1.0.dir/startup_stm32g474xx.s.obj
                0x0800bb00                Reset_Handler
 .text.Default_Handler
                0x0800bb50        0x2 CMakeFiles/Inverter_1.0.dir/startup_stm32g474xx.s.obj
                0x0800bb50                RTC_Alarm_IRQHandler
                0x0800bb50                EXTI2_IRQHandler
                0x0800bb50                TIM8_TRG_COM_IRQHandler
                0x0800bb50                TIM8_CC_IRQHandler
                0x0800bb50                HRTIM1_Master_IRQHandler
                0x0800bb50                SPI4_IRQHandler
                0x0800bb50                FDCAN3_IT0_IRQHandler
                0x0800bb50                TIM1_CC_IRQHandler
                0x0800bb50                HRTIM1_FLT_IRQHandler
                0x0800bb50                HRTIM1_TIMF_IRQHandler
                0x0800bb50                USB_HP_IRQHandler
                0x0800bb50                CORDIC_IRQHandler
                0x0800bb50                HRTIM1_TIMD_IRQHandler
                0x0800bb50                DMA2_Channel8_IRQHandler
                0x0800bb50                EXTI3_IRQHandler
                0x0800bb50                I2C3_ER_IRQHandler
                0x0800bb50                EXTI0_IRQHandler
                0x0800bb50                I2C2_EV_IRQHandler
                0x0800bb50                FPU_IRQHandler
                0x0800bb50                FDCAN1_IT1_IRQHandler
                0x0800bb50                TIM1_UP_TIM16_IRQHandler
                0x0800bb50                ADC1_2_IRQHandler
                0x0800bb50                HRTIM1_TIME_IRQHandler
                0x0800bb50                SPI1_IRQHandler
                0x0800bb50                HRTIM1_TIMC_IRQHandler
                0x0800bb50                TIM8_UP_IRQHandler
                0x0800bb50                DMA2_Channel2_IRQHandler
                0x0800bb50                TIM20_TRG_COM_IRQHandler
                0x0800bb50                USART3_IRQHandler
                0x0800bb50                DMA1_Channel7_IRQHandler
                0x0800bb50                UART5_IRQHandler
                0x0800bb50                ADC3_IRQHandler
                0x0800bb50                TIM4_IRQHandler
                0x0800bb50                QUADSPI_IRQHandler
                0x0800bb50                I2C1_EV_IRQHandler
                0x0800bb50                DMA1_Channel6_IRQHandler
                0x0800bb50                UART4_IRQHandler
                0x0800bb50                DMA2_Channel4_IRQHandler
                0x0800bb50                TIM3_IRQHandler
                0x0800bb50                RCC_IRQHandler
                0x0800bb50                TIM20_UP_IRQHandler
                0x0800bb50                Default_Handler
                0x0800bb50                DMA2_Channel7_IRQHandler
                0x0800bb50                RTC_TAMP_LSECSS_IRQHandler
                0x0800bb50                FMAC_IRQHandler
                0x0800bb50                DMA1_Channel8_IRQHandler
                0x0800bb50                HRTIM1_TIMA_IRQHandler
                0x0800bb50                TIM7_DAC_IRQHandler
                0x0800bb50                FDCAN3_IT1_IRQHandler
                0x0800bb50                UCPD1_IRQHandler
                0x0800bb50                I2C3_EV_IRQHandler
                0x0800bb50                EXTI9_5_IRQHandler
                0x0800bb50                RTC_WKUP_IRQHandler
                0x0800bb50                PVD_PVM_IRQHandler
                0x0800bb50                SPI2_IRQHandler
                0x0800bb50                ADC5_IRQHandler
                0x0800bb50                DMA2_Channel5_IRQHandler
                0x0800bb50                CRS_IRQHandler
                0x0800bb50                DMA1_Channel5_IRQHandler
                0x0800bb50                USB_LP_IRQHandler
                0x0800bb50                EXTI4_IRQHandler
                0x0800bb50                RNG_IRQHandler
                0x0800bb50                HRTIM1_TIMB_IRQHandler
                0x0800bb50                TIM1_TRG_COM_TIM17_IRQHandler
                0x0800bb50                FDCAN2_IT1_IRQHandler
                0x0800bb50                DMA1_Channel3_IRQHandler
                0x0800bb50                ADC4_IRQHandler
                0x0800bb50                WWDG_IRQHandler
                0x0800bb50                I2C4_EV_IRQHandler
                0x0800bb50                FDCAN2_IT0_IRQHandler
                0x0800bb50                LPUART1_IRQHandler
                0x0800bb50                DMA2_Channel6_IRQHandler
                0x0800bb50                FDCAN1_IT0_IRQHandler
                0x0800bb50                TIM2_IRQHandler
                0x0800bb50                COMP7_IRQHandler
                0x0800bb50                COMP1_2_3_IRQHandler
                0x0800bb50                EXTI1_IRQHandler
                0x0800bb50                COMP4_5_6_IRQHandler
                0x0800bb50                TIM20_BRK_IRQHandler
                0x0800bb50                I2C2_ER_IRQHandler
                0x0800bb50                DMA1_Channel2_IRQHandler
                0x0800bb50                TIM8_BRK_IRQHandler
                0x0800bb50                FLASH_IRQHandler
                0x0800bb50                TIM20_CC_IRQHandler
                0x0800bb50                USART1_IRQHandler
                0x0800bb50                SPI3_IRQHandler
                0x0800bb50                I2C1_ER_IRQHandler
                0x0800bb50                FMC_IRQHandler
                0x0800bb50                DMAMUX_OVR_IRQHandler
                0x0800bb50                I2C4_ER_IRQHandler
                0x0800bb50                USBWakeUp_IRQHandler
                0x0800bb50                SAI1_IRQHandler
                0x0800bb50                DMA2_Channel3_IRQHandler
                0x0800bb50                TIM1_BRK_TIM15_IRQHandler
 .text.memset   0x0800bb52       0x10 C:/Users/86178/AppData/Local/stm32cube/bundles/gnu-tools-for-stm32/14.3.1+st.2/bin/../lib/gcc/arm-none-eabi/14.3.1/../../../../arm-none-eabi/lib/thumb/v7e-m+fp/hard\libc_nano.a(libc_a-memset.o)
                0x0800bb52                memset
 *fill*         0x0800bb62        0x2 
 .text.__libc_init_array
                0x0800bb64       0x48 C:/Users/86178/AppData/Local/stm32cube/bundles/gnu-tools-for-stm32/14.3.1+st.2/bin/../lib/gcc/arm-none-eabi/14.3.1/../../../../arm-none-eabi/lib/thumb/v7e-m+fp/hard\libc_nano.a(libc_a-init.o)
                0x0800bb64                __libc_init_array
 *(.glue_7)
 .glue_7        0x0800bbac        0x0 linker stubs
 *(.glue_7t)
 .glue_7t       0x0800bbac        0x0 linker stubs
 *(.eh_frame)
 .eh_frame      0x0800bbac        0x0 C:/Users/86178/AppData/Local/stm32cube/bundles/gnu-tools-for-stm32/14.3.1+st.2/bin/../lib/gcc/arm-none-eabi/14.3.1/thumb/v7e-m+fp/hard/crtbegin.o
 *(.init)
 .init          0x0800bbac        0x4 C:/Users/86178/AppData/Local/stm32cube/bundles/gnu-tools-for-stm32/14.3.1+st.2/bin/../lib/gcc/arm-none-eabi/14.3.1/thumb/v7e-m+fp/hard/crti.o
                0x0800bbac                _init
 .init          0x0800bbb0        0x8 C:/Users/86178/AppData/Local/stm32cube/bundles/gnu-tools-for-stm32/14.3.1+st.2/bin/../lib/gcc/arm-none-eabi/14.3.1/thumb/v7e-m+fp/hard/crtn.o
 *(.fini)
 .fini          0x0800bbb8        0x4 C:/Users/86178/AppData/Local/stm32cube/bundles/gnu-tools-for-stm32/14.3.1+st.2/bin/../lib/gcc/arm-none-eabi/14.3.1/thumb/v7e-m+fp/hard/crti.o
                0x0800bbb8                _fini
 .fini          0x0800bbbc        0x8 C:/Users/86178/AppData/Local/stm32cube/bundles/gnu-tools-for-stm32/14.3.1+st.2/bin/../lib/gcc/arm-none-eabi/14.3.1/thumb/v7e-m+fp/hard/crtn.o
                0x0800bbc4                        . = ALIGN (0x4)
                0x0800bbc4                        _etext = .

.vfp11_veneer   0x0800bbc4        0x0
 .vfp11_veneer  0x0800bbc4        0x0 linker stubs

.v4_bx          0x0800bbc4        0x0
 .v4_bx         0x0800bbc4        0x0 linker stubs

.iplt           0x0800bbc4        0x0
 .iplt          0x0800bbc4        0x0 C:/Users/86178/AppData/Local/stm32cube/bundles/gnu-tools-for-stm32/14.3.1+st.2/bin/../lib/gcc/arm-none-eabi/14.3.1/thumb/v7e-m+fp/hard/crtbegin.o

.rodata         0x0800bbc4       0xc0
                0x0800bbc4                        . = ALIGN (0x4)
 *(.rodata)
 .rodata        0x0800bbc4        0x9 CMakeFiles/Inverter_1.0.dir/User_cpp/Driver/jlink_rtt/SEGGER_RTT.c.obj
 *fill*         0x0800bbcd        0x3 
 .rodata        0x0800bbd0       0x28 CMakeFiles/Inverter_1.0.dir/User_cpp/APP/sampling/sampling.cpp.obj
 *(.rodata*)
 .rodata._ZN6Driver12_GLOBAL__N_1L14kStartSequenceE
                0x0800bbf8       0x14 CMakeFiles/Inverter_1.0.dir/User_cpp/Driver/ask/ask.cpp.obj
 .rodata._aInitStr.0
                0x0800bc0c       0x11 CMakeFiles/Inverter_1.0.dir/User_cpp/Driver/jlink_rtt/SEGGER_RTT.c.obj
 *fill*         0x0800bc1d        0x3 
 .rodata._ZZN3App15SamplingService4initEvE12adc2Channels
                0x0800bc20        0xc CMakeFiles/Inverter_1.0.dir/User_cpp/APP/sampling/sampling.cpp.obj
 .rodata._ZZN3App15SamplingService4initEvE12adc3Channels
                0x0800bc2c       0x18 CMakeFiles/Inverter_1.0.dir/User_cpp/APP/sampling/sampling.cpp.obj
 .rodata.UARTPrescTable
                0x0800bc44       0x18 CMakeFiles/Inverter_1.0.dir/Drivers/STM32G4xx_HAL_Driver/Src/stm32g4xx_hal_uart.c.obj
                0x0800bc44                UARTPrescTable
 .rodata.numerator.1
                0x0800bc5c        0x8 CMakeFiles/Inverter_1.0.dir/Drivers/STM32G4xx_HAL_Driver/Src/stm32g4xx_hal_uart_ex.c.obj
 .rodata.denominator.0
                0x0800bc64        0x8 CMakeFiles/Inverter_1.0.dir/Drivers/STM32G4xx_HAL_Driver/Src/stm32g4xx_hal_uart_ex.c.obj
 .rodata.AHBPrescTable
                0x0800bc6c       0x10 CMakeFiles/Inverter_1.0.dir/Core/Src/system_stm32g4xx.c.obj
                0x0800bc6c                AHBPrescTable
 .rodata.APBPrescTable
                0x0800bc7c        0x8 CMakeFiles/Inverter_1.0.dir/Core/Src/system_stm32g4xx.c.obj
                0x0800bc7c                APBPrescTable
                0x0800bc84                        . = ALIGN (0x4)

.ARM.extab
 *(.ARM.extab* .gnu.linkonce.armextab.*)

.ARM            0x0800bc84        0x8
                0x0800bc84                        __exidx_start = .
 *(.ARM.exidx*)
 .ARM.exidx     0x0800bc84        0x8 C:/Users/86178/AppData/Local/stm32cube/bundles/gnu-tools-for-stm32/14.3.1+st.2/bin/../lib/gcc/arm-none-eabi/14.3.1/thumb/v7e-m+fp/hard\libgcc.a(_udivmoddi4.o)
                0x0800bc8c                        __exidx_end = .

.rel.dyn        0x0800bc8c        0x0
 .rel.iplt      0x0800bc8c        0x0 C:/Users/86178/AppData/Local/stm32cube/bundles/gnu-tools-for-stm32/14.3.1+st.2/bin/../lib/gcc/arm-none-eabi/14.3.1/thumb/v7e-m+fp/hard/crtbegin.o

.preinit_array  0x0800bc8c        0x0
                0x0800bc8c                        PROVIDE (__preinit_array_start = .)
 *(.preinit_array*)
                0x0800bc8c                        PROVIDE (__preinit_array_end = .)

.init_array     0x0800bc8c        0x4
                0x0800bc8c                        PROVIDE (__init_array_start = .)
 *(SORT_BY_NAME(.init_array.*))
 *(.init_array*)
 .init_array    0x0800bc8c        0x4 C:/Users/86178/AppData/Local/stm32cube/bundles/gnu-tools-for-stm32/14.3.1+st.2/bin/../lib/gcc/arm-none-eabi/14.3.1/thumb/v7e-m+fp/hard/crtbegin.o
                0x0800bc90                        PROVIDE (__init_array_end = .)

.fini_array     0x0800bc90        0x4
                [!provide]                        PROVIDE (__fini_array_start = .)
 *(SORT_BY_NAME(.fini_array.*))
 *(.fini_array*)
 .fini_array    0x0800bc90        0x4 C:/Users/86178/AppData/Local/stm32cube/bundles/gnu-tools-for-stm32/14.3.1+st.2/bin/../lib/gcc/arm-none-eabi/14.3.1/thumb/v7e-m+fp/hard/crtbegin.o
                [!provide]                        PROVIDE (__fini_array_end = .)
                0x0800bc94                        _sidata = LOADADDR (.data)

.data           0x20000000      0x5d8 load address 0x0800bc94
                0x20000000                        . = ALIGN (0x4)
                0x20000000                        _sdata = .
 *(.data)
 *(.data*)
 .data._ZN6Driver12_GLOBAL__N_18g_timersE
                0x20000000       0x3c CMakeFiles/Inverter_1.0.dir/User_cpp/Driver/bsp_hrtim/bsp_hrtim.cpp.obj
 .data._ZN3App11ReceiverAsk4dataE
                0x2000003c        0xc CMakeFiles/Inverter_1.0.dir/User_cpp/APP/receiver_ask/receiver_ask.cpp.obj
                0x2000003c                App::ReceiverAsk::data
 .data.gSignalFreq
                0x20000048        0x2 CMakeFiles/Inverter_1.0.dir/User_cpp/APP/receiver_ask/receiver_ask.cpp.obj
                0x20000048                gSignalFreq
 *fill*         0x2000004a        0x2 
 .data._ZZN3App15samplingServiceEvE8instance
                0x2000004c      0x578 CMakeFiles/Inverter_1.0.dir/User_cpp/APP/sampling/sampling.cpp.obj
 .data.duty     0x200005c4        0x4 CMakeFiles/Inverter_1.0.dir/User_cpp/APP/wireless_charge/wireless_charge.cpp.obj
                0x200005c4                duty
 .data.flag     0x200005c8        0x1 CMakeFiles/Inverter_1.0.dir/User_cpp/APP/wireless_charge/wireless_charge.cpp.obj
                0x200005c8                flag
 *fill*         0x200005c9        0x3 
 .data.uwTickPrio
                0x200005cc        0x4 CMakeFiles/Inverter_1.0.dir/Drivers/STM32G4xx_HAL_Driver/Src/stm32g4xx_hal.c.obj
                0x200005cc                uwTickPrio
 .data.uwTickFreq
                0x200005d0        0x4 CMakeFiles/Inverter_1.0.dir/Drivers/STM32G4xx_HAL_Driver/Src/stm32g4xx_hal.c.obj
                0x200005d0                uwTickFreq
 .data.SystemCoreClock
                0x200005d4        0x4 CMakeFiles/Inverter_1.0.dir/Core/Src/system_stm32g4xx.c.obj
                0x200005d4                SystemCoreClock
                0x200005d8                        . = ALIGN (0x4)
                0x200005d8                        _edata = .

.igot.plt       0x200005d8        0x0 load address 0x0800c26c
 .igot.plt      0x200005d8        0x0 C:/Users/86178/AppData/Local/stm32cube/bundles/gnu-tools-for-stm32/14.3.1+st.2/bin/../lib/gcc/arm-none-eabi/14.3.1/thumb/v7e-m+fp/hard/crtbegin.o
                0x200005d8                        . = ALIGN (0x4)

.bss            0x200005d8      0xb84 load address 0x0800c26c
                0x200005d8                        _sbss = .
                0x200005d8                        __bss_start__ = _sbss
 *(.bss)
 .bss           0x200005d8       0x1c C:/Users/86178/AppData/Local/stm32cube/bundles/gnu-tools-for-stm32/14.3.1+st.2/bin/../lib/gcc/arm-none-eabi/14.3.1/thumb/v7e-m+fp/hard/crtbegin.o
 *(.bss*)
 .bss._ZN6Driver10AdcSampler10instances_E
                0x200005f4       0x20 CMakeFiles/Inverter_1.0.dir/User_cpp/Driver/bsp_adc/bsp_adc.cpp.obj
                0x200005f4                Driver::AdcSampler::instances_
 .bss._ZN6Driver12_GLOBAL__N_17g_phaseE
                0x20000614        0x4 CMakeFiles/Inverter_1.0.dir/User_cpp/Driver/bsp_hrtim/bsp_hrtim.cpp.obj
 .bss._SEGGER_RTT
                0x20000618       0xa8 CMakeFiles/Inverter_1.0.dir/User_cpp/Driver/jlink_rtt/SEGGER_RTT.c.obj
                0x20000618                _SEGGER_RTT
 .bss._acUpBuffer
                0x200006c0      0x400 CMakeFiles/Inverter_1.0.dir/User_cpp/Driver/jlink_rtt/SEGGER_RTT.c.obj
 .bss._acDownBuffer
                0x20000ac0       0x10 CMakeFiles/Inverter_1.0.dir/User_cpp/Driver/jlink_rtt/SEGGER_RTT.c.obj
 .bss._ZN3App11ReceiverAsk12_GLOBAL__N_111dividerTickE
                0x20000ad0        0x2 CMakeFiles/Inverter_1.0.dir/User_cpp/APP/receiver_ask/receiver_ask.cpp.obj
 .bss.arr_value
                0x20000ad2        0x1 CMakeFiles/Inverter_1.0.dir/User_cpp/APP/receiver_ask/receiver_ask.cpp.obj
                0x20000ad2                arr_value
 *fill*         0x20000ad3        0x1 
 .bss.test      0x20000ad4        0x4 CMakeFiles/Inverter_1.0.dir/User_cpp/APP/wireless_charge/wireless_charge.cpp.obj
                0x20000ad4                test
 .bss._ZZN12_GLOBAL__N_13appEvE8instance
                0x20000ad8       0x4c CMakeFiles/Inverter_1.0.dir/User_cpp/APP/wireless_charge/wireless_charge.cpp.obj
 .bss.hadc2     0x20000b24       0x6c CMakeFiles/Inverter_1.0.dir/Core/Src/adc.c.obj
                0x20000b24                hadc2
 .bss.hadc3     0x20000b90       0x6c CMakeFiles/Inverter_1.0.dir/Core/Src/adc.c.obj
                0x20000b90                hadc3
 .bss.hadc4     0x20000bfc       0x6c CMakeFiles/Inverter_1.0.dir/Core/Src/adc.c.obj
                0x20000bfc                hadc4
 .bss.hdma_adc2
                0x20000c68       0x60 CMakeFiles/Inverter_1.0.dir/Core/Src/adc.c.obj
                0x20000c68                hdma_adc2
 .bss.hdma_adc3
                0x20000cc8       0x60 CMakeFiles/Inverter_1.0.dir/Core/Src/adc.c.obj
                0x20000cc8                hdma_adc3
 .bss.hdma_adc4
                0x20000d28       0x60 CMakeFiles/Inverter_1.0.dir/Core/Src/adc.c.obj
                0x20000d28                hdma_adc4
 .bss.HAL_RCC_ADC345_CLK_ENABLED
                0x20000d88        0x4 CMakeFiles/Inverter_1.0.dir/Core/Src/adc.c.obj
 .bss.hdac1     0x20000d8c       0x14 CMakeFiles/Inverter_1.0.dir/Core/Src/dac.c.obj
                0x20000d8c                hdac1
 .bss.hdma_dac1_ch1
                0x20000da0       0x60 CMakeFiles/Inverter_1.0.dir/Core/Src/dac.c.obj
                0x20000da0                hdma_dac1_ch1
 .bss.hhrtim1   0x20000e00       0xfc CMakeFiles/Inverter_1.0.dir/Core/Src/hrtim.c.obj
                0x20000e00                hhrtim1
 .bss.hlptim1   0x20000efc       0x38 CMakeFiles/Inverter_1.0.dir/Core/Src/lptim.c.obj
                0x20000efc                hlptim1
 .bss.htim5     0x20000f34       0x4c CMakeFiles/Inverter_1.0.dir/Core/Src/tim.c.obj
                0x20000f34                htim5
 .bss.htim6     0x20000f80       0x4c CMakeFiles/Inverter_1.0.dir/Core/Src/tim.c.obj
                0x20000f80                htim6
 .bss.htim7     0x20000fcc       0x4c CMakeFiles/Inverter_1.0.dir/Core/Src/tim.c.obj
                0x20000fcc                htim7
 .bss.htim8     0x20001018       0x4c CMakeFiles/Inverter_1.0.dir/Core/Src/tim.c.obj
                0x20001018                htim8
 .bss.huart2    0x20001064       0x94 CMakeFiles/Inverter_1.0.dir/Core/Src/usart.c.obj
                0x20001064                huart2
 .bss.hdma_usart2_rx
                0x200010f8       0x60 CMakeFiles/Inverter_1.0.dir/Core/Src/usart.c.obj
                0x200010f8                hdma_usart2_rx
 .bss.uwTick    0x20001158        0x4 CMakeFiles/Inverter_1.0.dir/Drivers/STM32G4xx_HAL_Driver/Src/stm32g4xx_hal.c.obj
                0x20001158                uwTick
 *(COMMON)
                0x2000115c                        . = ALIGN (0x4)
                0x2000115c                        _ebss = .
                0x2000115c                        __bss_end__ = _ebss

._user_heap_stack
                0x2000115c     0x6004 load address 0x0800c26c
                0x20001160                        . = ALIGN (0x8)
 *fill*         0x2000115c        0x4 
                [!provide]                        PROVIDE (end = .)
                0x20001160                        PROVIDE (_end = .)
                0x20003160                        . = (. + _Min_Heap_Size)
 *fill*         0x20001160     0x2000 
                0x20007160                        . = (. + _Min_Stack_Size)
 *fill*         0x20003160     0x4000 
                0x20007160                        . = ALIGN (0x8)

/DISCARD/
 libc.a(*)
 libm.a(*)
 libgcc.a(*)
OUTPUT(Inverter_1.0.elf elf32-littlearm)
LOAD linker stubs
LOAD C:/Users/86178/AppData/Local/stm32cube/bundles/gnu-tools-for-stm32/14.3.1+st.2/bin/../lib/gcc/arm-none-eabi/14.3.1/../../../../arm-none-eabi/lib/thumb/v7e-m+fp/hard\libc.a
LOAD C:/Users/86178/AppData/Local/stm32cube/bundles/gnu-tools-for-stm32/14.3.1+st.2/bin/../lib/gcc/arm-none-eabi/14.3.1/../../../../arm-none-eabi/lib/thumb/v7e-m+fp/hard\libm.a
LOAD C:/Users/86178/AppData/Local/stm32cube/bundles/gnu-tools-for-stm32/14.3.1+st.2/bin/../lib/gcc/arm-none-eabi/14.3.1/thumb/v7e-m+fp/hard\libgcc.a

.ARM.attributes
                0x00000000       0x30
 .ARM.attributes
                0x00000000       0x22 C:/Users/86178/AppData/Local/stm32cube/bundles/gnu-tools-for-stm32/14.3.1+st.2/bin/../lib/gcc/arm-none-eabi/14.3.1/thumb/v7e-m+fp/hard/crti.o
 .ARM.attributes
                0x00000022       0x34 C:/Users/86178/AppData/Local/stm32cube/bundles/gnu-tools-for-stm32/14.3.1+st.2/bin/../lib/gcc/arm-none-eabi/14.3.1/thumb/v7e-m+fp/hard/crtbegin.o
 .ARM.attributes
                0x00000056       0x34 CMakeFiles/Inverter_1.0.dir/User_cpp/Driver/pid/pid.cpp.obj
 .ARM.attributes
                0x0000008a       0x34 CMakeFiles/Inverter_1.0.dir/User_cpp/Driver/bsp_adc/bsp_adc.cpp.obj
 .ARM.attributes
                0x000000be       0x34 CMakeFiles/Inverter_1.0.dir/User_cpp/Driver/bsp_hrtim/bsp_hrtim.cpp.obj
 .ARM.attributes
                0x000000f2       0x34 CMakeFiles/Inverter_1.0.dir/User_cpp/Driver/ask/ask.cpp.obj
 .ARM.attributes
                0x00000126       0x34 CMakeFiles/Inverter_1.0.dir/User_cpp/Driver/delaytrigger/delaytrigger.cpp.obj
 .ARM.attributes
                0x0000015a       0x34 CMakeFiles/Inverter_1.0.dir/User_cpp/Driver/user_math/user_math.cpp.obj
 .ARM.attributes
                0x0000018e       0x34 CMakeFiles/Inverter_1.0.dir/User_cpp/Driver/jlink_rtt/SEGGER_RTT.c.obj
 .ARM.attributes
                0x000001c2       0x34 CMakeFiles/Inverter_1.0.dir/User_cpp/APP/receiver_ask/receiver_ask.cpp.obj
 .ARM.attributes
                0x000001f6       0x34 CMakeFiles/Inverter_1.0.dir/User_cpp/APP/sampling/sampling.cpp.obj
 .ARM.attributes
                0x0000022a       0x34 CMakeFiles/Inverter_1.0.dir/User_cpp/APP/wireless_charge/wireless_charge.cpp.obj
 .ARM.attributes
                0x0000025e       0x34 CMakeFiles/Inverter_1.0.dir/Core/Src/main.c.obj
 .ARM.attributes
                0x00000292       0x34 CMakeFiles/Inverter_1.0.dir/Core/Src/gpio.c.obj
 .ARM.attributes
                0x000002c6       0x34 CMakeFiles/Inverter_1.0.dir/Core/Src/adc.c.obj
 .ARM.attributes
                0x000002fa       0x34 CMakeFiles/Inverter_1.0.dir/Core/Src/dac.c.obj
 .ARM.attributes
                0x0000032e       0x34 CMakeFiles/Inverter_1.0.dir/Core/Src/dma.c.obj
 .ARM.attributes
                0x00000362       0x34 CMakeFiles/Inverter_1.0.dir/Core/Src/hrtim.c.obj
 .ARM.attributes
                0x00000396       0x34 CMakeFiles/Inverter_1.0.dir/Core/Src/lptim.c.obj
 .ARM.attributes
                0x000003ca       0x34 CMakeFiles/Inverter_1.0.dir/Core/Src/tim.c.obj
 .ARM.attributes
                0x000003fe       0x34 CMakeFiles/Inverter_1.0.dir/Core/Src/usart.c.obj
 .ARM.attributes
                0x00000432       0x34 CMakeFiles/Inverter_1.0.dir/Core/Src/stm32g4xx_it.c.obj
 .ARM.attributes
                0x00000466       0x34 CMakeFiles/Inverter_1.0.dir/Core/Src/stm32g4xx_hal_msp.c.obj
 .ARM.attributes
                0x0000049a       0x34 CMakeFiles/Inverter_1.0.dir/Drivers/STM32G4xx_HAL_Driver/Src/stm32g4xx_hal_adc.c.obj
 .ARM.attributes
                0x000004ce       0x34 CMakeFiles/Inverter_1.0.dir/Drivers/STM32G4xx_HAL_Driver/Src/stm32g4xx_hal_adc_ex.c.obj
 .ARM.attributes
                0x00000502       0x34 CMakeFiles/Inverter_1.0.dir/Drivers/STM32G4xx_HAL_Driver/Src/stm32g4xx_hal.c.obj
 .ARM.attributes
                0x00000536       0x34 CMakeFiles/Inverter_1.0.dir/Drivers/STM32G4xx_HAL_Driver/Src/stm32g4xx_hal_rcc.c.obj
 .ARM.attributes
                0x0000056a       0x34 CMakeFiles/Inverter_1.0.dir/Drivers/STM32G4xx_HAL_Driver/Src/stm32g4xx_hal_rcc_ex.c.obj
 .ARM.attributes
                0x0000059e       0x34 CMakeFiles/Inverter_1.0.dir/Drivers/STM32G4xx_HAL_Driver/Src/stm32g4xx_hal_gpio.c.obj
 .ARM.attributes
                0x000005d2       0x34 CMakeFiles/Inverter_1.0.dir/Drivers/STM32G4xx_HAL_Driver/Src/stm32g4xx_hal_dma.c.obj
 .ARM.attributes
                0x00000606       0x34 CMakeFiles/Inverter_1.0.dir/Drivers/STM32G4xx_HAL_Driver/Src/stm32g4xx_hal_pwr_ex.c.obj
 .ARM.attributes
                0x0000063a       0x34 CMakeFiles/Inverter_1.0.dir/Drivers/STM32G4xx_HAL_Driver/Src/stm32g4xx_hal_cortex.c.obj
 .ARM.attributes
                0x0000066e       0x34 CMakeFiles/Inverter_1.0.dir/Drivers/STM32G4xx_HAL_Driver/Src/stm32g4xx_hal_dac.c.obj
 .ARM.attributes
                0x000006a2       0x34 CMakeFiles/Inverter_1.0.dir/Drivers/STM32G4xx_HAL_Driver/Src/stm32g4xx_hal_dac_ex.c.obj
 .ARM.attributes
                0x000006d6       0x34 CMakeFiles/Inverter_1.0.dir/Drivers/STM32G4xx_HAL_Driver/Src/stm32g4xx_hal_hrtim.c.obj
 .ARM.attributes
                0x0000070a       0x34 CMakeFiles/Inverter_1.0.dir/Drivers/STM32G4xx_HAL_Driver/Src/stm32g4xx_hal_lptim.c.obj
 .ARM.attributes
                0x0000073e       0x34 CMakeFiles/Inverter_1.0.dir/Drivers/STM32G4xx_HAL_Driver/Src/stm32g4xx_hal_tim.c.obj
 .ARM.attributes
                0x00000772       0x34 CMakeFiles/Inverter_1.0.dir/Drivers/STM32G4xx_HAL_Driver/Src/stm32g4xx_hal_tim_ex.c.obj
 .ARM.attributes
                0x000007a6       0x34 CMakeFiles/Inverter_1.0.dir/Drivers/STM32G4xx_HAL_Driver/Src/stm32g4xx_hal_uart.c.obj
 .ARM.attributes
                0x000007da       0x34 CMakeFiles/Inverter_1.0.dir/Drivers/STM32G4xx_HAL_Driver/Src/stm32g4xx_hal_uart_ex.c.obj
 .ARM.attributes
                0x0000080e       0x34 CMakeFiles/Inverter_1.0.dir/Core/Src/system_stm32g4xx.c.obj
 .ARM.attributes
                0x00000842       0x21 CMakeFiles/Inverter_1.0.dir/startup_stm32g474xx.s.obj
 .ARM.attributes
                0x00000863       0x34 C:/Users/86178/AppData/Local/stm32cube/bundles/gnu-tools-for-stm32/14.3.1+st.2/bin/../lib/gcc/arm-none-eabi/14.3.1/../../../../arm-none-eabi/lib/thumb/v7e-m+fp/hard\libc_nano.a(libc_a-memset.o)
 .ARM.attributes
                0x00000897       0x34 C:/Users/86178/AppData/Local/stm32cube/bundles/gnu-tools-for-stm32/14.3.1+st.2/bin/../lib/gcc/arm-none-eabi/14.3.1/../../../../arm-none-eabi/lib/thumb/v7e-m+fp/hard\libc_nano.a(libc_a-init.o)
 .ARM.attributes
                0x000008cb       0x22 C:/Users/86178/AppData/Local/stm32cube/bundles/gnu-tools-for-stm32/14.3.1+st.2/bin/../lib/gcc/arm-none-eabi/14.3.1/thumb/v7e-m+fp/hard\libgcc.a(_arm_muldf3.o)
 .ARM.attributes
                0x000008ed       0x22 C:/Users/86178/AppData/Local/stm32cube/bundles/gnu-tools-for-stm32/14.3.1+st.2/bin/../lib/gcc/arm-none-eabi/14.3.1/thumb/v7e-m+fp/hard\libgcc.a(_arm_addsubdf3.o)
 .ARM.attributes
                0x0000090f       0x22 C:/Users/86178/AppData/Local/stm32cube/bundles/gnu-tools-for-stm32/14.3.1+st.2/bin/../lib/gcc/arm-none-eabi/14.3.1/thumb/v7e-m+fp/hard\libgcc.a(_arm_truncdfsf2.o)
 .ARM.attributes
                0x00000931       0x22 C:/Users/86178/AppData/Local/stm32cube/bundles/gnu-tools-for-stm32/14.3.1+st.2/bin/../lib/gcc/arm-none-eabi/14.3.1/thumb/v7e-m+fp/hard\libgcc.a(_aeabi_uldivmod.o)
 .ARM.attributes
                0x00000953       0x34 C:/Users/86178/AppData/Local/stm32cube/bundles/gnu-tools-for-stm32/14.3.1+st.2/bin/../lib/gcc/arm-none-eabi/14.3.1/thumb/v7e-m+fp/hard\libgcc.a(_udivmoddi4.o)
 .ARM.attributes
                0x00000987       0x22 C:/Users/86178/AppData/Local/stm32cube/bundles/gnu-tools-for-stm32/14.3.1+st.2/bin/../lib/gcc/arm-none-eabi/14.3.1/thumb/v7e-m+fp/hard\libgcc.a(_dvmd_tls.o)
 .ARM.attributes
                0x000009a9       0x22 C:/Users/86178/AppData/Local/stm32cube/bundles/gnu-tools-for-stm32/14.3.1+st.2/bin/../lib/gcc/arm-none-eabi/14.3.1/thumb/v7e-m+fp/hard/crtn.o

.comment        0x00000000       0x43
 .comment       0x00000000       0x43 CMakeFiles/Inverter_1.0.dir/User_cpp/Driver/pid/pid.cpp.obj
                                 0x44 (size before relaxing)
 .comment       0x00000043       0x44 CMakeFiles/Inverter_1.0.dir/User_cpp/Driver/bsp_adc/bsp_adc.cpp.obj
 .comment       0x00000043       0x44 CMakeFiles/Inverter_1.0.dir/User_cpp/Driver/bsp_hrtim/bsp_hrtim.cpp.obj
 .comment       0x00000043       0x44 CMakeFiles/Inverter_1.0.dir/User_cpp/Driver/ask/ask.cpp.obj
 .comment       0x00000043       0x44 CMakeFiles/Inverter_1.0.dir/User_cpp/Driver/delaytrigger/delaytrigger.cpp.obj
 .comment       0x00000043       0x44 CMakeFiles/Inverter_1.0.dir/User_cpp/Driver/user_math/user_math.cpp.obj
 .comment       0x00000043       0x44 CMakeFiles/Inverter_1.0.dir/User_cpp/Driver/jlink_rtt/SEGGER_RTT.c.obj
 .comment       0x00000043       0x44 CMakeFiles/Inverter_1.0.dir/User_cpp/APP/receiver_ask/receiver_ask.cpp.obj
 .comment       0x00000043       0x44 CMakeFiles/Inverter_1.0.dir/User_cpp/APP/sampling/sampling.cpp.obj
 .comment       0x00000043       0x44 CMakeFiles/Inverter_1.0.dir/User_cpp/APP/wireless_charge/wireless_charge.cpp.obj
 .comment       0x00000043       0x44 CMakeFiles/Inverter_1.0.dir/Core/Src/main.c.obj
 .comment       0x00000043       0x44 CMakeFiles/Inverter_1.0.dir/Core/Src/gpio.c.obj
 .comment       0x00000043       0x44 CMakeFiles/Inverter_1.0.dir/Core/Src/adc.c.obj
 .comment       0x00000043       0x44 CMakeFiles/Inverter_1.0.dir/Core/Src/dac.c.obj
 .comment       0x00000043       0x44 CMakeFiles/Inverter_1.0.dir/Core/Src/dma.c.obj
 .comment       0x00000043       0x44 CMakeFiles/Inverter_1.0.dir/Core/Src/hrtim.c.obj
 .comment       0x00000043       0x44 CMakeFiles/Inverter_1.0.dir/Core/Src/lptim.c.obj
 .comment       0x00000043       0x44 CMakeFiles/Inverter_1.0.dir/Core/Src/tim.c.obj
 .comment       0x00000043       0x44 CMakeFiles/Inverter_1.0.dir/Core/Src/usart.c.obj
 .comment       0x00000043       0x44 CMakeFiles/Inverter_1.0.dir/Core/Src/stm32g4xx_it.c.obj
 .comment       0x00000043       0x44 CMakeFiles/Inverter_1.0.dir/Core/Src/stm32g4xx_hal_msp.c.obj