Archive member included to satisfy reference by file (symbol)

D:/msys2/ucrt64/bin/../lib/gcc/arm-none-eabi/13.3.0/../../../../arm-none-eabi/lib/thumb/v7e-m+fp/hard\libc_nano.a(libc_a-atexit.o)
                              D:/msys2/ucrt64/bin/../lib/gcc/arm-none-eabi/13.3.0/../../../../arm-none-eabi/lib/thumb/v7e-m+fp/hard/crt0.o (atexit)
D:/msys2/ucrt64/bin/../lib/gcc/arm-none-eabi/13.3.0/../../../../arm-none-eabi/lib/thumb/v7e-m+fp/hard\libc_nano.a(libc_a-exit.o)
                              D:/msys2/ucrt64/bin/../lib/gcc/arm-none-eabi/13.3.0/../../../../arm-none-eabi/lib/thumb/v7e-m+fp/hard/crt0.o (exit)
D:/msys2/ucrt64/bin/../lib/gcc/arm-none-eabi/13.3.0/../../../../arm-none-eabi/lib/thumb/v7e-m+fp/hard\libc_nano.a(libc_a-findfp.o)
                              D:/msys2/ucrt64/bin/../lib/gcc/arm-none-eabi/13.3.0/../../../../arm-none-eabi/lib/thumb/v7e-m+fp/hard\libc_nano.a(libc_a-exit.o) (__stdio_exit_handler)
D:/msys2/ucrt64/bin/../lib/gcc/arm-none-eabi/13.3.0/../../../../arm-none-eabi/lib/thumb/v7e-m+fp/hard\libc_nano.a(libc_a-fwalk.o)
                              D:/msys2/ucrt64/bin/../lib/gcc/arm-none-eabi/13.3.0/../../../../arm-none-eabi/lib/thumb/v7e-m+fp/hard\libc_nano.a(libc_a-findfp.o) (_fwalk_sglue)
D:/msys2/ucrt64/bin/../lib/gcc/arm-none-eabi/13.3.0/../../../../arm-none-eabi/lib/thumb/v7e-m+fp/hard\libc_nano.a(libc_a-stdio.o)
                              D:/msys2/ucrt64/bin/../lib/gcc/arm-none-eabi/13.3.0/../../../../arm-none-eabi/lib/thumb/v7e-m+fp/hard\libc_nano.a(libc_a-findfp.o) (__sread)
D:/msys2/ucrt64/bin/../lib/gcc/arm-none-eabi/13.3.0/../../../../arm-none-eabi/lib/thumb/v7e-m+fp/hard\libc_nano.a(libc_a-memset.o)
                              D:/msys2/ucrt64/bin/../lib/gcc/arm-none-eabi/13.3.0/../../../../arm-none-eabi/lib/thumb/v7e-m+fp/hard/crt0.o (memset)
D:/msys2/ucrt64/bin/../lib/gcc/arm-none-eabi/13.3.0/../../../../arm-none-eabi/lib/thumb/v7e-m+fp/hard\libc_nano.a(libc_a-closer.o)
                              D:/msys2/ucrt64/bin/../lib/gcc/arm-none-eabi/13.3.0/../../../../arm-none-eabi/lib/thumb/v7e-m+fp/hard\libc_nano.a(libc_a-stdio.o) (_close_r)
D:/msys2/ucrt64/bin/../lib/gcc/arm-none-eabi/13.3.0/../../../../arm-none-eabi/lib/thumb/v7e-m+fp/hard\libc_nano.a(libc_a-reent.o)
                              D:/msys2/ucrt64/bin/../lib/gcc/arm-none-eabi/13.3.0/../../../../arm-none-eabi/lib/thumb/v7e-m+fp/hard\libc_nano.a(libc_a-closer.o) (errno)
D:/msys2/ucrt64/bin/../lib/gcc/arm-none-eabi/13.3.0/../../../../arm-none-eabi/lib/thumb/v7e-m+fp/hard\libc_nano.a(libc_a-impure.o)
                              D:/msys2/ucrt64/bin/../lib/gcc/arm-none-eabi/13.3.0/../../../../arm-none-eabi/lib/thumb/v7e-m+fp/hard\libc_nano.a(libc_a-reent.o) (_impure_ptr)
D:/msys2/ucrt64/bin/../lib/gcc/arm-none-eabi/13.3.0/../../../../arm-none-eabi/lib/thumb/v7e-m+fp/hard\libc_nano.a(libc_a-lseekr.o)
                              D:/msys2/ucrt64/bin/../lib/gcc/arm-none-eabi/13.3.0/../../../../arm-none-eabi/lib/thumb/v7e-m+fp/hard\libc_nano.a(libc_a-stdio.o) (_lseek_r)
D:/msys2/ucrt64/bin/../lib/gcc/arm-none-eabi/13.3.0/../../../../arm-none-eabi/lib/thumb/v7e-m+fp/hard\libc_nano.a(libc_a-readr.o)
                              D:/msys2/ucrt64/bin/../lib/gcc/arm-none-eabi/13.3.0/../../../../arm-none-eabi/lib/thumb/v7e-m+fp/hard\libc_nano.a(libc_a-stdio.o) (_read_r)
D:/msys2/ucrt64/bin/../lib/gcc/arm-none-eabi/13.3.0/../../../../arm-none-eabi/lib/thumb/v7e-m+fp/hard\libc_nano.a(libc_a-writer.o)
                              D:/msys2/ucrt64/bin/../lib/gcc/arm-none-eabi/13.3.0/../../../../arm-none-eabi/lib/thumb/v7e-m+fp/hard\libc_nano.a(libc_a-stdio.o) (_write_r)
D:/msys2/ucrt64/bin/../lib/gcc/arm-none-eabi/13.3.0/../../../../arm-none-eabi/lib/thumb/v7e-m+fp/hard\libc_nano.a(libc_a-init.o)
                              D:/msys2/ucrt64/bin/../lib/gcc/arm-none-eabi/13.3.0/../../../../arm-none-eabi/lib/thumb/v7e-m+fp/hard/crt0.o (__libc_init_array)
D:/msys2/ucrt64/bin/../lib/gcc/arm-none-eabi/13.3.0/../../../../arm-none-eabi/lib/thumb/v7e-m+fp/hard\libc_nano.a(libc_a-fini.o)
                              D:/msys2/ucrt64/bin/../lib/gcc/arm-none-eabi/13.3.0/../../../../arm-none-eabi/lib/thumb/v7e-m+fp/hard/crt0.o (__libc_fini_array)
D:/msys2/ucrt64/bin/../lib/gcc/arm-none-eabi/13.3.0/../../../../arm-none-eabi/lib/thumb/v7e-m+fp/hard\libc_nano.a(libc_a-lock.o)
                              D:/msys2/ucrt64/bin/../lib/gcc/arm-none-eabi/13.3.0/../../../../arm-none-eabi/lib/thumb/v7e-m+fp/hard\libc_nano.a(libc_a-findfp.o) (__retarget_lock_init_recursive)
D:/msys2/ucrt64/bin/../lib/gcc/arm-none-eabi/13.3.0/../../../../arm-none-eabi/lib/thumb/v7e-m+fp/hard\libc_nano.a(libc_a-__atexit.o)
                              D:/msys2/ucrt64/bin/../lib/gcc/arm-none-eabi/13.3.0/../../../../arm-none-eabi/lib/thumb/v7e-m+fp/hard\libc_nano.a(libc_a-atexit.o) (__register_exitproc)
D:/msys2/ucrt64/bin/../lib/gcc/arm-none-eabi/13.3.0/../../../../arm-none-eabi/lib/thumb/v7e-m+fp/hard\libc_nano.a(libc_a-__call_atexit.o)
[...]
Memory Configuration

Name             Origin             Length             Attributes
RAM              0x20000000         0x00020000         xrw
FLASH            0x08000000         0x00020000         xr
*default*        0x00000000         0xffffffff

Linker script and memory map

LOAD D:/msys2/ucrt64/bin/../lib/gcc/arm-none-eabi/13.3.0/thumb/v7e-m+fp/hard/crti.o
LOAD D:/msys2/ucrt64/bin/../lib/gcc/arm-none-eabi/13.3.0/thumb/v7e-m+fp/hard/crtbegin.o
LOAD D:/msys2/ucrt64/bin/../lib/gcc/arm-none-eabi/13.3.0/../../../../arm-none-eabi/lib/thumb/v7e-m+fp/hard/crt0.o
START GROUP
LOAD D:/msys2/ucrt64/bin/../lib/gcc/arm-none-eabi/13.3.0/../../../../arm-none-eabi/lib/thumb/v7e-m+fp/hard\libc_nano.a
LOAD D:/msys2/ucrt64/bin/../lib/gcc/arm-none-eabi/13.3.0/../../../../arm-none-eabi/lib/thumb/v7e-m+fp/hard\libm.a
END GROUP
LOAD CMakeFiles/Inverter_1.0.dir/User/pid/pid.c.obj
LOAD CMakeFiles/Inverter_1.0.dir/User/task/task.c.obj
LOAD CMakeFiles/Inverter_1.0.dir/Core/Src/main.c.obj
LOAD CMakeFiles/Inverter_1.0.dir/Core/Src/gpio.c.obj
LOAD CMakeFiles/Inverter_1.0.dir/Core/Src/adc.c.obj
LOAD CMakeFiles/Inverter_1.0.dir/Core/Src/dma.c.obj
LOAD CMakeFiles/Inverter_1.0.dir/Core/Src/hrtim.c.obj
LOAD CMakeFiles/Inverter_1.0.dir/Core/Src/stm32g4xx_it.c.obj
LOAD CMakeFiles/Inverter_1.0.dir/Core/Src/stm32g4xx_hal_msp.c.obj
LOAD CMakeFiles/Inverter_1.0.dir/Drivers/STM32G4xx_HAL_Driver/Src/stm32g4xx_hal_adc.c.obj
LOAD CMakeFiles/Inverter_1.0.dir/Drivers/STM32G4xx_HAL_Driver/Src/stm32g4xx_hal_adc_ex.c.obj
LOAD CMakeFiles/Inverter_1.0.dir/Drivers/STM32G4xx_HAL_Driver/Src/stm32g4xx_ll_adc.c.obj
LOAD CMakeFiles/Inverter_1.0.dir/Drivers/STM32G4xx_HAL_Driver/Src/stm32g4xx_hal.c.obj
LOAD CMakeFiles/Inverter_1.0.dir/Drivers/STM32G4xx_HAL_Driver/Src/stm32g4xx_hal_rcc.c.obj
LOAD CMakeFiles/Inverter_1.0.dir/Drivers/STM32G4xx_HAL_Driver/Src/stm32g4xx_hal_rcc_ex.c.obj
LOAD CMakeFiles/Inverter_1.0.dir/Drivers/STM32G4xx_HAL_Driver/Src/stm32g4xx_hal_flash.c.obj
LOAD CMakeFiles/Inverter_1.0.dir/Drivers/STM32G4xx_HAL_Driver/Src/stm32g4xx_hal_flash_ex.c.obj
LOAD CMakeFiles/Inverter_1.0.dir/Drivers/STM32G4xx_HAL_Driver/Src/stm32g4xx_hal_flash_ramfunc.c.obj
LOAD CMakeFiles/Inverter_1.0.dir/Drivers/STM32G4xx_HAL_Driver/Src/stm32g4xx_hal_gpio.c.obj
LOAD CMakeFiles/Inverter_1.0.dir/Drivers/STM32G4xx_HAL_Driver/Src/stm32g4xx_hal_exti.c.obj
LOAD CMakeFiles/Inverter_1.0.dir/Drivers/STM32G4xx_HAL_Driver/Src/stm32g4xx_hal_dma.c.obj
LOAD CMakeFiles/Inverter_1.0.dir/Drivers/STM32G4xx_HAL_Driver/Src/stm32g4xx_hal_dma_ex.c.obj
LOAD CMakeFiles/Inverter_1.0.dir/Drivers/STM32G4xx_HAL_Driver/Src/stm32g4xx_hal_pwr.c.obj
LOAD CMakeFiles/Inverter_1.0.dir/Drivers/STM32G4xx_HAL_Driver/Src/stm32g4xx_hal_pwr_ex.c.obj
LOAD CMakeFiles/Inverter_1.0.dir/Drivers/STM32G4xx_HAL_Driver/Src/stm32g4xx_hal_cortex.c.obj
LOAD CMakeFiles/Inverter_1.0.dir/Drivers/STM32G4xx_HAL_Driver/Src/stm32g4xx_hal_hrtim.c.obj
LOAD CMakeFiles/Inverter_1.0.dir/Core/Src/system_stm32g4xx.c.obj
LOAD CMakeFiles/Inverter_1.0.dir/Core/Src/sysmem.c.obj
LOAD CMakeFiles/Inverter_1.0.dir/Core/Src/syscalls.c.obj
LOAD CMakeFiles/Inverter_1.0.dir/startup_stm32g474xx.s.obj
LOAD C:\Users\86178\Desktop\ace\diansai\Inverter_1.0\cmake\stm32cubemx\..\..\Middlewares\ST\ARM\DSP\Lib/libarm_cortexM4lf_math.a
START GROUP
LOAD D:/msys2/ucrt64/bin/../lib/gcc/arm-none-eabi/13.3.0/thumb/v7e-m+fp/hard\libgcc.a
LOAD D:/msys2/ucrt64/bin/../lib/gcc/arm-none-eabi/13.3.0/../../../../arm-none-eabi/lib/thumb/v7e-m+fp/hard\libg_nano.a
LOAD D:/msys2/ucrt64/bin/../lib/gcc/arm-none-eabi/13.3.0/../../../../arm-none-eabi/lib/thumb/v7e-m+fp/hard\libc_nano.a
END GROUP
START GROUP
LOAD D:/msys2/ucrt64/bin/../lib/gcc/arm-none-eabi/13.3.0/thumb/v7e-m+fp/hard\libgcc.a
LOAD D:/msys2/ucrt64/bin/../lib/gcc/arm-none-eabi/13.3.0/../../../../arm-none-eabi/lib/thumb/v7e-m+fp/hard\libc_nano.a
END GROUP
LOAD D:/msys2/ucrt64/bin/../lib/gcc/arm-none-eabi/13.3.0/thumb/v7e-m+fp/hard/crtend.o
LOAD D:/msys2/ucrt64/bin/../lib/gcc/arm-none-eabi/13.3.0/thumb/v7e-m+fp/hard/crtn.o
                0x20020000                        _estack = (ORIGIN (RAM) + LENGTH (RAM))
                0x00002000                        _Min_Heap_Size = 0x2000
                0x00004000                        _Min_Stack_Size = 0x4000

.isr_vector     0x08000000      0x1d8
                0x08000000                        . = ALIGN (0x4)
 *(.isr_vector)
 .isr_vector    0x08000000      0x1d8 CMakeFiles/Inverter_1.0.dir/startup_stm32g474xx.s.obj
                0x08000000                g_pfnVectors
                0x080001d8                        . = ALIGN (0x4)

.text           0x080001d8     0x4e0c
                0x080001d8                        . = ALIGN (0x4)
 *(.text)
 .text          0x080001d8       0xa4 D:/msys2/ucrt64/bin/../lib/gcc/arm-none-eabi/13.3.0/../../../../arm-none-eabi/lib/thumb/v7e-m+fp/hard\libc_nano.a(libc_a-memset.o)
                0x080001d8                memset
 .text          0x0800027c       0x50 D:/msys2/ucrt64/bin/../lib/gcc/arm-none-eabi/13.3.0/../../../../arm-none-eabi/lib/thumb/v7e-m+fp/hard\libc_nano.a(libc_a-init.o)
                0x0800027c                __libc_init_array
 *(.text*)
 .text.__do_global_dtors_aux
                0x080002cc       0x24 D:/msys2/ucrt64/bin/../lib/gcc/arm-none-eabi/13.3.0/thumb/v7e-m+fp/hard/crtbegin.o
 .text.frame_dummy
                0x080002f0       0x1c D:/msys2/ucrt64/bin/../lib/gcc/arm-none-eabi/13.3.0/thumb/v7e-m+fp/hard/crtbegin.o
 .text.main     0x0800030c       0x24 CMakeFiles/Inverter_1.0.dir/Core/Src/main.c.obj
                0x0800030c                main
 .text.SystemClock_Config
                0x08000330       0x96 CMakeFiles/Inverter_1.0.dir/Core/Src/main.c.obj
                0x08000330                SystemClock_Config
 .text.Error_Handler
                0x080003c6        0xc CMakeFiles/Inverter_1.0.dir/Core/Src/main.c.obj
                0x080003c6                Error_Handler
 *fill*         0x080003d2        0x2 
 .text.MX_GPIO_Init
                0x080003d4       0x48 CMakeFiles/Inverter_1.0.dir/Core/Src/gpio.c.obj
                0x080003d4                MX_GPIO_Init
 .text.MX_ADC1_Init
                0x0800041c       0xf4 CMakeFiles/Inverter_1.0.dir/Core/Src/adc.c.obj
                0x0800041c                MX_ADC1_Init
 .text.MX_ADC2_Init
                0x08000510       0xe8 CMakeFiles/Inverter_1.0.dir/Core/Src/adc.c.obj
                0x08000510                MX_ADC2_Init
 .text.HAL_ADC_MspInit
                0x080005f8      0x1a8 CMakeFiles/Inverter_1.0.dir/Core/Src/adc.c.obj
                0x080005f8                HAL_ADC_MspInit
 .text.MX_DMA_Init
                0x080007a0       0x54 CMakeFiles/Inverter_1.0.dir/Core/Src/dma.c.obj
                0x080007a0                MX_DMA_Init
 .text.MX_HRTIM1_Init
                0x080007f4      0x3c8 CMakeFiles/Inverter_1.0.dir/Core/Src/hrtim.c.obj
                0x080007f4                MX_HRTIM1_Init
 .text.HAL_HRTIM_MspInit
                0x08000bbc       0x40 CMakeFiles/Inverter_1.0.dir/Core/Src/hrtim.c.obj
                0x08000bbc                HAL_HRTIM_MspInit
 .text.HAL_HRTIM_MspPostInit
                0x08000bfc       0x70 CMakeFiles/Inverter_1.0.dir/Core/Src/hrtim.c.obj
                0x08000bfc                HAL_HRTIM_MspPostInit
 .text.NMI_Handler
                0x08000c6c        0x8 CMakeFiles/Inverter_1.0.dir/Core/Src/stm32g4xx_it.c.obj
                0x08000c6c                NMI_Handler
 .text.HardFault_Handler
                0x08000c74        0x8 CMakeFiles/Inverter_1.0.dir/Core/Src/stm32g4xx_it.c.obj
                0x08000c74                HardFault_Handler
 .text.MemManage_Handler
                0x08000c7c        0x8 CMakeFiles/Inverter_1.0.dir/Core/Src/stm32g4xx_it.c.obj
                0x08000c7c                MemManage_Handler
 .text.BusFault_Handler
                0x08000c84        0x8 CMakeFiles/Inverter_1.0.dir/Core/Src/stm32g4xx_it.c.obj
                0x08000c84                BusFault_Handler
 .text.UsageFault_Handler
                0x08000c8c        0x8 CMakeFiles/Inverter_1.0.dir/Core/Src/stm32g4xx_it.c.obj
                0x08000c8c                UsageFault_Handler
 .text.SVC_Handler
                0x08000c94        0xe CMakeFiles/Inverter_1.0.dir/Core/Src/stm32g4xx_it.c.obj
                0x08000c94                SVC_Handler
 .text.DebugMon_Handler
                0x08000ca2        0xe CMakeFiles/Inverter_1.0.dir/Core/Src/stm32g4xx_it.c.obj
                0x08000ca2                DebugMon_Handler
 .text.PendSV_Handler
                0x08000cb0        0xe CMakeFiles/Inverter_1.0.dir/Core/Src/stm32g4xx_it.c.obj
                0x08000cb0                PendSV_Handler
 .text.SysTick_Handler
                0x08000cbe        0xc CMakeFiles/Inverter_1.0.dir/Core/Src/stm32g4xx_it.c.obj
                0x08000cbe                SysTick_Handler
 *fill*         0x08000cca        0x2 
 .text.DMA1_Channel1_IRQHandler
                0x08000ccc       0x14 CMakeFiles/Inverter_1.0.dir/Core/Src/stm32g4xx_it.c.obj
                0x08000ccc                DMA1_Channel1_IRQHandler
 .text.HAL_MspInit
                0x08000ce0       0x48 CMakeFiles/Inverter_1.0.dir/Core/Src/stm32g4xx_hal_msp.c.obj
                0x08000ce0                HAL_MspInit
 .text.LL_ADC_SetCommonClock
                0x08000d28       0x26 CMakeFiles/Inverter_1.0.dir/Drivers/STM32G4xx_HAL_Driver/Src/stm32g4xx_hal_adc.c.obj
 .text.LL_ADC_SetCommonPathInternalCh
                0x08000d4e       0x26 CMakeFiles/Inverter_1.0.dir/Drivers/STM32G4xx_HAL_Driver/Src/stm32g4xx_hal_adc.c.obj
 .text.LL_ADC_GetCommonPathInternalCh
                0x08000d74       0x1c CMakeFiles/Inverter_1.0.dir/Drivers/STM32G4xx_HAL_Driver/Src/stm32g4xx_hal_adc.c.obj
 .text.LL_ADC_SetOffset
                0x08000d90       0x48 CMakeFiles/Inverter_1.0.dir/Drivers/STM32G4xx_HAL_Driver/Src/stm32g4xx_hal_adc.c.obj
 .text.LL_ADC_GetOffsetChannel
                0x08000dd8       0x2c CMakeFiles/Inverter_1.0.dir/Drivers/STM32G4xx_HAL_Driver/Src/stm32g4xx_hal_adc.c.obj
 .text.LL_ADC_SetOffsetState
                0x08000e04       0x36 CMakeFiles/Inverter_1.0.dir/Drivers/STM32G4xx_HAL_Driver/Src/stm32g4xx_hal_adc.c.obj
 .text.LL_ADC_SetOffsetSign
                0x08000e3a       0x36 CMakeFiles/Inverter_1.0.dir/Drivers/STM32G4xx_HAL_Driver/Src/stm32g4xx_hal_adc.c.obj
 .text.LL_ADC_SetOffsetSaturation
                0x08000e70       0x36 CMakeFiles/Inverter_1.0.dir/Drivers/STM32G4xx_HAL_Driver/Src/stm32g4xx_hal_adc.c.obj
 .text.LL_ADC_SetSamplingTimeCommonConfig
                0x08000ea6       0x26 CMakeFiles/Inverter_1.0.dir/Drivers/STM32G4xx_HAL_Driver/Src/stm32g4xx_hal_adc.c.obj
 .text.LL_ADC_REG_SetSequencerRanks
                0x08000ecc       0x58 CMakeFiles/Inverter_1.0.dir/Drivers/STM32G4xx_HAL_Driver/Src/stm32g4xx_hal_adc.c.obj
 .text.LL_ADC_SetChannelSamplingTime
                0x08000f24       0x56 CMakeFiles/Inverter_1.0.dir/Drivers/STM32G4xx_HAL_Driver/Src/stm32g4xx_hal_adc.c.obj
 *fill*         0x08000f7a        0x2 
 .text.LL_ADC_SetChannelSingleDiff
                0x08000f7c       0x48 CMakeFiles/Inverter_1.0.dir/Drivers/STM32G4xx_HAL_Driver/Src/stm32g4xx_hal_adc.c.obj
 .text.LL_ADC_DisableDeepPowerDown
                0x08000fc4       0x24 CMakeFiles/Inverter_1.0.dir/Drivers/STM32G4xx_HAL_Driver/Src/stm32g4xx_hal_adc.c.obj
 .text.LL_ADC_IsDeepPowerDownEnabled
                0x08000fe8       0x28 CMakeFiles/Inverter_1.0.dir/Drivers/STM32G4xx_HAL_Driver/Src/stm32g4xx_hal_adc.c.obj
 .text.LL_ADC_EnableInternalRegulator
                0x08001010       0x28 CMakeFiles/Inverter_1.0.dir/Drivers/STM32G4xx_HAL_Driver/Src/stm32g4xx_hal_adc.c.obj
 .text.LL_ADC_IsInternalRegulatorEnabled
                0x08001038       0x28 CMakeFiles/Inverter_1.0.dir/Drivers/STM32G4xx_HAL_Driver/Src/stm32g4xx_hal_adc.c.obj
 .text.LL_ADC_IsEnabled
                0x08001060       0x26 CMakeFiles/Inverter_1.0.dir/Drivers/STM32G4xx_HAL_Driver/Src/stm32g4xx_hal_adc.c.obj
 .text.LL_ADC_REG_IsConversionOngoing
                0x08001086       0x26 CMakeFiles/Inverter_1.0.dir/Drivers/STM32G4xx_HAL_Driver/Src/stm32g4xx_hal_adc.c.obj
 .text.LL_ADC_INJ_IsConversionOngoing
                0x080010ac       0x26 CMakeFiles/Inverter_1.0.dir/Drivers/STM32G4xx_HAL_Driver/Src/stm32g4xx_hal_adc.c.obj
 *fill*         0x080010d2        0x2 
 .text.HAL_ADC_Init
                0x080010d4      0x378 CMakeFiles/Inverter_1.0.dir/Drivers/STM32G4xx_HAL_Driver/Src/stm32g4xx_hal_adc.c.obj
                0x080010d4                HAL_ADC_Init
 .text.HAL_ADC_ConfigChannel
                0x0800144c      0x880 CMakeFiles/Inverter_1.0.dir/Drivers/STM32G4xx_HAL_Driver/Src/stm32g4xx_hal_adc.c.obj
                0x0800144c                HAL_ADC_ConfigChannel
 .text.LL_ADC_IsEnabled
                0x08001ccc       0x26 CMakeFiles/Inverter_1.0.dir/Drivers/STM32G4xx_HAL_Driver/Src/stm32g4xx_hal_adc_ex.c.obj
 .text.LL_ADC_REG_IsConversionOngoing
                0x08001cf2       0x26 CMakeFiles/Inverter_1.0.dir/Drivers/STM32G4xx_HAL_Driver/Src/stm32g4xx_hal_adc_ex.c.obj
 .text.HAL_ADCEx_MultiModeConfigChannel
                0x08001d18      0x210 CMakeFiles/Inverter_1.0.dir/Drivers/STM32G4xx_HAL_Driver/Src/stm32g4xx_hal_adc_ex.c.obj
                0x08001d18                HAL_ADCEx_MultiModeConfigChannel
 .text.HAL_Init
                0x08001f28       0x30 CMakeFiles/Inverter_1.0.dir/Drivers/STM32G4xx_HAL_Driver/Src/stm32g4xx_hal.c.obj
                0x08001f28                HAL_Init
 .text.HAL_InitTick
                0x08001f58       0x74 CMakeFiles/Inverter_1.0.dir/Drivers/STM32G4xx_HAL_Driver/Src/stm32g4xx_hal.c.obj
                0x08001f58                HAL_InitTick
 .text.HAL_IncTick
                0x08001fcc       0x24 CMakeFiles/Inverter_1.0.dir/Drivers/STM32G4xx_HAL_Driver/Src/stm32g4xx_hal.c.obj
                0x08001fcc                HAL_IncTick
 .text.HAL_GetTick
                0x08001ff0       0x18 CMakeFiles/Inverter_1.0.dir/Drivers/STM32G4xx_HAL_Driver/Src/stm32g4xx_hal.c.obj
                0x08001ff0                HAL_GetTick
 .text.HAL_RCC_OscConfig
                0x08002008      0x624 CMakeFiles/Inverter_1.0.dir/Drivers/STM32G4xx_HAL_Driver/Src/stm32g4xx_hal_rcc.c.obj
                0x08002008                HAL_RCC_OscConfig
 .text.HAL_RCC_ClockConfig
                0x0800262c      0x278 CMakeFiles/Inverter_1.0.dir/Drivers/STM32G4xx_HAL_Driver/Src/stm32g4xx_hal_rcc.c.obj
                0x0800262c                HAL_RCC_ClockConfig
 .text.HAL_RCC_GetSysClockFreq
                0x080028a4       0xc4 CMakeFiles/Inverter_1.0.dir/Drivers/STM32G4xx_HAL_Driver/Src/stm32g4xx_hal_rcc.c.obj
                0x080028a4                HAL_RCC_GetSysClockFreq
 .text.RCC_GetSysClockFreqFromPLLSource
                0x08002968       0x8c CMakeFiles/Inverter_1.0.dir/Drivers/STM32G4xx_HAL_Driver/Src/stm32g4xx_hal_rcc.c.obj
 .text.HAL_RCCEx_PeriphCLKConfig
                0x080029f4      0x49c CMakeFiles/Inverter_1.0.dir/Drivers/STM32G4xx_HAL_Driver/Src/stm32g4xx_hal_rcc_ex.c.obj
                0x080029f4                HAL_RCCEx_PeriphCLKConfig
 .text.HAL_GPIO_Init
                0x08002e90      0x304 CMakeFiles/Inverter_1.0.dir/Drivers/STM32G4xx_HAL_Driver/Src/stm32g4xx_hal_gpio.c.obj
                0x08002e90                HAL_GPIO_Init
 .text.HAL_DMA_Init
                0x08003194      0x150 CMakeFiles/Inverter_1.0.dir/Drivers/STM32G4xx_HAL_Driver/Src/stm32g4xx_hal_dma.c.obj
                0x08003194                HAL_DMA_Init
 .text.HAL_DMA_IRQHandler
                0x080032e4      0x15e CMakeFiles/Inverter_1.0.dir/Drivers/STM32G4xx_HAL_Driver/Src/stm32g4xx_hal_dma.c.obj
                0x080032e4                HAL_DMA_IRQHandler
 *fill*         0x08003442        0x2 
 .text.DMA_CalcDMAMUXChannelBaseAndMask
                0x08003444       0x7c CMakeFiles/Inverter_1.0.dir/Drivers/STM32G4xx_HAL_Driver/Src/stm32g4xx_hal_dma.c.obj
 .text.DMA_CalcDMAMUXRequestGenBaseAndMask
                0x080034c0       0x48 CMakeFiles/Inverter_1.0.dir/Drivers/STM32G4xx_HAL_Driver/Src/stm32g4xx_hal_dma.c.obj
 .text.HAL_PWREx_ControlVoltageScaling
                0x08003508      0x148 CMakeFiles/Inverter_1.0.dir/Drivers/STM32G4xx_HAL_Driver/Src/stm32g4xx_hal_pwr_ex.c.obj
                0x08003508                HAL_PWREx_ControlVoltageScaling
 .text.HAL_PWREx_DisableUCPDDeadBattery
                0x08003650       0x20 CMakeFiles/Inverter_1.0.dir/Drivers/STM32G4xx_HAL_Driver/Src/stm32g4xx_hal_pwr_ex.c.obj
                0x08003650                HAL_PWREx_DisableUCPDDeadBattery
 .text.__NVIC_SetPriorityGrouping
                0x08003670       0x48 CMakeFiles/Inverter_1.0.dir/Drivers/STM32G4xx_HAL_Driver/Src/stm32g4xx_hal_cortex.c.obj
 .text.__NVIC_GetPriorityGrouping
                0x080036b8       0x1c CMakeFiles/Inverter_1.0.dir/Drivers/STM32G4xx_HAL_Driver/Src/stm32g4xx_hal_cortex.c.obj
 .text.__NVIC_EnableIRQ
                0x080036d4       0x3c CMakeFiles/Inverter_1.0.dir/Drivers/STM32G4xx_HAL_Driver/Src/stm32g4xx_hal_cortex.c.obj
 .text.__NVIC_SetPriority
                0x08003710       0x54 CMakeFiles/Inverter_1.0.dir/Drivers/STM32G4xx_HAL_Driver/Src/stm32g4xx_hal_cortex.c.obj
 .text.NVIC_EncodePriority
                0x08003764       0x66 CMakeFiles/Inverter_1.0.dir/Drivers/STM32G4xx_HAL_Driver/Src/stm32g4xx_hal_cortex.c.obj
 *fill*         0x080037ca        0x2 
 .text.SysTick_Config
                0x080037cc       0x44 CMakeFiles/Inverter_1.0.dir/Drivers/STM32G4xx_HAL_Driver/Src/stm32g4xx_hal_cortex.c.obj
 .text.HAL_NVIC_SetPriorityGrouping
                0x08003810       0x16 CMakeFiles/Inverter_1.0.dir/Drivers/STM32G4xx_HAL_Driver/Src/stm32g4xx_hal_cortex.c.obj
                0x08003810                HAL_NVIC_SetPriorityGrouping
 .text.HAL_NVIC_SetPriority
                0x08003826       0x34 CMakeFiles/Inverter_1.0.dir/Drivers/STM32G4xx_HAL_Driver/Src/stm32g4xx_hal_cortex.c.obj
                0x08003826                HAL_NVIC_SetPriority
 .text.HAL_NVIC_EnableIRQ
                0x0800385a       0x1c CMakeFiles/Inverter_1.0.dir/Drivers/STM32G4xx_HAL_Driver/Src/stm32g4xx_hal_cortex.c.obj
                0x0800385a                HAL_NVIC_EnableIRQ
 .text.HAL_SYSTICK_Config
                0x08003876       0x18 CMakeFiles/Inverter_1.0.dir/Drivers/STM32G4xx_HAL_Driver/Src/stm32g4xx_hal_cortex.c.obj
                0x08003876                HAL_SYSTICK_Config
 *fill*         0x0800388e        0x2 
 .text.HAL_HRTIM_Init
                0x08003890      0x1a0 CMakeFiles/Inverter_1.0.dir/Drivers/STM32G4xx_HAL_Driver/Src/stm32g4xx_hal_hrtim.c.obj
                0x08003890                HAL_HRTIM_Init
 .text.HAL_HRTIM_DLLCalibrationStart
                0x08003a30       0xb0 CMakeFiles/Inverter_1.0.dir/Drivers/STM32G4xx_HAL_Driver/Src/stm32g4xx_hal_hrtim.c.obj
                0x08003a30                HAL_HRTIM_DLLCalibrationStart
 .text.HAL_HRTIM_PollForDLLCalibration
                0x08003ae0       0x68 CMakeFiles/Inverter_1.0.dir/Drivers/STM32G4xx_HAL_Driver/Src/stm32g4xx_hal_hrtim.c.obj
                0x08003ae0                HAL_HRTIM_PollForDLLCalibration
 .text.HAL_HRTIM_TimeBaseConfig
                0x08003b48       0x50 CMakeFiles/Inverter_1.0.dir/Drivers/STM32G4xx_HAL_Driver/Src/stm32g4xx_hal_hrtim.c.obj
                0x08003b48                HAL_HRTIM_TimeBaseConfig
 .text.HAL_HRTIM_ADCTriggerConfig
                0x08003b98      0x3d8 CMakeFiles/Inverter_1.0.dir/Drivers/STM32G4xx_HAL_Driver/Src/stm32g4xx_hal_hrtim.c.obj
                0x08003b98                HAL_HRTIM_ADCTriggerConfig
 .text.HAL_HRTIM_ADCPostScalerConfig
                0x08003f70      0x294 CMakeFiles/Inverter_1.0.dir/Drivers/STM32G4xx_HAL_Driver/Src/stm32g4xx_hal_hrtim.c.obj
                0x08003f70                HAL_HRTIM_ADCPostScalerConfig
 .text.HAL_HRTIM_WaveformTimerConfig
                0x08004204      0x11a CMakeFiles/Inverter_1.0.dir/Drivers/STM32G4xx_HAL_Driver/Src/stm32g4xx_hal_hrtim.c.obj
                0x08004204                HAL_HRTIM_WaveformTimerConfig
 .text.HAL_HRTIM_WaveformTimerControl
                0x0800431e       0x66 CMakeFiles/Inverter_1.0.dir/Drivers/STM32G4xx_HAL_Driver/Src/stm32g4xx_hal_hrtim.c.obj
                0x0800431e                HAL_HRTIM_WaveformTimerControl
 .text.HAL_HRTIM_WaveformCompareConfig
                0x08004384      0x2dc CMakeFiles/Inverter_1.0.dir/Drivers/STM32G4xx_HAL_Driver/Src/stm32g4xx_hal_hrtim.c.obj
                0x08004384                HAL_HRTIM_WaveformCompareConfig
 .text.HAL_HRTIM_WaveformOutputConfig
                0x08004660       0x62 CMakeFiles/Inverter_1.0.dir/Drivers/STM32G4xx_HAL_Driver/Src/stm32g4xx_hal_hrtim.c.obj
                0x08004660                HAL_HRTIM_WaveformOutputConfig
 .text.HRTIM_MasterBase_Config
                0x080046c2       0x5e CMakeFiles/Inverter_1.0.dir/Drivers/STM32G4xx_HAL_Driver/Src/stm32g4xx_hal_hrtim.c.obj
 .text.HRTIM_TimingUnitBase_Config
                0x08004720       0x80 CMakeFiles/Inverter_1.0.dir/Drivers/STM32G4xx_HAL_Driver/Src/stm32g4xx_hal_hrtim.c.obj
 .text.HRTIM_MasterWaveform_Config
                0x080047a0      0x13a CMakeFiles/Inverter_1.0.dir/Drivers/STM32G4xx_HAL_Driver/Src/stm32g4xx_hal_hrtim.c.obj
 *fill*         0x080048da        0x2 
 .text.HRTIM_TimingUnitWaveform_Config
                0x080048dc      0x30c CMakeFiles/Inverter_1.0.dir/Drivers/STM32G4xx_HAL_Driver/Src/stm32g4xx_hal_hrtim.c.obj
 .text.HRTIM_TimingUnitWaveform_Control
                0x08004be8       0xc0 CMakeFiles/Inverter_1.0.dir/Drivers/STM32G4xx_HAL_Driver/Src/stm32g4xx_hal_hrtim.c.obj
 .text.HRTIM_OutputConfig
                0x08004ca8      0x1d0 CMakeFiles/Inverter_1.0.dir/Drivers/STM32G4xx_HAL_Driver/Src/stm32g4xx_hal_hrtim.c.obj
 .text.HRTIM_ForceRegistersUpdate
                0x08004e78       0xdc CMakeFiles/Inverter_1.0.dir/Drivers/STM32G4xx_HAL_Driver/Src/stm32g4xx_hal_hrtim.c.obj
 .text.SystemInit
                0x08004f54       0x24 CMakeFiles/Inverter_1.0.dir/Core/Src/system_stm32g4xx.c.obj
                0x08004f54                SystemInit
 .text.Reset_Handler
                0x08004f78       0x50 CMakeFiles/Inverter_1.0.dir/startup_stm32g474xx.s.obj
                0x08004f78                Reset_Handler
 .text.Default_Handler
                0x08004fc8        0x2 CMakeFiles/Inverter_1.0.dir/startup_stm32g474xx.s.obj
                0x08004fc8                RTC_Alarm_IRQHandler
                0x08004fc8                EXTI2_IRQHandler
                0x08004fc8                TIM8_TRG_COM_IRQHandler
                0x08004fc8                TIM8_CC_IRQHandler
                0x08004fc8                HRTIM1_Master_IRQHandler
                0x08004fc8                SPI4_IRQHandler
                0x08004fc8                FDCAN3_IT0_IRQHandler
                0x08004fc8                TIM1_CC_IRQHandler
                0x08004fc8                HRTIM1_FLT_IRQHandler
                0x08004fc8                HRTIM1_TIMF_IRQHandler
                0x08004fc8                USB_HP_IRQHandler
                0x08004fc8                CORDIC_IRQHandler
                0x08004fc8                HRTIM1_TIMD_IRQHandler
                0x08004fc8                DMA2_Channel8_IRQHandler
                0x08004fc8                EXTI3_IRQHandler
                0x08004fc8                I2C3_ER_IRQHandler
                0x08004fc8                EXTI0_IRQHandler
                0x08004fc8                I2C2_EV_IRQHandler
                0x08004fc8                FPU_IRQHandler
                0x08004fc8                FDCAN1_IT1_IRQHandler
                0x08004fc8                TIM1_UP_TIM16_IRQHandler
                0x08004fc8                ADC1_2_IRQHandler
                0x08004fc8                HRTIM1_TIME_IRQHandler
                0x08004fc8                SPI1_IRQHandler
                0x08004fc8                TIM6_DAC_IRQHandler
                0x08004fc8                HRTIM1_TIMC_IRQHandler
                0x08004fc8                TIM8_UP_IRQHandler
                0x08004fc8                DMA2_Channel2_IRQHandler
                0x08004fc8                DMA1_Channel4_IRQHandler
                0x08004fc8                TIM20_TRG_COM_IRQHandler
                0x08004fc8                USART3_IRQHandler
                0x08004fc8                DMA1_Channel7_IRQHandler
                0x08004fc8                UART5_IRQHandler
                0x08004fc8                ADC3_IRQHandler
                0x08004fc8                TIM4_IRQHandler
                0x08004fc8                DMA2_Channel1_IRQHandler
                0x08004fc8                QUADSPI_IRQHandler
                0x08004fc8                I2C1_EV_IRQHandler
                0x08004fc8                DMA1_Channel6_IRQHandler
                0x08004fc8                UART4_IRQHandler
                0x08004fc8                DMA2_Channel4_IRQHandler
                0x08004fc8                TIM3_IRQHandler
                0x08004fc8                RCC_IRQHandler
                0x08004fc8                TIM20_UP_IRQHandler
                0x08004fc8                Default_Handler
                0x08004fc8                DMA2_Channel7_IRQHandler
                0x08004fc8                RTC_TAMP_LSECSS_IRQHandler
                0x08004fc8                FMAC_IRQHandler
                0x08004fc8                EXTI15_10_IRQHandler
                0x08004fc8                DMA1_Channel8_IRQHandler
                0x08004fc8                HRTIM1_TIMA_IRQHandler
                0x08004fc8                TIM7_DAC_IRQHandler
                0x08004fc8                FDCAN3_IT1_IRQHandler
                0x08004fc8                TIM5_IRQHandler
                0x08004fc8                UCPD1_IRQHandler
                0x08004fc8                I2C3_EV_IRQHandler
                0x08004fc8                EXTI9_5_IRQHandler
                0x08004fc8                RTC_WKUP_IRQHandler
                0x08004fc8                PVD_PVM_IRQHandler
                0x08004fc8                SPI2_IRQHandler
                0x08004fc8                ADC5_IRQHandler
                0x08004fc8                DMA2_Channel5_IRQHandler
                0x08004fc8                CRS_IRQHandler
                0x08004fc8                DMA1_Channel5_IRQHandler
                0x08004fc8                USB_LP_IRQHandler
                0x08004fc8                EXTI4_IRQHandler
                0x08004fc8                RNG_IRQHandler
                0x08004fc8                HRTIM1_TIMB_IRQHandler
                0x08004fc8                TIM1_TRG_COM_TIM17_IRQHandler
                0x08004fc8                FDCAN2_IT1_IRQHandler
                0x08004fc8                DMA1_Channel3_IRQHandler
                0x08004fc8                ADC4_IRQHandler
                0x08004fc8                WWDG_IRQHandler
                0x08004fc8                I2C4_EV_IRQHandler
                0x08004fc8                FDCAN2_IT0_IRQHandler
                0x08004fc8                LPUART1_IRQHandler
                0x08004fc8                DMA2_Channel6_IRQHandler
                0x08004fc8                FDCAN1_IT0_IRQHandler
                0x08004fc8                TIM2_IRQHandler
                0x08004fc8                COMP7_IRQHandler
                0x08004fc8                COMP1_2_3_IRQHandler
                0x08004fc8                EXTI1_IRQHandler
                0x08004fc8                USART2_IRQHandler
                0x08004fc8                COMP4_5_6_IRQHandler
                0x08004fc8                TIM20_BRK_IRQHandler
                0x08004fc8                I2C2_ER_IRQHandler
                0x08004fc8                DMA1_Channel2_IRQHandler
                0x08004fc8                TIM8_BRK_IRQHandler
                0x08004fc8                FLASH_IRQHandler
                0x08004fc8                TIM20_CC_IRQHandler
                0x08004fc8                USART1_IRQHandler
                0x08004fc8                SPI3_IRQHandler
                0x08004fc8                I2C1_ER_IRQHandler
                0x08004fc8                FMC_IRQHandler
                0x08004fc8                LPTIM1_IRQHandler
                0x08004fc8                DMAMUX_OVR_IRQHandler
                0x08004fc8                I2C4_ER_IRQHandler
                0x08004fc8                USBWakeUp_IRQHandler
                0x08004fc8                SAI1_IRQHandler
                0x08004fc8                DMA2_Channel3_IRQHandler
                0x08004fc8                TIM1_BRK_TIM15_IRQHandler
 *(.glue_7)
 .glue_7        0x08004fca        0x0 linker stubs
 *(.glue_7t)
 .glue_7t       0x08004fca        0x0 linker stubs
 *(.eh_frame)
 *fill*         0x08004fca        0x2 
 .eh_frame      0x08004fcc        0x0 D:/msys2/ucrt64/bin/../lib/gcc/arm-none-eabi/13.3.0/thumb/v7e-m+fp/hard/crtbegin.o
 *(.init)
 .init          0x08004fcc        0x4 D:/msys2/ucrt64/bin/../lib/gcc/arm-none-eabi/13.3.0/thumb/v7e-m+fp/hard/crti.o
                0x08004fcc                _init
 .init          0x08004fd0        0x8 D:/msys2/ucrt64/bin/../lib/gcc/arm-none-eabi/13.3.0/thumb/v7e-m+fp/hard/crtn.o
 *(.fini)
 .fini          0x08004fd8        0x4 D:/msys2/ucrt64/bin/../lib/gcc/arm-none-eabi/13.3.0/thumb/v7e-m+fp/hard/crti.o
                0x08004fd8                _fini
 .fini          0x08004fdc        0x8 D:/msys2/ucrt64/bin/../lib/gcc/arm-none-eabi/13.3.0/thumb/v7e-m+fp/hard/crtn.o
                0x08004fe4                        . = ALIGN (0x4)
                0x08004fe4                        _etext = .

.vfp11_veneer   0x08004fe4        0x0
 .vfp11_veneer  0x08004fe4        0x0 linker stubs

.v4_bx          0x08004fe4        0x0
 .v4_bx         0x08004fe4        0x0 linker stubs

.iplt           0x08004fe4        0x0
 .iplt          0x08004fe4        0x0 D:/msys2/ucrt64/bin/../lib/gcc/arm-none-eabi/13.3.0/thumb/v7e-m+fp/hard/crtbegin.o

.rodata         0x08004fe4       0x10
                0x08004fe4                        . = ALIGN (0x4)
 *(.rodata)
 *(.rodata*)
 .rodata.AHBPrescTable
                0x08004fe4       0x10 CMakeFiles/Inverter_1.0.dir/Core/Src/system_stm32g4xx.c.obj
                0x08004fe4                AHBPrescTable
                0x08004ff4                        . = ALIGN (0x4)

.rel.dyn        0x08004ff4        0x0
 .rel.iplt      0x08004ff4        0x0 D:/msys2/ucrt64/bin/../lib/gcc/arm-none-eabi/13.3.0/thumb/v7e-m+fp/hard/crtbegin.o

.ARM.extab
 *(.ARM.extab* .gnu.linkonce.armextab.*)

.ARM            0x08004ff4        0x0
                0x08004ff4                        __exidx_start = .
 *(.ARM.exidx*)
                0x08004ff4                        __exidx_end = .

.preinit_array  0x08004ff4        0x0
                0x08004ff4                        PROVIDE (__preinit_array_start = .)
 *(.preinit_array*)
                0x08004ff4                        PROVIDE (__preinit_array_end = .)

.init_array     0x08004ff4        0x4
                0x08004ff4                        PROVIDE (__init_array_start = .)
 *(SORT_BY_NAME(.init_array.*))
 *(.init_array*)
 .init_array    0x08004ff4        0x4 D:/msys2/ucrt64/bin/../lib/gcc/arm-none-eabi/13.3.0/thumb/v7e-m+fp/hard/crtbegin.o
                0x08004ff8                        PROVIDE (__init_array_end = .)

.fini_array     0x08004ff8        0x4
                0x08004ff8                        PROVIDE (__fini_array_start = .)
 *(SORT_BY_NAME(.fini_array.*))
 *(.fini_array*)
 .fini_array    0x08004ff8        0x4 D:/msys2/ucrt64/bin/../lib/gcc/arm-none-eabi/13.3.0/thumb/v7e-m+fp/hard/crtbegin.o
                0x08004ffc                        PROVIDE (__fini_array_end = .)
                0x08004ffc                        _sidata = LOADADDR (.data)

.data           0x20000000        0xc load address 0x08004ffc
                0x20000000                        . = ALIGN (0x4)
                0x20000000                        _sdata = .
 *(.data)
 *(.data*)
 .data.uwTickPrio
                0x20000000        0x4 CMakeFiles/Inverter_1.0.dir/Drivers/STM32G4xx_HAL_Driver/Src/stm32g4xx_hal.c.obj
                0x20000000                uwTickPrio
 .data.uwTickFreq
                0x20000004        0x4 CMakeFiles/Inverter_1.0.dir/Drivers/STM32G4xx_HAL_Driver/Src/stm32g4xx_hal.c.obj
                0x20000004                uwTickFreq
 .data.SystemCoreClock
                0x20000008        0x4 CMakeFiles/Inverter_1.0.dir/Core/Src/system_stm32g4xx.c.obj
                0x20000008                SystemCoreClock
                0x2000000c                        . = ALIGN (0x4)
                0x2000000c                        _edata = .

.igot.plt       0x2000000c        0x0 load address 0x08005008
 .igot.plt      0x2000000c        0x0 D:/msys2/ucrt64/bin/../lib/gcc/arm-none-eabi/13.3.0/thumb/v7e-m+fp/hard/crtbegin.o
                0x2000000c                        . = ALIGN (0x4)

.bss            0x2000000c      0x258 load address 0x08005008
                0x2000000c                        _sbss = .
                0x2000000c                        __bss_start__ = _sbss
 *(.bss)
 *(.bss*)
 .bss.completed.1
                0x2000000c        0x1 D:/msys2/ucrt64/bin/../lib/gcc/arm-none-eabi/13.3.0/thumb/v7e-m+fp/hard/crtbegin.o
 *fill*         0x2000000d        0x3 
 .bss.object.0  0x20000010       0x18 D:/msys2/ucrt64/bin/../lib/gcc/arm-none-eabi/13.3.0/thumb/v7e-m+fp/hard/crtbegin.o
 .bss.hadc1     0x20000028       0x6c CMakeFiles/Inverter_1.0.dir/Core/Src/adc.c.obj
                0x20000028                hadc1
 .bss.hadc2     0x20000094       0x6c CMakeFiles/Inverter_1.0.dir/Core/Src/adc.c.obj
                0x20000094                hadc2
 .bss.hdma_adc1
                0x20000100       0x60 CMakeFiles/Inverter_1.0.dir/Core/Src/adc.c.obj
                0x20000100                hdma_adc1
 .bss.HAL_RCC_ADC12_CLK_ENABLED
                0x20000160        0x4 CMakeFiles/Inverter_1.0.dir/Core/Src/adc.c.obj
 .bss.hhrtim1   0x20000164       0xfc CMakeFiles/Inverter_1.0.dir/Core/Src/hrtim.c.obj
                0x20000164                hhrtim1
 .bss.uwTick    0x20000260        0x4 CMakeFiles/Inverter_1.0.dir/Drivers/STM32G4xx_HAL_Driver/Src/stm32g4xx_hal.c.obj
                0x20000260                uwTick
 *(COMMON)
                0x20000264                        . = ALIGN (0x4)
                0x20000264                        _ebss = .
                0x20000264                        __bss_end__ = _ebss

._user_heap_stack
                0x20000264     0x6004 load address 0x08005008
                0x20000268                        . = ALIGN (0x8)
 *fill*         0x20000264        0x4 
                [!provide]                        PROVIDE (end = .)
                0x20000268                        PROVIDE (_end = .)
                0x20002268                        . = (. + _Min_Heap_Size)
 *fill*         0x20000268     0x2000 
                0x20006268                        . = (. + _Min_Stack_Size)
 *fill*         0x20002268     0x4000 
                0x20006268                        . = ALIGN (0x8)

/DISCARD/
 libc.a(*)
 libm.a(*)
 libgcc.a(*)
OUTPUT(Inverter_1.0.elf elf32-littlearm)
LOAD linker stubs
LOAD D:/msys2/ucrt64/bin/../lib/gcc/arm-none-eabi/13.3.0/../../../../arm-none-eabi/lib/thumb/v7e-m+fp/hard\libc.a
LOAD D:/msys2/ucrt64/bin/../lib/gcc/arm-none-eabi/13.3.0/../../../../arm-none-eabi/lib/thumb/v7e-m+fp/hard\libm.a
LOAD D:/msys2/ucrt64/bin/../lib/gcc/arm-none-eabi/13.3.0/thumb/v7e-m+fp/hard\libgcc.a

.ARM.attributes
                0x00000000       0x30
 .ARM.attributes
                0x00000000       0x22 D:/msys2/ucrt64/bin/../lib/gcc/arm-none-eabi/13.3.0/thumb/v7e-m+fp/hard/crti.o
 .ARM.attributes
                0x00000022       0x34 D:/msys2/ucrt64/bin/../lib/gcc/arm-none-eabi/13.3.0/thumb/v7e-m+fp/hard/crtbegin.o
 .ARM.attributes
                0x00000056       0x34 D:/msys2/ucrt64/bin/../lib/gcc/arm-none-eabi/13.3.0/../../../../arm-none-eabi/lib/thumb/v7e-m+fp/hard\libc_nano.a(libc_a-memset.o)
 .ARM.attributes
                0x0000008a       0x34 D:/msys2/ucrt64/bin/../lib/gcc/arm-none-eabi/13.3.0/../../../../arm-none-eabi/lib/thumb/v7e-m+fp/hard\libc_nano.a(libc_a-init.o)
 .ARM.attributes
                0x000000be       0x34 CMakeFiles/Inverter_1.0.dir/Core/Src/main.c.obj
 .ARM.attributes
                0x000000f2       0x34 CMakeFiles/Inverter_1.0.dir/Core/Src/gpio.c.obj
 .ARM.attributes
                0x00000126       0x34 CMakeFiles/Inverter_1.0.dir/Core/Src/adc.c.obj
 .ARM.attributes
                0x0000015a       0x34 CMakeFiles/Inverter_1.0.dir/Core/Src/dma.c.obj
 .ARM.attributes
                0x0000018e       0x34 CMakeFiles/Inverter_1.0.dir/Core/Src/hrtim.c.obj
 .ARM.attributes
                0x000001c2       0x34 CMakeFiles/Inverter_1.0.dir/Core/Src/stm32g4xx_it.c.obj
 .ARM.attributes
                0x000001f6       0x34 CMakeFiles/Inverter_1.0.dir/Core/Src/stm32g4xx_hal_msp.c.obj
 .ARM.attributes
                0x0000022a       0x34 CMakeFiles/Inverter_1.0.dir/Drivers/STM32G4xx_HAL_Driver/Src/stm32g4xx_hal_adc.c.obj
 .ARM.attributes
                0x0000025e       0x34 CMakeFiles/Inverter_1.0.dir/Drivers/STM32G4xx_HAL_Driver/Src/stm32g4xx_hal_adc_ex.c.obj
 .ARM.attributes
                0x00000292       0x34 CMakeFiles/Inverter_1.0.dir/Drivers/STM32G4xx_HAL_Driver/Src/stm32g4xx_hal.c.obj
 .ARM.attributes
                0x000002c6       0x34 CMakeFiles/Inverter_1.0.dir/Drivers/STM32G4xx_HAL_Driver/Src/stm32g4xx_hal_rcc.c.obj
 .ARM.attributes
                0x000002fa       0x34 CMakeFiles/Inverter_1.0.dir/Drivers/STM32G4xx_HAL_Driver/Src/stm32g4xx_hal_rcc_ex.c.obj
 .ARM.attributes
                0x0000032e       0x34 CMakeFiles/Inverter_1.0.dir/Drivers/STM32G4xx_HAL_Driver/Src/stm32g4xx_hal_gpio.c.obj
 .ARM.attributes
                0x00000362       0x34 CMakeFiles/Inverter_1.0.dir/Drivers/STM32G4xx_HAL_Driver/Src/stm32g4xx_hal_dma.c.obj
 .ARM.attributes
                0x00000396       0x34 CMakeFiles/Inverter_1.0.dir/Drivers/STM32G4xx_HAL_Driver/Src/stm32g4xx_hal_pwr_ex.c.obj
 .ARM.attributes
                0x000003ca       0x34 CMakeFiles/Inverter_1.0.dir/Drivers/STM32G4xx_HAL_Driver/Src/stm32g4xx_hal_cortex.c.obj
 .ARM.attributes
                0x000003fe       0x34 CMakeFiles/Inverter_1.0.dir/Drivers/STM32G4xx_HAL_Driver/Src/stm32g4xx_hal_hrtim.c.obj
 .ARM.attributes
                0x00000432       0x34 CMakeFiles/Inverter_1.0.dir/Core/Src/system_stm32g4xx.c.obj
 .ARM.attributes
                0x00000466       0x21 CMakeFiles/Inverter_1.0.dir/startup_stm32g474xx.s.obj
 .ARM.attributes
                0x00000487       0x22 D:/msys2/ucrt64/bin/../lib/gcc/arm-none-eabi/13.3.0/thumb/v7e-m+fp/hard/crtn.o

.comment        0x00000000       0x12
 .comment       0x00000000       0x12 D:/msys2/ucrt64/bin/../lib/gcc/arm-none-eabi/13.3.0/../../../../arm-none-eabi/lib/thumb/v7e-m+fp/hard\libc_nano.a(libc_a-memset.o)
                                 0x13 (size before relaxing)
 .comment       0x00000012       0x13 D:/msys2/ucrt64/bin/../lib/gcc/arm-none-eabi/13.3.0/../../../../arm-none-eabi/lib/thumb/v7e-m+fp/hard\libc_nano.a(libc_a-init.o)
 .comment       0x00000012       0x13 CMakeFiles/Inverter_1.0.dir/Core/Src/main.c.obj
 .comment       0x00000012       0x13 CMakeFiles/Inverter_1.0.dir/Core/Src/gpio.c.obj
 .comment       0x00000012       0x13 CMakeFiles/Inverter_1.0.dir/Core/Src/adc.c.obj
 .comment       0x00000012       0x13 CMakeFiles/Inverter_1.0.dir/Core/Src/dma.c.obj
 .comment       0x00000012       0x13 CMakeFiles/Inverter_1.0.dir/Core/Src/hrtim.c.obj
 .comment       0x00000012       0x13 CMakeFiles/Inverter_1.0.dir/Core/Src/stm32g4xx_it.c.obj
 .comment       0x00000012       0x13 CMakeFiles/Inverter_1.0.dir/Core/Src/stm32g4xx_hal_msp.c.obj
 .comment       0x00000012       0x13 CMakeFiles/Inverter_1.0.dir/Drivers/STM32G4xx_HAL_Driver/Src/stm32g4xx_hal_adc.c.obj
 .comment       0x00000012       0x13 CMakeFiles/Inverter_1.0.dir/Drivers/STM32G4xx_HAL_Driver/Src/stm32g4xx_hal_adc_ex.c.obj
 .comment       0x00000012       0x13 CMakeFiles/Inverter_1.0.dir/Drivers/STM32G4xx_HAL_Driver/Src/stm32g4xx_hal.c.obj
 .comment       0x00000012       0x13 CMakeFiles/Inverter_1.0.dir/Drivers/STM32G4xx_HAL_Driver/Src/stm32g4xx_hal_rcc.c.obj
 .comment       0x00000012       0x13 CMakeFiles/Inverter_1.0.dir/Drivers/STM32G4xx_HAL_Driver/Src/stm32g4xx_hal_rcc_ex.c.obj
 .comment       0x00000012       0x13 CMakeFiles/Inverter_1.0.dir/Drivers/STM32G4xx_HAL_Driver/Src/stm32g4xx_hal_gpio.c.obj
 .comment       0x00000012       0x13 CMakeFiles/Inverter_1.0.dir/Drivers/STM32G4xx_HAL_Driver/Src/stm32g4xx_hal_dma.c.obj
 .comment       0x00000012       0x13 CMakeFiles/Inverter_1.0.dir/Drivers/STM32G4xx_HAL_Driver/Src/stm32g4xx_hal_pwr_ex.c.obj
 .comment       0x00000012       0x13 CMakeFiles/Inverter_1.0.dir/Drivers/STM32G4xx_HAL_Driver/Src/stm32g4xx_hal_cortex.c.obj
 .comment       0x00000012       0x13 CMakeFiles/Inverter_1.0.dir/Drivers/STM32G4xx_HAL_Driver/Src/stm32g4xx_hal_hrtim.c.obj
 .comment       0x00000012       0x13 CMakeFiles/Inverter_1.0.dir/Core/Src/system_stm32g4xx.c.obj

.debug_info     0x00000000    0x106a1
 .debug_info    0x00000000      0x135 D:/msys2/ucrt64/bin/../lib/gcc/arm-none-eabi/13.3.0/../../../../arm-none-eabi/lib/thumb/v7e-m+fp/hard\libc_nano.a(libc_a-memset.o)
 .debug_info    0x00000135      0x10b D:/msys2/ucrt64/bin/../lib/gcc/arm-none-eabi/13.3.0/../../../../arm-none-eabi/lib/thumb/v7e-m+fp/hard\libc_nano.a(libc_a-init.o)
 .debug_info    0x00000240      0x2d6 CMakeFiles/Inverter_1.0.dir/Core/Src/main.c.obj
 .debug_info    0x00000516      0x2d1 CMakeFiles/Inverter_1.0.dir/Core/Src/gpio.c.obj
 .debug_info    0x000007e7     0x100a CMakeFiles/Inverter_1.0.dir/Core/Src/adc.c.obj
 .debug_info    0x000017f1      0x5ac CMakeFiles/Inverter_1.0.dir/Core/Src/dma.c.obj
 .debug_info    0x00001d9d     0x1440 CMakeFiles/Inverter_1.0.dir/Core/Src/hrtim.c.obj
 .debug_info    0x000031dd      0x472 CMakeFiles/Inverter_1.0.dir/Core/Src/stm32g4xx_it.c.obj
 .debug_info    0x0000364f      0x2da CMakeFiles/Inverter_1.0.dir/Core/Src/stm32g4xx_hal_msp.c.obj
 .debug_info    0x00003929     0x2063 CMakeFiles/Inverter_1.0.dir/Drivers/STM32G4xx_HAL_Driver/Src/stm32g4xx_hal_adc.c.obj
 .debug_info    0x0000598c     0x1d80 CMakeFiles/Inverter_1.0.dir/Drivers/STM32G4xx_HAL_Driver/Src/stm32g4xx_hal_adc_ex.c.obj
 .debug_info    0x0000770c      0xb95 CMakeFiles/Inverter_1.0.dir/Drivers/STM32G4xx_HAL_Driver/Src/stm32g4xx_hal.c.obj
 .debug_info    0x000082a1      0xbe0 CMakeFiles/Inverter_1.0.dir/Drivers/STM32G4xx_HAL_Driver/Src/stm32g4xx_hal_rcc.c.obj
 .debug_info    0x00008e81      0xc45 CMakeFiles/Inverter_1.0.dir/Drivers/STM32G4xx_HAL_Driver/Src/stm32g4xx_hal_rcc_ex.c.obj
 .debug_info    0x00009ac6      0x763 CMakeFiles/Inverter_1.0.dir/Drivers/STM32G4xx_HAL_Driver/Src/stm32g4xx_hal_gpio.c.obj
 .debug_info    0x0000a229      0x85f CMakeFiles/Inverter_1.0.dir/Drivers/STM32G4xx_HAL_Driver/Src/stm32g4xx_hal_dma.c.obj
 .debug_info    0x0000aa88      0x93f CMakeFiles/Inverter_1.0.dir/Drivers/STM32G4xx_HAL_Driver/Src/stm32g4xx_hal_pwr_ex.c.obj
 .debug_info    0x0000b3c7      0xdf9 CMakeFiles/Inverter_1.0.dir/Drivers/STM32G4xx_HAL_Driver/Src/stm32g4xx_hal_cortex.c.obj
 .debug_info    0x0000c1c0     0x3f23 CMakeFiles/Inverter_1.0.dir/Drivers/STM32G4xx_HAL_Driver/Src/stm32g4xx_hal_hrtim.c.obj
 .debug_info    0x000100e3      0x58e CMakeFiles/Inverter_1.0.dir/Core/Src/system_stm32g4xx.c.obj
 .debug_info    0x00010671       0x30 CMakeFiles/Inverter_1.0.dir/startup_stm32g474xx.s.obj

.debug_abbrev   0x00000000     0x2554
 .debug_abbrev  0x00000000       0xb7 D:/msys2/ucrt64/bin/../lib/gcc/arm-none-eabi/13.3.0/../../../../arm-none-eabi/lib/thumb/v7e-m+fp/hard\libc_nano.a(libc_a-memset.o)
 .debug_abbrev  0x000000b7       0xc9 D:/msys2/ucrt64/bin/../lib/gcc/arm-none-eabi/13.3.0/../../../../arm-none-eabi/lib/thumb/v7e-m+fp/hard\libc_nano.a(libc_a-init.o)
 .debug_abbrev  0x00000180      0x164 CMakeFiles/Inverter_1.0.dir/Core/Src/main.c.obj
 .debug_abbrev  0x000002e4       0xc6 CMakeFiles/Inverter_1.0.dir/Core/Src/gpio.c.obj
 .debug_abbrev  0x000003aa      0x208 CMakeFiles/Inverter_1.0.dir/Core/Src/adc.c.obj
 .debug_abbrev  0x000005b2      0x109 CMakeFiles/Inverter_1.0.dir/Core/Src/dma.c.obj
 .debug_abbrev  0x000006bb      0x24b CMakeFiles/Inverter_1.0.dir/Core/Src/hrtim.c.obj
 .debug_abbrev  0x00000906      0x16a CMakeFiles/Inverter_1.0.dir/Core/Src/stm32g4xx_it.c.obj
 .debug_abbrev  0x00000a70       0xd9 CMakeFiles/Inverter_1.0.dir/Core/Src/stm32g4xx_hal_msp.c.obj
 .debug_abbrev  0x00000b49      0x2d3 CMakeFiles/Inverter_1.0.dir/Drivers/STM32G4xx_HAL_Driver/Src/stm32g4xx_hal_adc.c.obj
 .debug_abbrev  0x00000e1c      0x2ee CMakeFiles/Inverter_1.0.dir/Drivers/STM32G4xx_HAL_Driver/Src/stm32g4xx_hal_adc_ex.c.obj
 .debug_abbrev  0x0000110a      0x271 CMakeFiles/Inverter_1.0.dir/Drivers/STM32G4xx_HAL_Driver/Src/stm32g4xx_hal.c.obj
 .debug_abbrev  0x0000137b      0x2c9 CMakeFiles/Inverter_1.0.dir/Drivers/STM32G4xx_HAL_Driver/Src/stm32g4xx_hal_rcc.c.obj
 .debug_abbrev  0x00001644      0x258 CMakeFiles/Inverter_1.0.dir/Drivers/STM32G4xx_HAL_Driver/Src/stm32g4xx_hal_rcc_ex.c.obj
 .debug_abbrev  0x0000189c      0x1cb CMakeFiles/Inverter_1.0.dir/Drivers/STM32G4xx_HAL_Driver/Src/stm32g4xx_hal_gpio.c.obj
 .debug_abbrev  0x00001a67      0x1e2 CMakeFiles/Inverter_1.0.dir/Drivers/STM32G4xx_HAL_Driver/Src/stm32g4xx_hal_dma.c.obj
 .debug_abbrev  0x00001c49      0x22c CMakeFiles/Inverter_1.0.dir/Drivers/STM32G4xx_HAL_Driver/Src/stm32g4xx_hal_pwr_ex.c.obj
 .debug_abbrev  0x00001e75      0x31c CMakeFiles/Inverter_1.0.dir/Drivers/STM32G4xx_HAL_Driver/Src/stm32g4xx_hal_cortex.c.obj
 .debug_abbrev  0x00002191      0x285 CMakeFiles/Inverter_1.0.dir/Drivers/STM32G4xx_HAL_Driver/Src/stm32g4xx_hal_hrtim.c.obj
 .debug_abbrev  0x00002416      0x11a CMakeFiles/Inverter_1.0.dir/Core/Src/system_stm32g4xx.c.obj
 .debug_abbrev  0x00002530       0x24 CMakeFiles/Inverter_1.0.dir/startup_stm32g474xx.s.obj

.debug_loclists
                0x00000000      0x227
 .debug_loclists
                0x00000000      0x1c2 D:/msys2/ucrt64/bin/../lib/gcc/arm-none-eabi/13.3.0/../../../../arm-none-eabi/lib/thumb/v7e-m+fp/hard\libc_nano.a(libc_a-memset.o)
 .debug_loclists
                0x000001c2       0x65 D:/msys2/ucrt64/bin/../lib/gcc/arm-none-eabi/13.3.0/../../../../arm-none-eabi/lib/thumb/v7e-m+fp/hard\libc_nano.a(libc_a-init.o)

.debug_aranges  0x00000000     0x1080
 .debug_aranges
                0x00000000       0x20 D:/msys2/ucrt64/bin/../lib/gcc/arm-none-eabi/13.3.0/../../../../arm-none-eabi/lib/thumb/v7e-m+fp/hard\libc_nano.a(libc_a-memset.o)
 .debug_aranges
                0x00000020       0x20 D:/msys2/ucrt64/bin/../lib/gcc/arm-none-eabi/13.3.0/../../../../arm-none-eabi/lib/thumb/v7e-m+fp/hard\libc_nano.a(libc_a-init.o)
 .debug_aranges
                0x00000040       0x30 CMakeFiles/Inverter_1.0.dir/Core/Src/main.c.obj
 .debug_aranges
                0x00000070       0x20 CMakeFiles/Inverter_1.0.dir/Core/Src/gpio.c.obj
 .debug_aranges
                0x00000090       0x38 CMakeFiles/Inverter_1.0.dir/Core/Src/adc.c.obj
 .debug_aranges
                0x000000c8       0x20 CMakeFiles/Inverter_1.0.dir/Core/Src/dma.c.obj
 .debug_aranges
                0x000000e8       0x38 CMakeFiles/Inverter_1.0.dir/Core/Src/hrtim.c.obj
 .debug_aranges
                0x00000120       0x68 CMakeFiles/Inverter_1.0.dir/Core/Src/stm32g4xx_it.c.obj
 .debug_aranges
                0x00000188       0x20 CMakeFiles/Inverter_1.0.dir/Core/Src/stm32g4xx_hal_msp.c.obj
 .debug_aranges
                0x000001a8      0x248 CMakeFiles/Inverter_1.0.dir/Drivers/STM32G4xx_HAL_Driver/Src/stm32g4xx_hal_adc.c.obj
 .debug_aranges
                0x000003f0      0x1c0 CMakeFiles/Inverter_1.0.dir/Drivers/STM32G4xx_HAL_Driver/Src/stm32g4xx_hal_adc_ex.c.obj
 .debug_aranges
                0x000005b0      0x148 CMakeFiles/Inverter_1.0.dir/Drivers/STM32G4xx_HAL_Driver/Src/stm32g4xx_hal.c.obj
 .debug_aranges
                0x000006f8       0x98 CMakeFiles/Inverter_1.0.dir/Drivers/STM32G4xx_HAL_Driver/Src/stm32g4xx_hal_rcc.c.obj
 .debug_aranges
                0x00000790       0xb0 CMakeFiles/Inverter_1.0.dir/Drivers/STM32G4xx_HAL_Driver/Src/stm32g4xx_hal_rcc_ex.c.obj
 .debug_aranges
                0x00000840       0x58 CMakeFiles/Inverter_1.0.dir/Drivers/STM32G4xx_HAL_Driver/Src/stm32g4xx_hal_gpio.c.obj
 .debug_aranges
                0x00000898       0x90 CMakeFiles/Inverter_1.0.dir/Drivers/STM32G4xx_HAL_Driver/Src/stm32g4xx_hal_dma.c.obj
 .debug_aranges
                0x00000928      0x140 CMakeFiles/Inverter_1.0.dir/Drivers/STM32G4xx_HAL_Driver/Src/stm32g4xx_hal_pwr_ex.c.obj
 .debug_aranges
                0x00000a68      0x128 CMakeFiles/Inverter_1.0.dir/Drivers/STM32G4xx_HAL_Driver/Src/stm32g4xx_hal_cortex.c.obj
 .debug_aranges
                0x00000b90      0x4a0 CMakeFiles/Inverter_1.0.dir/Drivers/STM32G4xx_HAL_Driver/Src/stm32g4xx_hal_hrtim.c.obj
 .debug_aranges
                0x00001030       0x28 CMakeFiles/Inverter_1.0.dir/Core/Src/system_stm32g4xx.c.obj
 .debug_aranges
                0x00001058       0x28 CMakeFiles/Inverter_1.0.dir/startup_stm32g474xx.s.obj

.debug_line     0x00000000    0x10b93
 .debug_line    0x00000000      0x1c9 D:/msys2/ucrt64/bin/../lib/gcc/arm-none-eabi/13.3.0/../../../../arm-none-eabi/lib/thumb/v7e-m+fp/hard\libc_nano.a(libc_a-memset.o)
 .debug_line    0x000001c9      0x13b D:/msys2/ucrt64/bin/../lib/gcc/arm-none-eabi/13.3.0/../../../../arm-none-eabi/lib/thumb/v7e-m+fp/hard\libc_nano.a(libc_a-init.o)
 .debug_line    0x00000304      0x6aa CMakeFiles/Inverter_1.0.dir/Core/Src/main.c.obj
 .debug_line    0x000009ae      0x5c5 CMakeFiles/Inverter_1.0.dir/Core/Src/gpio.c.obj
 .debug_line    0x00000f73      0x79f CMakeFiles/Inverter_1.0.dir/Core/Src/adc.c.obj
 .debug_line    0x00001712      0x5c5 CMakeFiles/Inverter_1.0.dir/Core/Src/dma.c.obj
 .debug_line    0x00001cd7      0x82b CMakeFiles/Inverter_1.0.dir/Core/Src/hrtim.c.obj
 .debug_line    0x00002502      0x68f CMakeFiles/Inverter_1.0.dir/Core/Src/stm32g4xx_it.c.obj
 .debug_line    0x00002b91      0x5c9 CMakeFiles/Inverter_1.0.dir/Core/Src/stm32g4xx_hal_msp.c.obj
 .debug_line    0x0000315a     0x20d0 CMakeFiles/Inverter_1.0.dir/Drivers/STM32G4xx_HAL_Driver/Src/stm32g4xx_hal_adc.c.obj
 .debug_line    0x0000522a     0x1a28 CMakeFiles/Inverter_1.0.dir/Drivers/STM32G4xx_HAL_Driver/Src/stm32g4xx_hal_adc_ex.c.obj
 .debug_line    0x00006c52      0xa01 CMakeFiles/Inverter_1.0.dir/Drivers/STM32G4xx_HAL_Driver/Src/stm32g4xx_hal.c.obj
 .debug_line    0x00007653      0xe84 CMakeFiles/Inverter_1.0.dir/Drivers/STM32G4xx_HAL_Driver/Src/stm32g4xx_hal_rcc.c.obj
 .debug_line    0x000084d7     0x10f9 CMakeFiles/Inverter_1.0.dir/Drivers/STM32G4xx_HAL_Driver/Src/stm32g4xx_hal_rcc_ex.c.obj
 .debug_line    0x000095d0      0x9da CMakeFiles/Inverter_1.0.dir/Drivers/STM32G4xx_HAL_Driver/Src/stm32g4xx_hal_gpio.c.obj
 .debug_line    0x00009faa      0xd00 CMakeFiles/Inverter_1.0.dir/Drivers/STM32G4xx_HAL_Driver/Src/stm32g4xx_hal_dma.c.obj
 .debug_line    0x0000acaa      0xb60 CMakeFiles/Inverter_1.0.dir/Drivers/STM32G4xx_HAL_Driver/Src/stm32g4xx_hal_pwr_ex.c.obj
 .debug_line    0x0000b80a      0xb66 CMakeFiles/Inverter_1.0.dir/Drivers/STM32G4xx_HAL_Driver/Src/stm32g4xx_hal_cortex.c.obj
 .debug_line    0x0000c370     0x4173 CMakeFiles/Inverter_1.0.dir/Drivers/STM32G4xx_HAL_Driver/Src/stm32g4xx_hal_hrtim.c.obj
 .debug_line    0x000104e3      0x635 CMakeFiles/Inverter_1.0.dir/Core/Src/system_stm32g4xx.c.obj
 .debug_line    0x00010b18       0x7b CMakeFiles/Inverter_1.0.dir/startup_stm32g474xx.s.obj

.debug_str      0x00000000   0x116713
 .debug_str     0x00000000   0x116713 D:/msys2/ucrt64/bin/../lib/gcc/arm-none-eabi/13.3.0/../../../../arm-none-eabi/lib/thumb/v7e-m+fp/hard\libc_nano.a(libc_a-memset.o)
                                0x19a (size before relaxing)
 .debug_str     0x00116713      0x1e7 D:/msys2/ucrt64/bin/../lib/gcc/arm-none-eabi/13.3.0/../../../../arm-none-eabi/lib/thumb/v7e-m+fp/hard\libc_nano.a(libc_a-init.o)
 .debug_str     0x00116713   0x11095a CMakeFiles/Inverter_1.0.dir/Core/Src/main.c.obj
 .debug_str     0x00116713   0x11087a CMakeFiles/Inverter_1.0.dir/Core/Src/gpio.c.obj
 .debug_str     0x00116713   0x111216 CMakeFiles/Inverter_1.0.dir/Core/Src/adc.c.obj
 .debug_str     0x00116713   0x110ed1 CMakeFiles/Inverter_1.0.dir/Core/Src/dma.c.obj
 .debug_str     0x00116713   0x1114e1 CMakeFiles/Inverter_1.0.dir/Core/Src/hrtim.c.obj
 .debug_str     0x00116713   0x110ace CMakeFiles/Inverter_1.0.dir/Core/Src/stm32g4xx_it.c.obj
 .debug_str     0x00116713   0x11089b CMakeFiles/Inverter_1.0.dir/Core/Src/stm32g4xx_hal_msp.c.obj
 .debug_str     0x00116713   0x111957 CMakeFiles/Inverter_1.0.dir/Drivers/STM32G4xx_HAL_Driver/Src/stm32g4xx_hal_adc.c.obj
 .debug_str     0x00116713   0x1118fd CMakeFiles/Inverter_1.0.dir/Drivers/STM32G4xx_HAL_Driver/Src/stm32g4xx_hal_adc_ex.c.obj
 .debug_str     0x00116713   0x11163c CMakeFiles/Inverter_1.0.dir/Drivers/STM32G4xx_HAL_Driver/Src/stm32g4xx_hal.c.obj
 .debug_str     0x00116713   0x111049 CMakeFiles/Inverter_1.0.dir/Drivers/STM32G4xx_HAL_Driver/Src/stm32g4xx_hal_rcc.c.obj
 .debug_str     0x00116713   0x111073 CMakeFiles/Inverter_1.0.dir/Drivers/STM32G4xx_HAL_Driver/Src/stm32g4xx_hal_rcc_ex.c.obj
 .debug_str     0x00116713   0x110ab5 CMakeFiles/Inverter_1.0.dir/Drivers/STM32G4xx_HAL_Driver/Src/stm32g4xx_hal_gpio.c.obj
 .debug_str     0x00116713   0x110d04 CMakeFiles/Inverter_1.0.dir/Drivers/STM32G4xx_HAL_Driver/Src/stm32g4xx_hal_dma.c.obj
 .debug_str     0x00116713   0x110e18 CMakeFiles/Inverter_1.0.dir/Drivers/STM32G4xx_HAL_Driver/Src/stm32g4xx_hal_pwr_ex.c.obj
 .debug_str     0x00116713   0x1112f8 CMakeFiles/Inverter_1.0.dir/Drivers/STM32G4xx_HAL_Driver/Src/stm32g4xx_hal_cortex.c.obj
 .debug_str     0x00116713   0x112d24 CMakeFiles/Inverter_1.0.dir/Drivers/STM32G4xx_HAL_Driver/Src/stm32g4xx_hal_hrtim.c.obj
 .debug_str     0x00116713   0x11092a CMakeFiles/Inverter_1.0.dir/Core/Src/system_stm32g4xx.c.obj
 .debug_str     0x00116713       0xbc CMakeFiles/Inverter_1.0.dir/startup_stm32g474xx.s.obj

.debug_frame    0x00000000     0x44c0
 .debug_frame   0x00000000       0x2c D:/msys2/ucrt64/bin/../lib/gcc/arm-none-eabi/13.3.0/../../../../arm-none-eabi/lib/thumb/v7e-m+fp/hard\libc_nano.a(libc_a-memset.o)
 .debug_frame   0x0000002c       0x2c D:/msys2/ucrt64/bin/../lib/gcc/arm-none-eabi/13.3.0/../../../../arm-none-eabi/lib/thumb/v7e-m+fp/hard\libc_nano.a(libc_a-init.o)
 .debug_frame   0x00000058       0x68 CMakeFiles/Inverter_1.0.dir/Core/Src/main.c.obj
 .debug_frame   0x000000c0       0x38 CMakeFiles/Inverter_1.0.dir/Core/Src/gpio.c.obj
 .debug_frame   0x000000f8       0xa4 CMakeFiles/Inverter_1.0.dir/Core/Src/adc.c.obj
 .debug_frame   0x0000019c       0x34 CMakeFiles/Inverter_1.0.dir/Core/Src/dma.c.obj
 .debug_frame   0x000001d0       0xac CMakeFiles/Inverter_1.0.dir/Core/Src/hrtim.c.obj
 .debug_frame   0x0000027c      0x120 CMakeFiles/Inverter_1.0.dir/Core/Src/stm32g4xx_it.c.obj
 .debug_frame   0x0000039c       0x34 CMakeFiles/Inverter_1.0.dir/Core/Src/stm32g4xx_hal_msp.c.obj
 .debug_frame   0x000003d0      0xacc CMakeFiles/Inverter_1.0.dir/Drivers/STM32G4xx_HAL_Driver/Src/stm32g4xx_hal_adc.c.obj
 .debug_frame   0x00000e9c      0x81c CMakeFiles/Inverter_1.0.dir/Drivers/STM32G4xx_HAL_Driver/Src/stm32g4xx_hal_adc_ex.c.obj
 .debug_frame   0x000016b8      0x500 CMakeFiles/Inverter_1.0.dir/Drivers/STM32G4xx_HAL_Driver/Src/stm32g4xx_hal.c.obj
 .debug_frame   0x00001bb8      0x23c CMakeFiles/Inverter_1.0.dir/Drivers/STM32G4xx_HAL_Driver/Src/stm32g4xx_hal_rcc.c.obj
 .debug_frame   0x00001df4      0x2ac CMakeFiles/Inverter_1.0.dir/Drivers/STM32G4xx_HAL_Driver/Src/stm32g4xx_hal_rcc_ex.c.obj
 .debug_frame   0x000020a0      0x14c CMakeFiles/Inverter_1.0.dir/Drivers/STM32G4xx_HAL_Driver/Src/stm32g4xx_hal_gpio.c.obj
 .debug_frame   0x000021ec      0x24c CMakeFiles/Inverter_1.0.dir/Drivers/STM32G4xx_HAL_Driver/Src/stm32g4xx_hal_dma.c.obj
 .debug_frame   0x00002438      0x4fc CMakeFiles/Inverter_1.0.dir/Drivers/STM32G4xx_HAL_Driver/Src/stm32g4xx_hal_pwr_ex.c.obj
 .debug_frame   0x00002934      0x4e8 CMakeFiles/Inverter_1.0.dir/Drivers/STM32G4xx_HAL_Driver/Src/stm32g4xx_hal_cortex.c.obj
 .debug_frame   0x00002e1c     0x164c CMakeFiles/Inverter_1.0.dir/Drivers/STM32G4xx_HAL_Driver/Src/stm32g4xx_hal_hrtim.c.obj
 .debug_frame   0x00004468       0x58 CMakeFiles/Inverter_1.0.dir/Core/Src/system_stm32g4xx.c.obj

.debug_rnglists
                0x00000000      0xc68
 .debug_rnglists
                0x00000000       0x20 CMakeFiles/Inverter_1.0.dir/Core/Src/main.c.obj
 .debug_rnglists
                0x00000020       0x13 CMakeFiles/Inverter_1.0.dir/Core/Src/gpio.c.obj
 .debug_rnglists
                0x00000033       0x29 CMakeFiles/Inverter_1.0.dir/Core/Src/adc.c.obj
 .debug_rnglists
                0x0000005c       0x13 CMakeFiles/Inverter_1.0.dir/Core/Src/dma.c.obj
 .debug_rnglists
                0x0000006f       0x26 CMakeFiles/Inverter_1.0.dir/Core/Src/hrtim.c.obj
 .debug_rnglists
                0x00000095       0x49 CMakeFiles/Inverter_1.0.dir/Core/Src/stm32g4xx_it.c.obj
 .debug_rnglists
                0x000000de       0x13 CMakeFiles/Inverter_1.0.dir/Core/Src/stm32g4xx_hal_msp.c.obj
 .debug_rnglists
                0x000000f1      0x1c0 CMakeFiles/Inverter_1.0.dir/Drivers/STM32G4xx_HAL_Driver/Src/stm32g4xx_hal_adc.c.obj
 .debug_rnglists
                0x000002b1      0x15a CMakeFiles/Inverter_1.0.dir/Drivers/STM32G4xx_HAL_Driver/Src/stm32g4xx_hal_adc_ex.c.obj
 .debug_rnglists
                0x0000040b       0xf1 CMakeFiles/Inverter_1.0.dir/Drivers/STM32G4xx_HAL_Driver/Src/stm32g4xx_hal.c.obj
 .debug_rnglists
                0x000004fc       0x74 CMakeFiles/Inverter_1.0.dir/Drivers/STM32G4xx_HAL_Driver/Src/stm32g4xx_hal_rcc.c.obj
 .debug_rnglists
                0x00000570       0x87 CMakeFiles/Inverter_1.0.dir/Drivers/STM32G4xx_HAL_Driver/Src/stm32g4xx_hal_rcc_ex.c.obj
 .debug_rnglists
                0x000005f7       0x3f CMakeFiles/Inverter_1.0.dir/Drivers/STM32G4xx_HAL_Driver/Src/stm32g4xx_hal_gpio.c.obj
 .debug_rnglists
                0x00000636       0x71 CMakeFiles/Inverter_1.0.dir/Drivers/STM32G4xx_HAL_Driver/Src/stm32g4xx_hal_dma.c.obj
 .debug_rnglists
                0x000006a7       0xf1 CMakeFiles/Inverter_1.0.dir/Drivers/STM32G4xx_HAL_Driver/Src/stm32g4xx_hal_pwr_ex.c.obj
 .debug_rnglists
                0x00000798       0xda CMakeFiles/Inverter_1.0.dir/Drivers/STM32G4xx_HAL_Driver/Src/stm32g4xx_hal_cortex.c.obj
 .debug_rnglists
                0x00000872      0x3c3 CMakeFiles/Inverter_1.0.dir/Drivers/STM32G4xx_HAL_Driver/Src/stm32g4xx_hal_hrtim.c.obj
 .debug_rnglists
                0x00000c35       0x1a CMakeFiles/Inverter_1.0.dir/Core/Src/system_stm32g4xx.c.obj
 .debug_rnglists
                0x00000c4f       0x19 CMakeFiles/Inverter_1.0.dir/startup_stm32g474xx.s.obj

.debug_macro    0x00000000     0x22b5
 .debug_macro   0x00000000      0x213 CMakeFiles/Inverter_1.0.dir/Core/Src/main.c.obj
 .debug_macro   0x00000213      0x1e7 CMakeFiles/Inverter_1.0.dir/Core/Src/gpio.c.obj
 .debug_macro   0x000003fa      0x1e7 CMakeFiles/Inverter_1.0.dir/Core/Src/adc.c.obj
 .debug_macro   0x000005e1      0x1e7 CMakeFiles/Inverter_1.0.dir/Core/Src/dma.c.obj
 .debug_macro   0x000007c8      0x1e7 CMakeFiles/Inverter_1.0.dir/Core/Src/hrtim.c.obj
 .debug_macro   0x000009af      0x1e7 CMakeFiles/Inverter_1.0.dir/Core/Src/stm32g4xx_it.c.obj
 .debug_macro   0x00000b96      0x1dd CMakeFiles/Inverter_1.0.dir/Core/Src/stm32g4xx_hal_msp.c.obj
 .debug_macro   0x00000d73      0x1f0 CMakeFiles/Inverter_1.0.dir/Drivers/STM32G4xx_HAL_Driver/Src/stm32g4xx_hal_adc.c.obj
 .debug_macro   0x00000f63      0x1df CMakeFiles/Inverter_1.0.dir/Drivers/STM32G4xx_HAL_Driver/Src/stm32g4xx_hal_adc_ex.c.obj
 .debug_macro   0x00001142      0x221 CMakeFiles/Inverter_1.0.dir/Drivers/STM32G4xx_HAL_Driver/Src/stm32g4xx_hal.c.obj
 .debug_macro   0x00001363      0x215 CMakeFiles/Inverter_1.0.dir/Drivers/STM32G4xx_HAL_Driver/Src/stm32g4xx_hal_rcc.c.obj
 .debug_macro   0x00001578      0x1fd CMakeFiles/Inverter_1.0.dir/Drivers/STM32G4xx_HAL_Driver/Src/stm32g4xx_hal_rcc_ex.c.obj
 .debug_macro   0x00001775      0x1da CMakeFiles/Inverter_1.0.dir/Drivers/STM32G4xx_HAL_Driver/Src/stm32g4xx_hal_gpio.c.obj
 .debug_macro   0x0000194f      0x1d3 CMakeFiles/Inverter_1.0.dir/Drivers/STM32G4xx_HAL_Driver/Src/stm32g4xx_hal_dma.c.obj
 .debug_macro   0x00001b22      0x1fd CMakeFiles/Inverter_1.0.dir/Drivers/STM32G4xx_HAL_Driver/Src/stm32g4xx_hal_pwr_ex.c.obj
 .debug_macro   0x00001d1f      0x1d3 CMakeFiles/Inverter_1.0.dir/Drivers/STM32G4xx_HAL_Driver/Src/stm32g4xx_hal_cortex.c.obj
 .debug_macro   0x00001ef2      0x1f0 CMakeFiles/Inverter_1.0.dir/Drivers/STM32G4xx_HAL_Driver/Src/stm32g4xx_hal_hrtim.c.obj
 .debug_macro   0x000020e2      0x1d3 CMakeFiles/Inverter_1.0.dir/Core/Src/system_stm32g4xx.c.obj

.debug_line_str
                0x00000000       0xa2
 .debug_line_str
                0x00000000       0xa2 CMakeFiles/Inverter_1.0.dir/startup_stm32g474xx.s.obj
